Component: ARM Compiler 5.06 update 7 (build 960) Tool: armlink [4d3601]

==============================================================================

Section Cross References

    startup_stm32f10x_hd.o(RESET) refers to startup_stm32f10x_hd.o(STACK) for __initial_sp
    startup_stm32f10x_hd.o(RESET) refers to startup_stm32f10x_hd.o(.text) for Reset_Handler
    startup_stm32f10x_hd.o(RESET) refers to stm32f10x_it.o(i.NMI_Handler) for NMI_Handler
    startup_stm32f10x_hd.o(RESET) refers to stm32f10x_it.o(i.HardFault_Handler) for HardFault_Handler
    startup_stm32f10x_hd.o(RESET) refers to stm32f10x_it.o(i.MemManage_Handler) for MemManage_Handler
    startup_stm32f10x_hd.o(RESET) refers to stm32f10x_it.o(i.BusFault_Handler) for BusFault_Handler
    startup_stm32f10x_hd.o(RESET) refers to stm32f10x_it.o(i.UsageFault_Handler) for UsageFault_Handler
    startup_stm32f10x_hd.o(RESET) refers to port.o(.emb_text) for SVC_Handler
    startup_stm32f10x_hd.o(RESET) refers to stm32f10x_it.o(i.DebugMon_Handler) for DebugMon_Handler
    startup_stm32f10x_hd.o(RESET) refers to stm32f10x_it.o(i.SysTick_Handler) for SysTick_Handler
    startup_stm32f10x_hd.o(RESET) refers to can.o(i.USB_LP_CAN1_RX0_IRQHandler) for USB_LP_CAN1_RX0_IRQHandler
    startup_stm32f10x_hd.o(.text) refers to system_stm32f10x.o(i.SystemInit) for SystemInit
    startup_stm32f10x_hd.o(.text) refers to entry.o(.ARM.Collect$$$$00000000) for __main
    system_stm32f10x.o(i.SetSysClock) refers to system_stm32f10x.o(i.SetSysClockTo72) for SetSysClockTo72
    system_stm32f10x.o(i.SystemCoreClockUpdate) refers to system_stm32f10x.o(.data) for SystemCoreClock
    system_stm32f10x.o(i.SystemInit) refers to system_stm32f10x.o(i.SetSysClock) for SetSysClock
    stm32f10x_adc.o(i.ADC_DeInit) refers to stm32f10x_rcc.o(i.RCC_APB2PeriphResetCmd) for RCC_APB2PeriphResetCmd
    stm32f10x_bkp.o(i.BKP_DeInit) refers to stm32f10x_rcc.o(i.RCC_BackupResetCmd) for RCC_BackupResetCmd
    stm32f10x_can.o(i.CAN_DeInit) refers to stm32f10x_rcc.o(i.RCC_APB1PeriphResetCmd) for RCC_APB1PeriphResetCmd
    stm32f10x_can.o(i.CAN_GetITStatus) refers to stm32f10x_can.o(i.CheckITStatus) for CheckITStatus
    stm32f10x_cec.o(i.CEC_DeInit) refers to stm32f10x_rcc.o(i.RCC_APB1PeriphResetCmd) for RCC_APB1PeriphResetCmd
    stm32f10x_dac.o(i.DAC_DeInit) refers to stm32f10x_rcc.o(i.RCC_APB1PeriphResetCmd) for RCC_APB1PeriphResetCmd
    stm32f10x_flash.o(i.FLASH_EnableWriteProtection) refers to stm32f10x_flash.o(i.FLASH_WaitForLastOperation) for FLASH_WaitForLastOperation
    stm32f10x_flash.o(i.FLASH_EraseAllBank1Pages) refers to stm32f10x_flash.o(i.FLASH_WaitForLastBank1Operation) for FLASH_WaitForLastBank1Operation
    stm32f10x_flash.o(i.FLASH_EraseAllPages) refers to stm32f10x_flash.o(i.FLASH_WaitForLastOperation) for FLASH_WaitForLastOperation
    stm32f10x_flash.o(i.FLASH_EraseOptionBytes) refers to stm32f10x_flash.o(i.FLASH_GetReadOutProtectionStatus) for FLASH_GetReadOutProtectionStatus
    stm32f10x_flash.o(i.FLASH_EraseOptionBytes) refers to stm32f10x_flash.o(i.FLASH_WaitForLastOperation) for FLASH_WaitForLastOperation
    stm32f10x_flash.o(i.FLASH_ErasePage) refers to stm32f10x_flash.o(i.FLASH_WaitForLastOperation) for FLASH_WaitForLastOperation
    stm32f10x_flash.o(i.FLASH_ProgramHalfWord) refers to stm32f10x_flash.o(i.FLASH_WaitForLastOperation) for FLASH_WaitForLastOperation
    stm32f10x_flash.o(i.FLASH_ProgramOptionByteData) refers to stm32f10x_flash.o(i.FLASH_WaitForLastOperation) for FLASH_WaitForLastOperation
    stm32f10x_flash.o(i.FLASH_ProgramWord) refers to stm32f10x_flash.o(i.FLASH_WaitForLastOperation) for FLASH_WaitForLastOperation
    stm32f10x_flash.o(i.FLASH_ReadOutProtection) refers to stm32f10x_flash.o(i.FLASH_WaitForLastOperation) for FLASH_WaitForLastOperation
    stm32f10x_flash.o(i.FLASH_UserOptionByteConfig) refers to stm32f10x_flash.o(i.FLASH_WaitForLastOperation) for FLASH_WaitForLastOperation
    stm32f10x_flash.o(i.FLASH_WaitForLastBank1Operation) refers to stm32f10x_flash.o(i.FLASH_GetBank1Status) for FLASH_GetBank1Status
    stm32f10x_flash.o(i.FLASH_WaitForLastOperation) refers to stm32f10x_flash.o(i.FLASH_GetBank1Status) for FLASH_GetBank1Status
    stm32f10x_gpio.o(i.GPIO_AFIODeInit) refers to stm32f10x_rcc.o(i.RCC_APB2PeriphResetCmd) for RCC_APB2PeriphResetCmd
    stm32f10x_gpio.o(i.GPIO_DeInit) refers to stm32f10x_rcc.o(i.RCC_APB2PeriphResetCmd) for RCC_APB2PeriphResetCmd
    stm32f10x_i2c.o(i.I2C_DeInit) refers to stm32f10x_rcc.o(i.RCC_APB1PeriphResetCmd) for RCC_APB1PeriphResetCmd
    stm32f10x_i2c.o(i.I2C_Init) refers to stm32f10x_rcc.o(i.RCC_GetClocksFreq) for RCC_GetClocksFreq
    stm32f10x_pwr.o(i.PWR_DeInit) refers to stm32f10x_rcc.o(i.RCC_APB1PeriphResetCmd) for RCC_APB1PeriphResetCmd
    stm32f10x_rcc.o(i.RCC_GetClocksFreq) refers to stm32f10x_rcc.o(.data) for APBAHBPrescTable
    stm32f10x_rcc.o(i.RCC_WaitForHSEStartUp) refers to stm32f10x_rcc.o(i.RCC_GetFlagStatus) for RCC_GetFlagStatus
[...]
    .ARM.Collect$$$$0000000E                 0x08000140   Section        4  entry12b.o(.ARM.Collect$$$$0000000E)
    .ARM.Collect$$$$0000000F                 0x08000144   Section        0  entry10a.o(.ARM.Collect$$$$0000000F)
    .ARM.Collect$$$$00000011                 0x08000144   Section        0  entry11a.o(.ARM.Collect$$$$00000011)
    .ARM.Collect$$$$00002712                 0x08000144   Section        4  entry2.o(.ARM.Collect$$$$00002712)
    __lit__00000000                          0x08000144   Data           4  entry2.o(.ARM.Collect$$$$00002712)
    .emb_text                                0x08000148   Section      150  port.o(.emb_text)
    .text                                    0x080001e0   Section       36  startup_stm32f10x_hd.o(.text)
    .text                                    0x08000204   Section        0  memcpya.o(.text)
    .text                                    0x08000228   Section        0  memseta.o(.text)
    .text                                    0x0800024c   Section        0  dadd.o(.text)
    .text                                    0x0800039a   Section        0  dmul.o(.text)
    .text                                    0x0800047e   Section        0  ddiv.o(.text)
    .text                                    0x0800055c   Section        0  fflti.o(.text)
    .text                                    0x0800056e   Section        0  ffltui.o(.text)
    .text                                    0x08000578   Section        0  dflti.o(.text)
    .text                                    0x0800059a   Section        0  dfltui.o(.text)
    .text                                    0x080005b4   Section        0  dfixi.o(.text)
    .text                                    0x080005f2   Section        0  dfixui.o(.text)
    .text                                    0x08000624   Section        0  f2d.o(.text)
    .text                                    0x0800064c   Section       48  cdcmple.o(.text)
    .text                                    0x0800067c   Section       48  cdrcmple.o(.text)
    .text                                    0x080006ac   Section        0  d2f.o(.text)
    .text                                    0x080006e4   Section       20  cfrcmple.o(.text)
    .text                                    0x080006f8   Section        0  uidiv.o(.text)
    .text                                    0x08000724   Section        0  llshl.o(.text)
    .text                                    0x08000742   Section        0  llushr.o(.text)
    .text                                    0x08000762   Section        0  llsshr.o(.text)
    .text                                    0x08000786   Section        0  iusefp.o(.text)
    .text                                    0x08000786   Section        0  fepilogue.o(.text)
    .text                                    0x080007f4   Section        0  depilogue.o(.text)
    .text                                    0x080008b0   Section       36  init.o(.text)
    .text                                    0x080008d4   Section        0  __dczerorl2.o(.text)
    i.ADC_Cmd                                0x0800092a   Section        0  stm32f10x_adc.o(i.ADC_Cmd)
    i.ADC_DeInit                             0x08000940   Section        0  stm32f10x_adc.o(i.ADC_DeInit)
    i.ADC_GetCalibrationStatus               0x0800099c   Section        0  stm32f10x_adc.o(i.ADC_GetCalibrationStatus)
    i.ADC_GetConversionValue                 0x080009b0   Section        0  stm32f10x_adc.o(i.ADC_GetConversionValue)
    i.ADC_GetFlagStatus                      0x080009b8   Section        0  stm32f10x_adc.o(i.ADC_GetFlagStatus)
    i.ADC_GetResetCalibrationStatus          0x080009ca   Section        0  stm32f10x_adc.o(i.ADC_GetResetCalibrationStatus)
    i.ADC_Get_Throttle_Signal                0x080009e0   Section        0  main.o(i.ADC_Get_Throttle_Signal)
    ADC_Get_Throttle_Signal                  0x080009e1   Thumb Code   170  main.o(i.ADC_Get_Throttle_Signal)
    i.ADC_Init                               0x08000ab4   Section        0  stm32f10x_adc.o(i.ADC_Init)
    i.ADC_RegularChannelConfig               0x08000b04   Section        0  stm32f10x_adc.o(i.ADC_RegularChannelConfig)
    i.ADC_ResetCalibration                   0x08000bbc   Section        0  stm32f10x_adc.o(i.ADC_ResetCalibration)
    i.ADC_SingleMode_GetAverageValue         0x08000bc6   Section        0  adc.o(i.ADC_SingleMode_GetAverageValue)
    i.ADC_SoftwareStartConvCmd               0x08000c40   Section        0  stm32f10x_adc.o(i.ADC_SoftwareStartConvCmd)
    i.ADC_StartCalibration                   0x08000c56   Section        0  stm32f10x_adc.o(i.ADC_StartCalibration)
    i.Adc1_Init                              0x08000c60   Section        0  adc.o(i.Adc1_Init)
    i.Adc2_Init                              0x08000cec   Section        0  adc.o(i.Adc2_Init)
    i.AppTaskCreate                          0x08000d78   Section        0  main.o(i.AppTaskCreate)
    AppTaskCreate                            0x08000d79   Thumb Code   392  main.o(i.AppTaskCreate)
    i.BSP_Init                               0x08001214   Section        0  main.o(i.BSP_Init)
    BSP_Init                                 0x08001215   Thumb Code    38  main.o(i.BSP_Init)
    i.BusFault_Handler                       0x0800123a   Section        0  stm32f10x_it.o(i.BusFault_Handler)
    i.CAN_ClearITPendingBit                  0x08001240   Section        0  stm32f10x_can.o(i.CAN_ClearITPendingBit)
    i.CAN_Config                             0x080012e8   Section        0  can.o(i.CAN_Config)
    i.CAN_DeInit                             0x080012fc   Section        0  stm32f10x_can.o(i.CAN_DeInit)
    i.CAN_FilterInit                         0x08001334   Section        0  stm32f10x_can.o(i.CAN_FilterInit)
    i.CAN_Filter_Config                      0x0800143c   Section        0  can.o(i.CAN_Filter_Config)
    CAN_Filter_Config                        0x0800143d   Thumb Code    64  can.o(i.CAN_Filter_Config)
    i.CAN_GPIO_Config                        0x08001480   Section        0  can.o(i.CAN_GPIO_Config)
    CAN_GPIO_Config                          0x08001481   Thumb Code    62  can.o(i.CAN_GPIO_Config)
    i.CAN_GetITStatus                        0x080014c4   Section        0  stm32f10x_can.o(i.CAN_GetITStatus)
    i.CAN_ITConfig                           0x080015e4   Section        0  stm32f10x_can.o(i.CAN_ITConfig)
    i.CAN_Init                               0x080015f6   Section        0  stm32f10x_can.o(i.CAN_Init)
    i.CAN_Mode_Config                        0x0800170c   Section        0  can.o(i.CAN_Mode_Config)
    CAN_Mode_Config                          0x0800170d   Thumb Code    84  can.o(i.CAN_Mode_Config)
    i.CAN_NVIC_Config                        0x08001764   Section        0  can.o(i.CAN_NVIC_Config)
    CAN_NVIC_Config                          0x08001765   Thumb Code    32  can.o(i.CAN_NVIC_Config)
    i.CAN_RX_HANDLE                          0x08001784   Section        0  main.o(i.CAN_RX_HANDLE)
    CAN_RX_HANDLE                            0x08001785   Thumb Code   368  main.o(i.CAN_RX_HANDLE)
    i.CAN_Receive                            0x0800192c   Section        0  stm32f10x_can.o(i.CAN_Receive)
    i.CAN_StructInit                         0x08001a1c   Section        0  stm32f10x_can.o(i.CAN_StructInit)
    i.CAN_Transmit                           0x08001a3c   Section        0  stm32f10x_can.o(i.CAN_Transmit)
    i.CAN_TransmitStatus                     0x08001b64   Section        0  stm32f10x_can.o(i.CAN_TransmitStatus)
    i.Can_Send_Msg                           0x08001c04   Section        0  can.o(i.Can_Send_Msg)
    i.CheckITStatus                          0x08001c78   Section        0  stm32f10x_can.o(i.CheckITStatus)
    CheckITStatus                            0x08001c79   Thumb Code    18  stm32f10x_can.o(i.CheckITStatus)
    i.DebugMon_Handler                       0x08001c8a   Section        0  stm32f10x_it.o(i.DebugMon_Handler)
    i.Delay_Init                             0x08001c8c   Section        0  bsp_delay.o(i.Delay_Init)
    i.GPIO_Init                              0x08001cd0   Section        0  stm32f10x_gpio.o(i.GPIO_Init)
    i.HardFault_Handler                      0x08001de8   Section        0  stm32f10x_it.o(i.HardFault_Handler)
    i.LINEAR_SPEED_DEAL                      0x08001e08   Section        0  main.o(i.LINEAR_SPEED_DEAL)
    LINEAR_SPEED_DEAL                        0x08001e09   Thumb Code   524  main.o(i.LINEAR_SPEED_DEAL)
    i.MCU_STATUS1_ParseData                  0x08002044   Section        0  hgw_protocol.o(i.MCU_STATUS1_ParseData)
    i.MCU_STATUS1_Show                       0x080020ec   Section        0  main.o(i.MCU_STATUS1_Show)
    MCU_STATUS1_Show                         0x080020ed   Thumb Code    88  main.o(i.MCU_STATUS1_Show)
    i.MCU_STATUS2_ParseData                  0x08002164   Section        0  hgw_protocol.o(i.MCU_STATUS2_ParseData)
    i.MCU_STATUS2_Show                       0x080021ac   Section        0  main.o(i.MCU_STATUS2_Show)
    MCU_STATUS2_Show                         0x080021ad   Thumb Code    90  main.o(i.MCU_STATUS2_Show)
    i.MCU_STATUS3_ParseData                  0x08002228   Section        0  hgw_protocol.o(i.MCU_STATUS3_ParseData)
    i.MCU_STATUS3_Show                       0x080022c0   Section        0  main.o(i.MCU_STATUS3_Show)
    MCU_STATUS3_Show                         0x080022c1   Thumb Code    90  main.o(i.MCU_STATUS3_Show)
    i.MCU_STATUS4_ParseData                  0x0800233c   Section        0  hgw_protocol.o(i.MCU_STATUS4_ParseData)
    i.MCU_STATUS4_Show                       0x080024f0   Section        0  main.o(i.MCU_STATUS4_Show)
    MCU_STATUS4_Show                         0x080024f1   Thumb Code    88  main.o(i.MCU_STATUS4_Show)
    i.MemManage_Handler                      0x08002568   Section        0  stm32f10x_it.o(i.MemManage_Handler)
    i.NMI_Handler                            0x0800256c   Section        0  stm32f10x_it.o(i.NMI_Handler)
    i.NVIC_Init                              0x08002570   Section        0  misc.o(i.NVIC_Init)
    i.NVIC_PriorityGroupConfig               0x080025e0   Section        0  misc.o(i.NVIC_PriorityGroupConfig)
    i.RCC_ADCCLKConfig                       0x080025f4   Section        0  stm32f10x_rcc.o(i.RCC_ADCCLKConfig)
    i.RCC_APB1PeriphClockCmd                 0x0800260c   Section        0  stm32f10x_rcc.o(i.RCC_APB1PeriphClockCmd)
    i.RCC_APB1PeriphResetCmd                 0x0800262c   Section        0  stm32f10x_rcc.o(i.RCC_APB1PeriphResetCmd)
    i.RCC_APB2PeriphClockCmd                 0x0800264c   Section        0  stm32f10x_rcc.o(i.RCC_APB2PeriphClockCmd)
    i.RCC_APB2PeriphResetCmd                 0x0800266c   Section        0  stm32f10x_rcc.o(i.RCC_APB2PeriphResetCmd)
    i.RCC_GetClocksFreq                      0x0800268c   Section        0  stm32f10x_rcc.o(i.RCC_GetClocksFreq)
    i.SetSysClock                            0x08002760   Section        0  system_stm32f10x.o(i.SetSysClock)
    SetSysClock                              0x08002761   Thumb Code     8  system_stm32f10x.o(i.SetSysClock)
    i.SetSysClockTo72                        0x08002768   Section        0  system_stm32f10x.o(i.SetSysClockTo72)
    SetSysClockTo72                          0x08002769   Thumb Code   214  system_stm32f10x.o(i.SetSysClockTo72)
    i.SysTick_CLKSourceConfig                0x08002848   Section        0  misc.o(i.SysTick_CLKSourceConfig)
    i.SysTick_Handler                        0x08002870   Section        0  stm32f10x_it.o(i.SysTick_Handler)
    i.SystemInit                             0x08002880   Section        0  system_stm32f10x.o(i.SystemInit)
    i.USART_Cmd                              0x080028e0   Section        0  stm32f10x_usart.o(i.USART_Cmd)
    i.USART_Init                             0x080028f8   Section        0  stm32f10x_usart.o(i.USART_Init)
    i.USB_LP_CAN1_RX0_IRQHandler             0x080029d0   Section        0  can.o(i.USB_LP_CAN1_RX0_IRQHandler)
    i.UsageFault_Handler                     0x08002a4c   Section        0  stm32f10x_it.o(i.UsageFault_Handler)
    i.VCU_Brake_Task                         0x08002a50   Section        0  main.o(i.VCU_Brake_Task)
    VCU_Brake_Task                           0x08002a51   Thumb Code   416  main.o(i.VCU_Brake_Task)
    i.VCU_COMMAD_ParaCheck                   0x08002c30   Section        0  hgw_protocol.o(i.VCU_COMMAD_ParaCheck)
    i.VCU_COMMAND_Send                       0x08002ca4   Section        0  main.o(i.VCU_COMMAND_Send)
    VCU_COMMAND_Send                         0x08002ca5   Thumb Code    72  main.o(i.VCU_COMMAND_Send)
    i.VCU_COMMAND_SendData_Process           0x08002d10   Section        0  hgw_protocol.o(i.VCU_COMMAND_SendData_Process)
    i.__0printf$3                            0x08002dcc   Section        0  printf3.o(i.__0printf$3)
    i.__scatterload_copy                     0x08002dec   Section       14  handlers.o(i.__scatterload_copy)
    i.__scatterload_null                     0x08002dfa   Section        2  handlers.o(i.__scatterload_null)
    i.__scatterload_zeroinit                 0x08002dfc   Section       14  handlers.o(i.__scatterload_zeroinit)
    i._printf_core                           0x08002e0c   Section        0  printf3.o(i._printf_core)
    _printf_core                             0x08002e0d   Thumb Code   436  printf3.o(i._printf_core)
    i.fputc                                  0x08002fc4   Section        0  usart.o(i.fputc)
    i.main                                   0x08002fe0   Section        0  main.o(i.main)
    i.prvAddCurrentTaskToDelayedList         0x0800306c   Section        0  tasks.o(i.prvAddCurrentTaskToDelayedList)
    prvAddCurrentTaskToDelayedList           0x0800306d   Thumb Code   124  tasks.o(i.prvAddCurrentTaskToDelayedList)
    i.prvAddNewTaskToReadyList               0x08003104   Section        0  tasks.o(i.prvAddNewTaskToReadyList)
    prvAddNewTaskToReadyList                 0x08003105   Thumb Code   156  tasks.o(i.prvAddNewTaskToReadyList)
    i.prvCheckForValidListAndQueue           0x080031bc   Section        0  timers.o(i.prvCheckForValidListAndQueue)
    prvCheckForValidListAndQueue             0x080031bd   Thumb Code    78  timers.o(i.prvCheckForValidListAndQueue)
    i.prvCheckTasksWaitingTermination        0x08003230   Section        0  tasks.o(i.prvCheckTasksWaitingTermination)
    prvCheckTasksWaitingTermination          0x08003231   Thumb Code    86  tasks.o(i.prvCheckTasksWaitingTermination)
    i.prvCopyDataFromQueue                   0x08003294   Section        0  queue.o(i.prvCopyDataFromQueue)
    prvCopyDataFromQueue                     0x08003295   Thumb Code    42  queue.o(i.prvCopyDataFromQueue)
    i.prvCopyDataToQueue                     0x080032be   Section        0  queue.o(i.prvCopyDataToQueue)
    prvCopyDataToQueue                       0x080032bf   Thumb Code   124  queue.o(i.prvCopyDataToQueue)
    i.prvDeleteTCB                           0x0800333a   Section        0  tasks.o(i.prvDeleteTCB)
    prvDeleteTCB                             0x0800333b   Thumb Code    40  tasks.o(i.prvDeleteTCB)
    i.prvGetNextExpireTime                   0x08003364   Section        0  timers.o(i.prvGetNextExpireTime)
    prvGetNextExpireTime                     0x08003365   Thumb Code    36  timers.o(i.prvGetNextExpireTime)
    i.prvHeapInit                            0x0800338c   Section        0  heap_4.o(i.prvHeapInit)
    prvHeapInit                              0x0800338d   Thumb Code    98  heap_4.o(i.prvHeapInit)
    i.prvIdleTask                            0x08003408   Section        0  tasks.o(i.prvIdleTask)
    prvIdleTask                              0x08003409   Thumb Code    32  tasks.o(i.prvIdleTask)
    i.prvInitialiseNewQueue                  0x08003430   Section        0  queue.o(i.prvInitialiseNewQueue)
    prvInitialiseNewQueue                    0x08003431   Thumb Code    46  queue.o(i.prvInitialiseNewQueue)
    i.prvInitialiseNewTask                   0x0800345e   Section        0  tasks.o(i.prvInitialiseNewTask)
    prvInitialiseNewTask                     0x0800345f   Thumb Code   144  tasks.o(i.prvInitialiseNewTask)
    i.prvInitialiseTaskLists                 0x080034f0   Section        0  tasks.o(i.prvInitialiseTaskLists)
    prvInitialiseTaskLists                   0x080034f1   Thumb Code    70  tasks.o(i.prvInitialiseTaskLists)
    i.prvInsertBlockIntoFreeList             0x08003558   Section        0  heap_4.o(i.prvInsertBlockIntoFreeList)
    prvInsertBlockIntoFreeList               0x08003559   Thumb Code    96  heap_4.o(i.prvInsertBlockIntoFreeList)
    i.prvInsertTimerInActiveList             0x080035c0   Section        0  timers.o(i.prvInsertTimerInActiveList)
    prvInsertTimerInActiveList               0x080035c1   Thumb Code    80  timers.o(i.prvInsertTimerInActiveList)
    i.prvIsQueueEmpty                        0x08003618   Section        0  queue.o(i.prvIsQueueEmpty)
    prvIsQueueEmpty                          0x08003619   Thumb Code    26  queue.o(i.prvIsQueueEmpty)
    i.prvIsQueueFull                         0x08003632   Section        0  queue.o(i.prvIsQueueFull)
    prvIsQueueFull                           0x08003633   Thumb Code    30  queue.o(i.prvIsQueueFull)
    i.prvNotifyQueueSetContainer             0x08003650   Section        0  queue.o(i.prvNotifyQueueSetContainer)
    prvNotifyQueueSetContainer               0x08003651   Thumb Code    82  queue.o(i.prvNotifyQueueSetContainer)
    i.prvProcessExpiredTimer                 0x080036a4   Section        0  timers.o(i.prvProcessExpiredTimer)
    prvProcessExpiredTimer                   0x080036a5   Thumb Code    70  timers.o(i.prvProcessExpiredTimer)
    i.prvProcessReceivedCommands             0x080036f0   Section        0  timers.o(i.prvProcessReceivedCommands)
    prvProcessReceivedCommands               0x080036f1   Thumb Code   208  timers.o(i.prvProcessReceivedCommands)
    i.prvProcessTimerOrBlockTask             0x080037c4   Section        0  timers.o(i.prvProcessTimerOrBlockTask)
    prvProcessTimerOrBlockTask               0x080037c5   Thumb Code   102  timers.o(i.prvProcessTimerOrBlockTask)
    i.prvResetNextTaskUnblockTime            0x08003838   Section        0  tasks.o(i.prvResetNextTaskUnblockTime)
    prvResetNextTaskUnblockTime              0x08003839   Thumb Code    42  tasks.o(i.prvResetNextTaskUnblockTime)
    i.prvSampleTimeNow                       0x0800386c   Section        0  timers.o(i.prvSampleTimeNow)
    prvSampleTimeNow                         0x0800386d   Thumb Code    40  timers.o(i.prvSampleTimeNow)
    i.prvSwitchTimerLists                    0x08003898   Section        0  timers.o(i.prvSwitchTimerLists)
    prvSwitchTimerLists                      0x08003899   Thumb Code   122  timers.o(i.prvSwitchTimerLists)
    i.prvTaskExitError                       0x0800391c   Section        0  port.o(i.prvTaskExitError)
    prvTaskExitError                         0x0800391d   Thumb Code    22  port.o(i.prvTaskExitError)
    i.prvTestWaitCondition                   0x08003932   Section        0  event_groups.o(i.prvTestWaitCondition)
    prvTestWaitCondition                     0x08003933   Thumb Code    30  event_groups.o(i.prvTestWaitCondition)
    i.prvTimerTask                           0x08003950   Section        0  timers.o(i.prvTimerTask)
    prvTimerTask                             0x08003951   Thumb Code    26  timers.o(i.prvTimerTask)
    i.prvUnlockQueue                         0x0800396a   Section        0  queue.o(i.prvUnlockQueue)
    prvUnlockQueue                           0x0800396b   Thumb Code   146  queue.o(i.prvUnlockQueue)
    i.pvPortMalloc                           0x080039fc   Section        0  heap_4.o(i.pvPortMalloc)
    i.pvTaskIncrementMutexHeldCount          0x08003acc   Section        0  tasks.o(i.pvTaskIncrementMutexHeldCount)
    i.pxPortInitialiseStack                  0x08003aec   Section        0  port.o(i.pxPortInitialiseStack)
    i.uart_init                              0x08003b10   Section        0  usart.o(i.uart_init)
    i.uxListRemove                           0x08003ba4   Section        0  list.o(i.uxListRemove)
    i.uxTaskResetEventItemValue              0x08003bcc   Section        0  tasks.o(i.uxTaskResetEventItemValue)
    i.vApplicationGetIdleTaskMemory          0x08003be8   Section        0  main.o(i.vApplicationGetIdleTaskMemory)
    i.vApplicationGetTimerTaskMemory         0x08003c00   Section        0  main.o(i.vApplicationGetTimerTaskMemory)
    i.vListInitialise                        0x08003c18   Section        0  list.o(i.vListInitialise)
    i.vListInitialiseItem                    0x08003c32   Section        0  list.o(i.vListInitialiseItem)
    i.vListInsert                            0x08003c38   Section        0  list.o(i.vListInsert)
    i.vListInsertEnd                         0x08003c6c   Section        0  list.o(i.vListInsertEnd)
    i.vPortEnterCritical                     0x08003c84   Section        0  port.o(i.vPortEnterCritical)
    i.vPortExitCritical                      0x08003ca8   Section        0  port.o(i.vPortExitCritical)
    i.vPortFree                              0x08003cc8   Section        0  heap_4.o(i.vPortFree)
    i.vPortSetupTimerInterrupt               0x08003d10   Section        0  port.o(i.vPortSetupTimerInterrupt)
    i.vQueueAddToRegistry                    0x08003d24   Section        0  queue.o(i.vQueueAddToRegistry)
    i.vQueueWaitForMessageRestricted         0x08003d50   Section        0  queue.o(i.vQueueWaitForMessageRestricted)
    i.vTaskDelay                             0x08003d9c   Section        0  tasks.o(i.vTaskDelay)
    i.vTaskDelete                            0x08003dd0   Section        0  tasks.o(i.vTaskDelete)
    i.vTaskMissedYield                       0x08003e9c   Section        0  tasks.o(i.vTaskMissedYield)
    i.vTaskPlaceOnEventList                  0x08003ea8   Section        0  tasks.o(i.vTaskPlaceOnEventList)
    i.vTaskPlaceOnEventListRestricted        0x08003ec8   Section        0  tasks.o(i.vTaskPlaceOnEventListRestricted)
    i.vTaskPlaceOnUnorderedEventList         0x08003ef0   Section        0  tasks.o(i.vTaskPlaceOnUnorderedEventList)
    i.vTaskPriorityInherit                   0x08003f1c   Section        0  tasks.o(i.vTaskPriorityInherit)
    i.vTaskSetTimeOutState                   0x08003fcc   Section        0  tasks.o(i.vTaskSetTimeOutState)
    i.vTaskStartScheduler                    0x08003fe4   Section        0  tasks.o(i.vTaskStartScheduler)
    i.vTaskSuspendAll                        0x08004078   Section        0  tasks.o(i.vTaskSuspendAll)
    i.vTaskSwitchContext                     0x08004088   Section        0  tasks.o(i.vTaskSwitchContext)
    i.xEventGroupCreate                      0x080040e8   Section        0  event_groups.o(i.xEventGroupCreate)
    i.xEventGroupSetBits                     0x08004106   Section        0  event_groups.o(i.xEventGroupSetBits)
    i.xEventGroupWaitBits                    0x08004198   Section        0  event_groups.o(i.xEventGroupWaitBits)
    i.xPortStartScheduler                    0x08004260   Section        0  port.o(i.xPortStartScheduler)
    i.xPortSysTickHandler                    0x08004294   Section        0  port.o(i.xPortSysTickHandler)
    i.xQueueGenericCreate                    0x080042c8   Section        0  queue.o(i.xQueueGenericCreate)
    i.xQueueGenericCreateStatic              0x08004306   Section        0  queue.o(i.xQueueGenericCreateStatic)
    i.xQueueGenericReceive                   0x08004334   Section        0  queue.o(i.xQueueGenericReceive)
    i.xQueueGenericReset                     0x08004490   Section        0  queue.o(i.xQueueGenericReset)
    i.xQueueGenericSend                      0x08004510   Section        0  queue.o(i.xQueueGenericSend)
    i.xQueueGenericSendFromISR               0x08004648   Section        0  queue.o(i.xQueueGenericSendFromISR)
    i.xQueueGiveFromISR                      0x080046e4   Section        0  queue.o(i.xQueueGiveFromISR)
    i.xTaskCheckForTimeOut                   0x08004774   Section        0  tasks.o(i.xTaskCheckForTimeOut)
    i.xTaskCreate                            0x080047d0   Section        0  tasks.o(i.xTaskCreate)
    i.xTaskCreateStatic                      0x08004834   Section        0  tasks.o(i.xTaskCreateStatic)
    i.xTaskGetSchedulerState                 0x08004884   Section        0  tasks.o(i.xTaskGetSchedulerState)
    i.xTaskGetTickCount                      0x080048a4   Section        0  tasks.o(i.xTaskGetTickCount)
    i.xTaskIncrementTick                     0x080048b0   Section        0  tasks.o(i.xTaskIncrementTick)
    i.xTaskPriorityDisinherit                0x080049cc   Section        0  tasks.o(i.xTaskPriorityDisinherit)
    i.xTaskRemoveFromEventList               0x08004a50   Section        0  tasks.o(i.xTaskRemoveFromEventList)
    i.xTaskRemoveFromUnorderedEventList      0x08004ad0   Section        0  tasks.o(i.xTaskRemoveFromUnorderedEventList)
    i.xTaskResumeAll                         0x08004b40   Section        0  tasks.o(i.xTaskResumeAll)
    i.xTimerCreateTimerTask                  0x08004c28   Section        0  timers.o(i.xTimerCreateTimerTask)
    i.xTimerGenericCommand                   0x08004c88   Section        0  timers.o(i.xTimerGenericCommand)
    .data                                    0x20000000   Section       20  stm32f10x_rcc.o(.data)
    APBAHBPrescTable                         0x20000000   Data          16  stm32f10x_rcc.o(.data)
    ADCPrescTable                            0x20000010   Data           4  stm32f10x_rcc.o(.data)
    .data                                    0x20000014   Section      170  main.o(.data)
    AppTaskCreate_Handle                     0x20000020   Data           4  main.o(.data)
    VCU_Brake_Task_Handle                    0x20000024   Data           4  main.o(.data)
    VCU_COMMAND_Task_Handle                  0x20000028   Data           4  main.o(.data)
    MCU_STATUS1_Task_Handle                  0x2000002c   Data           4  main.o(.data)
    MCU_STATUS2_Task_Handle                  0x20000030   Data           4  main.o(.data)
    MCU_STATUS3_Task_Handle                  0x20000034   Data           4  main.o(.data)
    MCU_STATUS4_Task_Handle                  0x20000038   Data           4  main.o(.data)
    CAN_RX_HANDLE_Task_Handle                0x2000003c   Data           4  main.o(.data)
    b                                        0x200000b8   Data           1  main.o(.data)
    i                                        0x200000ba   Data           2  main.o(.data)
    a                                        0x200000bc   Data           2  main.o(.data)
    .data                                    0x200000be   Section        4  bsp_delay.o(.data)
    fac_us                                   0x200000be   Data           1  bsp_delay.o(.data)
    fac_ms                                   0x200000c0   Data           2  bsp_delay.o(.data)
    .data                                    0x200000c4   Section       60  tasks.o(.data)
    pxDelayedTaskList                        0x200000c8   Data           4  tasks.o(.data)
    pxOverflowDelayedTaskList                0x200000cc   Data           4  tasks.o(.data)
    uxDeletedTasksWaitingCleanUp             0x200000d0   Data           4  tasks.o(.data)
    uxCurrentNumberOfTasks                   0x200000d4   Data           4  tasks.o(.data)
    xTickCount                               0x200000d8   Data           4  tasks.o(.data)
    uxTopReadyPriority                       0x200000dc   Data           4  tasks.o(.data)
    xSchedulerRunning                        0x200000e0   Data           4  tasks.o(.data)
    uxPendedTicks                            0x200000e4   Data           4  tasks.o(.data)
    xYieldPending                            0x200000e8   Data           4  tasks.o(.data)
    xNumOfOverflows                          0x200000ec   Data           4  tasks.o(.data)
    uxTaskNumber                             0x200000f0   Data           4  tasks.o(.data)
    xNextTaskUnblockTime                     0x200000f4   Data           4  tasks.o(.data)
    xIdleTaskHandle                          0x200000f8   Data           4  tasks.o(.data)
    uxSchedulerSuspended                     0x200000fc   Data           4  tasks.o(.data)
    .data                                    0x20000100   Section       20  timers.o(.data)
    pxCurrentTimerList                       0x20000100   Data           4  timers.o(.data)
    pxOverflowTimerList                      0x20000104   Data           4  timers.o(.data)
    xTimerQueue                              0x20000108   Data           4  timers.o(.data)
    xTimerTaskHandle                         0x2000010c   Data           4  timers.o(.data)
    xLastTime                                0x20000110   Data           4  timers.o(.data)
    .data                                    0x20000114   Section        4  port.o(.data)
    uxCriticalNesting                        0x20000114   Data           4  port.o(.data)
    .data                                    0x20000118   Section       24  heap_4.o(.data)
    xStart                                   0x20000118   Data           8  heap_4.o(.data)
    pxEnd                                    0x20000120   Data           4  heap_4.o(.data)
    xFreeBytesRemaining                      0x20000124   Data           4  heap_4.o(.data)
    xMinimumEverFreeBytesRemaining           0x20000128   Data           4  heap_4.o(.data)
    xBlockAllocatedBit                       0x2000012c   Data           4  heap_4.o(.data)
    .data                                    0x20000130   Section        4  stdout.o(.data)
    .bss                                     0x20000134   Section     3568  main.o(.bss)
    Idle_Task_Stack                          0x20000134   Data         512  main.o(.bss)
    Timer_Task_Stack                         0x20000334   Data        1024  main.o(.bss)
    AppTaskCreate_Stack                      0x20000734   Data        1024  main.o(.bss)
    VCU_COMMAND_Task_Stack                   0x20000b34   Data         512  main.o(.bss)
    Idle_Task_TCB                            0x20000d34   Data         108  main.o(.bss)
    Timer_Task_TCB                           0x20000da0   Data         108  main.o(.bss)
    AppTaskCreate_TCB                        0x20000e0c   Data         108  main.o(.bss)
    VCU_COMMAND_Task_TCB                     0x20000e78   Data         108  main.o(.bss)
    .bss                                     0x20000f24   Section       80  queue.o(.bss)
    .bss                                     0x20000f74   Section      740  tasks.o(.bss)
    pxReadyTasksLists                        0x20000f74   Data         640  tasks.o(.bss)
    xDelayedTaskList1                        0x200011f4   Data          20  tasks.o(.bss)
    xDelayedTaskList2                        0x20001208   Data          20  tasks.o(.bss)
    xPendingReadyList                        0x2000121c   Data          20  tasks.o(.bss)
    xTasksWaitingTermination                 0x20001230   Data          20  tasks.o(.bss)
    xSuspendedTaskList                       0x20001244   Data          20  tasks.o(.bss)
    .bss                                     0x20001258   Section      284  timers.o(.bss)
    xActiveTimerList1                        0x20001258   Data          20  timers.o(.bss)
    xActiveTimerList2                        0x2000126c   Data          20  timers.o(.bss)
    xStaticTimerQueue                        0x20001280   Data          84  timers.o(.bss)
    ucStaticTimerQueueStorage                0x200012d4   Data         160  timers.o(.bss)
    .bss                                     0x20001374   Section    10240  heap_4.o(.bss)
    ucHeap                                   0x20001374   Data       10240  heap_4.o(.bss)
    STACK                                    0x20003b78   Section     4096  startup_stm32f10x_hd.o(STACK)

    Global Symbols

    Symbol Name                              Value     Ov Type        Size  Object(Section)

    BuildAttributes$$THM_ISAv4$P$D$K$B$S$PE$A:L22UL41UL21$X:L11$S22US41US21$IEEE1$IW$USESV6$~STKCKD$USESV7$~SHL$OTIME$ROPI$EBA8$MICROLIB$REQ8$PRES8$EABIv2 0x00000000   Number         0  anon$$obj.o ABSOLUTE
    __ARM_use_no_argv                        0x00000000   Number         0  main.o ABSOLUTE
    _printf_a                                0x00000000   Number         0  stubs.o ABSOLUTE
    _printf_c                                0x00000000   Number         0  stubs.o ABSOLUTE
    _printf_charcount                        0x00000000   Number         0  stubs.o ABSOLUTE
    _printf_d                                0x00000000   Number         0  stubs.o ABSOLUTE
    _printf_e                                0x00000000   Number         0  stubs.o ABSOLUTE
    _printf_f                                0x00000000   Number         0  stubs.o ABSOLUTE
    _printf_flags                            0x00000000   Number         0  stubs.o ABSOLUTE
    _printf_fp_dec                           0x00000000   Number         0  stubs.o ABSOLUTE
    _printf_fp_hex                           0x00000000   Number         0  stubs.o ABSOLUTE
    _printf_g                                0x00000000   Number         0  stubs.o ABSOLUTE
    _printf_i                                0x00000000   Number         0  stubs.o ABSOLUTE
    _printf_int_dec                          0x00000000   Number         0  stubs.o ABSOLUTE
    _printf_l                                0x00000000   Number         0  stubs.o ABSOLUTE
    _printf_lc                               0x00000000   Number         0  stubs.o ABSOLUTE
    _printf_ll                               0x00000000   Number         0  stubs.o ABSOLUTE
    _printf_lld                              0x00000000   Number         0  stubs.o ABSOLUTE
    _printf_lli                              0x00000000   Number         0  stubs.o ABSOLUTE
    _printf_llo                              0x00000000   Number         0  stubs.o ABSOLUTE
    _printf_llu                              0x00000000   Number         0  stubs.o ABSOLUTE
    _printf_llx                              0x00000000   Number         0  stubs.o ABSOLUTE
    _printf_longlong_dec                     0x00000000   Number         0  stubs.o ABSOLUTE
    _printf_longlong_hex                     0x00000000   Number         0  stubs.o ABSOLUTE
    _printf_longlong_oct                     0x00000000   Number         0  stubs.o ABSOLUTE
    _printf_ls                               0x00000000   Number         0  stubs.o ABSOLUTE
    _printf_mbtowc                           0x00000000   Number         0  stubs.o ABSOLUTE
    _printf_n                                0x00000000   Number         0  stubs.o ABSOLUTE
    _printf_o                                0x00000000   Number         0  stubs.o ABSOLUTE
    _printf_p                                0x00000000   Number         0  stubs.o ABSOLUTE
    _printf_percent                          0x00000000   Number         0  stubs.o ABSOLUTE
    _printf_pre_padding                      0x00000000   Number         0  stubs.o ABSOLUTE
    _printf_return_value                     0x00000000   Number         0  stubs.o ABSOLUTE
    _printf_s                                0x00000000   Number         0  stubs.o ABSOLUTE
    _printf_sizespec                         0x00000000   Number         0  stubs.o ABSOLUTE
    _printf_str                              0x00000000   Number         0  stubs.o ABSOLUTE
    _printf_truncate_signed                  0x00000000   Number         0  stubs.o ABSOLUTE
    _printf_truncate_unsigned                0x00000000   Number         0  stubs.o ABSOLUTE
    _printf_u                                0x00000000   Number         0  stubs.o ABSOLUTE
    _printf_wc                               0x00000000   Number         0  stubs.o ABSOLUTE
    _printf_wctomb                           0x00000000   Number         0  stubs.o ABSOLUTE
    _printf_widthprec                        0x00000000   Number         0  stubs.o ABSOLUTE
    _printf_x                                0x00000000   Number         0  stubs.o ABSOLUTE
    __arm_fini_                               - Undefined Weak Reference
    __cpp_initialize__aeabi_                  - Undefined Weak Reference
    __cxa_finalize                            - Undefined Weak Reference
    _clock_init                               - Undefined Weak Reference
    _microlib_exit                            - Undefined Weak Reference
    __Vectors_Size                           0x00000130   Number         0  startup_stm32f10x_hd.o ABSOLUTE
    __Vectors                                0x08000000   Data           4  startup_stm32f10x_hd.o(RESET)
    __Vectors_End                            0x08000130   Data           0  startup_stm32f10x_hd.o(RESET)
    __main                                   0x08000131   Thumb Code     0  entry.o(.ARM.Collect$$$$00000000)
    _main_stk                                0x08000131   Thumb Code     0  entry2.o(.ARM.Collect$$$$00000001)
    _main_scatterload                        0x08000135   Thumb Code     0  entry5.o(.ARM.Collect$$$$00000004)
    __main_after_scatterload                 0x08000139   Thumb Code     0  entry5.o(.ARM.Collect$$$$00000004)
    _main_clock                              0x08000139   Thumb Code     0  entry7b.o(.ARM.Collect$$$$00000008)
    _main_cpp_init                           0x08000139   Thumb Code     0  entry8b.o(.ARM.Collect$$$$0000000A)
    _main_init                               0x08000139   Thumb Code     0  entry9a.o(.ARM.Collect$$$$0000000B)
    __rt_lib_shutdown_fini                   0x08000141   Thumb Code     0  entry12b.o(.ARM.Collect$$$$0000000E)
    __rt_final_cpp                           0x08000145   Thumb Code     0  entry10a.o(.ARM.Collect$$$$0000000F)
    __rt_final_exit                          0x08000145   Thumb Code     0  entry11a.o(.ARM.Collect$$$$00000011)
    SVC_Handler                              0x08000149   Thumb Code    32  port.o(.emb_text)
    __asm___6_port_c_39a90d8d__prvStartFirstTask 0x0800016d   Thumb Code    28  port.o(.emb_text)
    PendSV_Handler                           0x0800018d   Thumb Code    72  port.o(.emb_text)
    vPortGetIPSR                             0x080001d9   Thumb Code     6  port.o(.emb_text)
    Reset_Handler                            0x080001e1   Thumb Code     8  startup_stm32f10x_hd.o(.text)
    ADC1_2_IRQHandler                        0x080001fb   Thumb Code     0  startup_stm32f10x_hd.o(.text)
    ADC3_IRQHandler                          0x080001fb   Thumb Code     0  startup_stm32f10x_hd.o(.text)
    CAN1_RX1_IRQHandler                      0x080001fb   Thumb Code     0  startup_stm32f10x_hd.o(.text)
    CAN1_SCE_IRQHandler                      0x080001fb   Thumb Code     0  startup_stm32f10x_hd.o(.text)
    DMA1_Channel1_IRQHandler                 0x080001fb   Thumb Code     0  startup_stm32f10x_hd.o(.text)
    DMA1_Channel2_IRQHandler                 0x080001fb   Thumb Code     0  startup_stm32f10x_hd.o(.text)
    DMA1_Channel3_IRQHandler                 0x080001fb   Thumb Code     0  startup_stm32f10x_hd.o(.text)
    DMA1_Channel4_IRQHandler                 0x080001fb   Thumb Code     0  startup_stm32f10x_hd.o(.text)
    DMA1_Channel5_IRQHandler                 0x080001fb   Thumb Code     0  startup_stm32f10x_hd.o(.text)
    DMA1_Channel6_IRQHandler                 0x080001fb   Thumb Code     0  startup_stm32f10x_hd.o(.text)
    DMA1_Channel7_IRQHandler                 0x080001fb   Thumb Code     0  startup_stm32f10x_hd.o(.text)
    DMA2_Channel1_IRQHandler                 0x080001fb   Thumb Code     0  startup_stm32f10x_hd.o(.text)
    DMA2_Channel2_IRQHandler                 0x080001fb   Thumb Code     0  startup_stm32f10x_hd.o(.text)
    DMA2_Channel3_IRQHandler                 0x080001fb   Thumb Code     0  startup_stm32f10x_hd.o(.text)
    DMA2_Channel4_5_IRQHandler               0x080001fb   Thumb Code     0  startup_stm32f10x_hd.o(.text)
    EXTI0_IRQHandler                         0x080001fb   Thumb Code     0  startup_stm32f10x_hd.o(.text)
    EXTI15_10_IRQHandler                     0x080001fb   Thumb Code     0  startup_stm32f10x_hd.o(.text)
    EXTI1_IRQHandler                         0x080001fb   Thumb Code     0  startup_stm32f10x_hd.o(.text)
    EXTI2_IRQHandler                         0x080001fb   Thumb Code     0  startup_stm32f10x_hd.o(.text)
    EXTI3_IRQHandler                         0x080001fb   Thumb Code     0  startup_stm32f10x_hd.o(.text)
    EXTI4_IRQHandler                         0x080001fb   Thumb Code     0  startup_stm32f10x_hd.o(.text)
    EXTI9_5_IRQHandler                       0x080001fb   Thumb Code     0  startup_stm32f10x_hd.o(.text)
    FLASH_IRQHandler                         0x080001fb   Thumb Code     0  startup_stm32f10x_hd.o(.text)
    FSMC_IRQHandler                          0x080001fb   Thumb Code     0  startup_stm32f10x_hd.o(.text)
    I2C1_ER_IRQHandler                       0x080001fb   Thumb Code     0  startup_stm32f10x_hd.o(.text)
    I2C1_EV_IRQHandler                       0x080001fb   Thumb Code     0  startup_stm32f10x_hd.o(.text)
    I2C2_ER_IRQHandler                       0x080001fb   Thumb Code     0  startup_stm32f10x_hd.o(.text)
    I2C2_EV_IRQHandler                       0x080001fb   Thumb Code     0  startup_stm32f10x_hd.o(.text)
    PVD_IRQHandler                           0x080001fb   Thumb Code     0  startup_stm32f10x_hd.o(.text)
    RCC_IRQHandler                           0x080001fb   Thumb Code     0  startup_stm32f10x_hd.o(.text)
    RTCAlarm_IRQHandler                      0x080001fb   Thumb Code     0  startup_stm32f10x_hd.o(.text)
    RTC_IRQHandler                           0x080001fb   Thumb Code     0  startup_stm32f10x_hd.o(.text)
    SDIO_IRQHandler                          0x080001fb   Thumb Code     0  startup_stm32f10x_hd.o(.text)
    SPI1_IRQHandler                          0x080001fb   Thumb Code     0  startup_stm32f10x_hd.o(.text)
    SPI2_IRQHandler                          0x080001fb   Thumb Code     0  startup_stm32f10x_hd.o(.text)
    SPI3_IRQHandler                          0x080001fb   Thumb Code     0  startup_stm32f10x_hd.o(.text)
    TAMPER_IRQHandler                        0x080001fb   Thumb Code     0  startup_stm32f10x_hd.o(.text)
    TIM1_BRK_IRQHandler                      0x080001fb   Thumb Code     0  startup_stm32f10x_hd.o(.text)
    TIM1_CC_IRQHandler                       0x080001fb   Thumb Code     0  startup_stm32f10x_hd.o(.text)
    TIM1_TRG_COM_IRQHandler                  0x080001fb   Thumb Code     0  startup_stm32f10x_hd.o(.text)
    TIM1_UP_IRQHandler                       0x080001fb   Thumb Code     0  startup_stm32f10x_hd.o(.text)
    TIM2_IRQHandler                          0x080001fb   Thumb Code     0  startup_stm32f10x_hd.o(.text)
    TIM3_IRQHandler                          0x080001fb   Thumb Code     0  startup_stm32f10x_hd.o(.text)
    TIM4_IRQHandler                          0x080001fb   Thumb Code     0  startup_stm32f10x_hd.o(.text)
    TIM5_IRQHandler                          0x080001fb   Thumb Code     0  startup_stm32f10x_hd.o(.text)
    TIM6_IRQHandler                          0x080001fb   Thumb Code     0  startup_stm32f10x_hd.o(.text)
    TIM7_IRQHandler                          0x080001fb   Thumb Code     0  startup_stm32f10x_hd.o(.text)
    TIM8_BRK_IRQHandler                      0x080001fb   Thumb Code     0  startup_stm32f10x_hd.o(.text)
    TIM8_CC_IRQHandler                       0x080001fb   Thumb Code     0  startup_stm32f10x_hd.o(.text)
    TIM8_TRG_COM_IRQHandler                  0x080001fb   Thumb Code     0  startup_stm32f10x_hd.o(.text)
    TIM8_UP_IRQHandler                       0x080001fb   Thumb Code     0  startup_stm32f10x_hd.o(.text)
    UART4_IRQHandler                         0x080001fb   Thumb Code     0  startup_stm32f10x_hd.o(.text)
    UART5_IRQHandler                         0x080001fb   Thumb Code     0  startup_stm32f10x_hd.o(.text)
    USART1_IRQHandler                        0x080001fb   Thumb Code     0  startup_stm32f10x_hd.o(.text)
    USART2_IRQHandler                        0x080001fb   Thumb Code     0  startup_stm32f10x_hd.o(.text)
    USART3_IRQHandler                        0x080001fb   Thumb Code     0  startup_stm32f10x_hd.o(.text)
    USBWakeUp_IRQHandler                     0x080001fb   Thumb Code     0  startup_stm32f10x_hd.o(.text)
    USB_HP_CAN1_TX_IRQHandler                0x080001fb   Thumb Code     0  startup_stm32f10x_hd.o(.text)
    WWDG_IRQHandler                          0x080001fb   Thumb Code     0  startup_stm32f10x_hd.o(.text)
    __aeabi_memcpy                           0x08000205   Thumb Code    36  memcpya.o(.text)
    __aeabi_memcpy4                          0x08000205   Thumb Code     0  memcpya.o(.text)
    __aeabi_memcpy8                          0x08000205   Thumb Code     0  memcpya.o(.text)
    __aeabi_memset                           0x08000229   Thumb Code    14  memseta.o(.text)
    __aeabi_memset4                          0x08000229   Thumb Code     0  memseta.o(.text)
    __aeabi_memset8                          0x08000229   Thumb Code     0  memseta.o(.text)
    __aeabi_memclr                           0x08000237   Thumb Code     4  memseta.o(.text)
    __aeabi_memclr4                          0x08000237   Thumb Code     0  memseta.o(.text)
    __aeabi_memclr8                          0x08000237   Thumb Code     0  memseta.o(.text)
    _memset$wrapper                          0x0800023b   Thumb Code    18  memseta.o(.text)
    __aeabi_dadd                             0x0800024d   Thumb Code   322  dadd.o(.text)
    __aeabi_dsub                             0x0800038f   Thumb Code     6  dadd.o(.text)
    __aeabi_drsub                            0x08000395   Thumb Code     6  dadd.o(.text)
    __aeabi_dmul                             0x0800039b   Thumb Code   228  dmul.o(.text)
    __aeabi_ddiv                             0x0800047f   Thumb Code   222  ddiv.o(.text)
    __aeabi_i2f                              0x0800055d   Thumb Code    18  fflti.o(.text)
    __aeabi_ui2f                             0x0800056f   Thumb Code    10  ffltui.o(.text)
    __aeabi_i2d                              0x08000579   Thumb Code    34  dflti.o(.text)
    __aeabi_ui2d                             0x0800059b   Thumb Code    26  dfltui.o(.text)
    __aeabi_d2iz                             0x080005b5   Thumb Code    62  dfixi.o(.text)
    __aeabi_d2uiz                            0x080005f3   Thumb Code    50  dfixui.o(.text)
    __aeabi_f2d                              0x08000625   Thumb Code    38  f2d.o(.text)
    __aeabi_cdcmpeq                          0x0800064d   Thumb Code     0  cdcmple.o(.text)
    __aeabi_cdcmple                          0x0800064d   Thumb Code    48  cdcmple.o(.text)
    __aeabi_cdrcmple                         0x0800067d   Thumb Code    48  cdrcmple.o(.text)
    __aeabi_d2f                              0x080006ad   Thumb Code    56  d2f.o(.text)
    __aeabi_cfrcmple                         0x080006e5   Thumb Code    20  cfrcmple.o(.text)
    __aeabi_uidiv                            0x080006f9   Thumb Code     0  uidiv.o(.text)
    __aeabi_uidivmod                         0x080006f9   Thumb Code    44  uidiv.o(.text)
    __aeabi_llsl                             0x08000725   Thumb Code    30  llshl.o(.text)
    _ll_shift_l                              0x08000725   Thumb Code     0  llshl.o(.text)
    __aeabi_llsr                             0x08000743   Thumb Code    32  llushr.o(.text)
    _ll_ushift_r                             0x08000743   Thumb Code     0  llushr.o(.text)
    __aeabi_lasr                             0x08000763   Thumb Code    36  llsshr.o(.text)
    _ll_sshift_r                             0x08000763   Thumb Code     0  llsshr.o(.text)
    __I$use$fp                               0x08000787   Thumb Code     0  iusefp.o(.text)
    _float_round                             0x08000787   Thumb Code    18  fepilogue.o(.text)
    _float_epilogue                          0x08000799   Thumb Code    92  fepilogue.o(.text)
    _double_round                            0x080007f5   Thumb Code    30  depilogue.o(.text)
    _double_epilogue                         0x08000813   Thumb Code   156  depilogue.o(.text)
    __scatterload                            0x080008b1   Thumb Code    28  init.o(.text)
    __scatterload_rt2                        0x080008b1   Thumb Code     0  init.o(.text)
    __decompress                             0x080008d5   Thumb Code     0  __dczerorl2.o(.text)
    __decompress1                            0x080008d5   Thumb Code    86  __dczerorl2.o(.text)
    ADC_Cmd                                  0x0800092b   Thumb Code    22  stm32f10x_adc.o(i.ADC_Cmd)
    ADC_DeInit                               0x08000941   Thumb Code    78  stm32f10x_adc.o(i.ADC_DeInit)
    ADC_GetCalibrationStatus                 0x0800099d   Thumb Code    20  stm32f10x_adc.o(i.ADC_GetCalibrationStatus)
    ADC_GetConversionValue                   0x080009b1   Thumb Code     8  stm32f10x_adc.o(i.ADC_GetConversionValue)
    ADC_GetFlagStatus                        0x080009b9   Thumb Code    18  stm32f10x_adc.o(i.ADC_GetFlagStatus)
    ADC_GetResetCalibrationStatus            0x080009cb   Thumb Code    20  stm32f10x_adc.o(i.ADC_GetResetCalibrationStatus)
    ADC_Init                                 0x08000ab5   Thumb Code    70  stm32f10x_adc.o(i.ADC_Init)
    ADC_RegularChannelConfig                 0x08000b05   Thumb Code   184  stm32f10x_adc.o(i.ADC_RegularChannelConfig)
    ADC_ResetCalibration                     0x08000bbd   Thumb Code    10  stm32f10x_adc.o(i.ADC_ResetCalibration)
    ADC_SingleMode_GetAverageValue           0x08000bc7   Thumb Code   122  adc.o(i.ADC_SingleMode_GetAverageValue)
    ADC_SoftwareStartConvCmd                 0x08000c41   Thumb Code    22  stm32f10x_adc.o(i.ADC_SoftwareStartConvCmd)
    ADC_StartCalibration                     0x08000c57   Thumb Code    10  stm32f10x_adc.o(i.ADC_StartCalibration)
    Adc1_Init                                0x08000c61   Thumb Code   132  adc.o(i.Adc1_Init)
    Adc2_Init                                0x08000ced   Thumb Code   132  adc.o(i.Adc2_Init)
    BusFault_Handler                         0x0800123b   Thumb Code     4  stm32f10x_it.o(i.BusFault_Handler)
    CAN_ClearITPendingBit                    0x08001241   Thumb Code   162  stm32f10x_can.o(i.CAN_ClearITPendingBit)
    CAN_Config                               0x080012e9   Thumb Code    20  can.o(i.CAN_Config)
    CAN_DeInit                               0x080012fd   Thumb Code    50  stm32f10x_can.o(i.CAN_DeInit)
    CAN_FilterInit                           0x08001335   Thumb Code   258  stm32f10x_can.o(i.CAN_FilterInit)
    CAN_GetITStatus                          0x080014c5   Thumb Code   284  stm32f10x_can.o(i.CAN_GetITStatus)
    CAN_ITConfig                             0x080015e5   Thumb Code    18  stm32f10x_can.o(i.CAN_ITConfig)
    CAN_Init                                 0x080015f7   Thumb Code   276  stm32f10x_can.o(i.CAN_Init)
    CAN_Receive                              0x0800192d   Thumb Code   240  stm32f10x_can.o(i.CAN_Receive)
    CAN_StructInit                           0x08001a1d   Thumb Code    32  stm32f10x_can.o(i.CAN_StructInit)
    CAN_Transmit                             0x08001a3d   Thumb Code   294  stm32f10x_can.o(i.CAN_Transmit)
    CAN_TransmitStatus                       0x08001b65   Thumb Code   138  stm32f10x_can.o(i.CAN_TransmitStatus)
    Can_Send_Msg                             0x08001c05   Thumb Code   110  can.o(i.Can_Send_Msg)
    DebugMon_Handler                         0x08001c8b   Thumb Code     2  stm32f10x_it.o(i.DebugMon_Handler)
    Delay_Init                               0x08001c8d   Thumb Code    58  bsp_delay.o(i.Delay_Init)
    GPIO_Init                                0x08001cd1   Thumb Code   278  stm32f10x_gpio.o(i.GPIO_Init)
    HardFault_Handler                        0x08001de9   Thumb Code    10  stm32f10x_it.o(i.HardFault_Handler)
    MCU_STATUS1_ParseData                    0x08002045   Thumb Code   158  hgw_protocol.o(i.MCU_STATUS1_ParseData)
    MCU_STATUS2_ParseData                    0x08002165   Thumb Code    70  hgw_protocol.o(i.MCU_STATUS2_ParseData)
    MCU_STATUS3_ParseData                    0x08002229   Thumb Code   138  hgw_protocol.o(i.MCU_STATUS3_ParseData)
    MCU_STATUS4_ParseData                    0x0800233d   Thumb Code   434  hgw_protocol.o(i.MCU_STATUS4_ParseData)
    MemManage_Handler                        0x08002569   Thumb Code     4  stm32f10x_it.o(i.MemManage_Handler)
    NMI_Handler                              0x0800256d   Thumb Code     2  stm32f10x_it.o(i.NMI_Handler)
    NVIC_Init                                0x08002571   Thumb Code   100  misc.o(i.NVIC_Init)
    NVIC_PriorityGroupConfig                 0x080025e1   Thumb Code    10  misc.o(i.NVIC_PriorityGroupConfig)
    RCC_ADCCLKConfig                         0x080025f5   Thumb Code    18  stm32f10x_rcc.o(i.RCC_ADCCLKConfig)
    RCC_APB1PeriphClockCmd                   0x0800260d   Thumb Code    26  stm32f10x_rcc.o(i.RCC_APB1PeriphClockCmd)
    RCC_APB1PeriphResetCmd                   0x0800262d   Thumb Code    26  stm32f10x_rcc.o(i.RCC_APB1PeriphResetCmd)
    RCC_APB2PeriphClockCmd                   0x0800264d   Thumb Code    26  stm32f10x_rcc.o(i.RCC_APB2PeriphClockCmd)
    RCC_APB2PeriphResetCmd                   0x0800266d   Thumb Code    26  stm32f10x_rcc.o(i.RCC_APB2PeriphResetCmd)
    RCC_GetClocksFreq                        0x0800268d   Thumb Code   192  stm32f10x_rcc.o(i.RCC_GetClocksFreq)
    SysTick_CLKSourceConfig                  0x08002849   Thumb Code    40  misc.o(i.SysTick_CLKSourceConfig)
    SysTick_Handler                          0x08002871   Thumb Code    16  stm32f10x_it.o(i.SysTick_Handler)
    SystemInit                               0x08002881   Thumb Code    78  system_stm32f10x.o(i.SystemInit)
    USART_Cmd                                0x080028e1   Thumb Code    24  stm32f10x_usart.o(i.USART_Cmd)
    USART_Init                               0x080028f9   Thumb Code   210  stm32f10x_usart.o(i.USART_Init)
    USB_LP_CAN1_RX0_IRQHandler               0x080029d1   Thumb Code   108  can.o(i.USB_LP_CAN1_RX0_IRQHandler)
    UsageFault_Handler                       0x08002a4d   Thumb Code     4  stm32f10x_it.o(i.UsageFault_Handler)
    VCU_COMMAD_ParaCheck                     0x08002c31   Thumb Code   114  hgw_protocol.o(i.VCU_COMMAD_ParaCheck)
    VCU_COMMAND_SendData_Process             0x08002d11   Thumb Code   188  hgw_protocol.o(i.VCU_COMMAND_SendData_Process)
    __0printf$3                              0x08002dcd   Thumb Code    22  printf3.o(i.__0printf$3)
    __1printf$3                              0x08002dcd   Thumb Code     0  printf3.o(i.__0printf$3)
    __2printf                                0x08002dcd   Thumb Code     0  printf3.o(i.__0printf$3)
    __scatterload_copy                       0x08002ded   Thumb Code    14  handlers.o(i.__scatterload_copy)
    __scatterload_null                       0x08002dfb   Thumb Code     2  handlers.o(i.__scatterload_null)
    __scatterload_zeroinit                   0x08002dfd   Thumb Code    14  handlers.o(i.__scatterload_zeroinit)
    fputc                                    0x08002fc5   Thumb Code    24  usart.o(i.fputc)
    main                                     0x08002fe1   Thumb Code    64  main.o(i.main)
    pvPortMalloc                             0x080039fd   Thumb Code   188  heap_4.o(i.pvPortMalloc)
    pvTaskIncrementMutexHeldCount            0x08003acd   Thumb Code    26  tasks.o(i.pvTaskIncrementMutexHeldCount)
    pxPortInitialiseStack                    0x08003aed   Thumb Code    30  port.o(i.pxPortInitialiseStack)
    uart_init                                0x08003b11   Thumb Code   140  usart.o(i.uart_init)
    uxListRemove                             0x08003ba5   Thumb Code    40  list.o(i.uxListRemove)
    uxTaskResetEventItemValue                0x08003bcd   Thumb Code    24  tasks.o(i.uxTaskResetEventItemValue)
    vApplicationGetIdleTaskMemory            0x08003be9   Thumb Code    14  main.o(i.vApplicationGetIdleTaskMemory)
    vApplicationGetTimerTaskMemory           0x08003c01   Thumb Code    16  main.o(i.vApplicationGetTimerTaskMemory)
    vListInitialise                          0x08003c19   Thumb Code    26  list.o(i.vListInitialise)
    vListInitialiseItem                      0x08003c33   Thumb Code     6  list.o(i.vListInitialiseItem)
    vListInsert                              0x08003c39   Thumb Code    52  list.o(i.vListInsert)
    vListInsertEnd                           0x08003c6d   Thumb Code    24  list.o(i.vListInsertEnd)
    vPortEnterCritical                       0x08003c85   Thumb Code    30  port.o(i.vPortEnterCritical)
    vPortExitCritical                        0x08003ca9   Thumb Code    28  port.o(i.vPortExitCritical)
    vPortFree                                0x08003cc9   Thumb Code    64  heap_4.o(i.vPortFree)
    vPortSetupTimerInterrupt                 0x08003d11   Thumb Code    14  port.o(i.vPortSetupTimerInterrupt)
    vQueueAddToRegistry                      0x08003d25   Thumb Code    38  queue.o(i.vQueueAddToRegistry)
    vQueueWaitForMessageRestricted           0x08003d51   Thumb Code    74  queue.o(i.vQueueWaitForMessageRestricted)
    vTaskDelay                               0x08003d9d   Thumb Code    46  tasks.o(i.vTaskDelay)
    vTaskDelete                              0x08003dd1   Thumb Code   166  tasks.o(i.vTaskDelete)
    vTaskMissedYield                         0x08003e9d   Thumb Code     8  tasks.o(i.vTaskMissedYield)
    vTaskPlaceOnEventList                    0x08003ea9   Thumb Code    28  tasks.o(i.vTaskPlaceOnEventList)
    vTaskPlaceOnEventListRestricted          0x08003ec9   Thumb Code    36  tasks.o(i.vTaskPlaceOnEventListRestricted)
    vTaskPlaceOnUnorderedEventList           0x08003ef1   Thumb Code    40  tasks.o(i.vTaskPlaceOnUnorderedEventList)
    vTaskPriorityInherit                     0x08003f1d   Thumb Code   164  tasks.o(i.vTaskPriorityInherit)
    vTaskSetTimeOutState                     0x08003fcd   Thumb Code    14  tasks.o(i.vTaskSetTimeOutState)
    vTaskStartScheduler                      0x08003fe5   Thumb Code   120  tasks.o(i.vTaskStartScheduler)
    vTaskSuspendAll                          0x08004079   Thumb Code    12  tasks.o(i.vTaskSuspendAll)
    vTaskSwitchContext                       0x08004089   Thumb Code    76  tasks.o(i.vTaskSwitchContext)
    xEventGroupCreate                        0x080040e9   Thumb Code    30  event_groups.o(i.xEventGroupCreate)
    xEventGroupSetBits                       0x08004107   Thumb Code   146  event_groups.o(i.xEventGroupSetBits)
    xEventGroupWaitBits                      0x08004199   Thumb Code   194  event_groups.o(i.xEventGroupWaitBits)
    xPortStartScheduler                      0x08004261   Thumb Code    42  port.o(i.xPortStartScheduler)
    xPortSysTickHandler                      0x08004295   Thumb Code    46  port.o(i.xPortSysTickHandler)
    xQueueGenericCreate                      0x080042c9   Thumb Code    62  queue.o(i.xQueueGenericCreate)
    xQueueGenericCreateStatic                0x08004307   Thumb Code    46  queue.o(i.xQueueGenericCreateStatic)
    xQueueGenericReceive                     0x08004335   Thumb Code   342  queue.o(i.xQueueGenericReceive)
    xQueueGenericReset                       0x08004491   Thumb Code   122  queue.o(i.xQueueGenericReset)
    xQueueGenericSend                        0x08004511   Thumb Code   308  queue.o(i.xQueueGenericSend)
    xQueueGenericSendFromISR                 0x08004649   Thumb Code   156  queue.o(i.xQueueGenericSendFromISR)
    xQueueGiveFromISR                        0x080046e5   Thumb Code   142  queue.o(i.xQueueGiveFromISR)
    xTaskCheckForTimeOut                     0x08004775   Thumb Code    84  tasks.o(i.xTaskCheckForTimeOut)
    xTaskCreate                              0x080047d1   Thumb Code   100  tasks.o(i.xTaskCreate)
    xTaskCreateStatic                        0x08004835   Thumb Code    78  tasks.o(i.xTaskCreateStatic)
    xTaskGetSchedulerState                   0x08004885   Thumb Code    24  tasks.o(i.xTaskGetSchedulerState)
    xTaskGetTickCount                        0x080048a5   Thumb Code     6  tasks.o(i.xTaskGetTickCount)
    xTaskIncrementTick                       0x080048b1   Thumb Code   238  tasks.o(i.xTaskIncrementTick)
    xTaskPriorityDisinherit                  0x080049cd   Thumb Code   122  tasks.o(i.xTaskPriorityDisinherit)
    xTaskRemoveFromEventList                 0x08004a51   Thumb Code   104  tasks.o(i.xTaskRemoveFromEventList)
    xTaskRemoveFromUnorderedEventList        0x08004ad1   Thumb Code    94  tasks.o(i.xTaskRemoveFromUnorderedEventList)
    xTaskResumeAll                           0x08004b41   Thumb Code   196  tasks.o(i.xTaskResumeAll)
    xTimerCreateTimerTask                    0x08004c29   Thumb Code    76  timers.o(i.xTimerCreateTimerTask)
    xTimerGenericCommand                     0x08004c89   Thumb Code   104  timers.o(i.xTimerGenericCommand)
    Region$$Table$$Base                      0x08004cf4   Number         0  anon$$obj.o(Region$$Table)
    Region$$Table$$Limit                     0x08004d14   Number         0  anon$$obj.o(Region$$Table)
    EventGroupHandler                        0x20000014   Data           4  main.o(.data)
    BinarySem1_Handle                        0x20000018   Data           4  main.o(.data)
    BinarySem2_Handle                        0x2000001c   Data           4  main.o(.data)
    Throttle_Signal                          0x20000040   Data           4  main.o(.data)
    Memory_Throttle_Signal                   0x20000044   Data           4  main.o(.data)
    brake_flag                               0x20000048   Data           1  main.o(.data)
    correct                                  0x2000004a   Data           2  main.o(.data)
    Disable_Speed_flag                       0x2000004c   Data           1  main.o(.data)
    VCU_Command_Send                         0x2000004d   Data           8  main.o(.data)
    Status1_Buf                              0x20000055   Data           8  main.o(.data)
    Status2_Buf                              0x2000005d   Data           8  main.o(.data)
    Status3_Buf                              0x20000065   Data           8  main.o(.data)
    Status4_Buf                              0x2000006d   Data           8  main.o(.data)
    MCU_Status1_Receive                      0x20000075   Data           8  main.o(.data)
    MCU_Status2_Receive                      0x2000007d   Data           8  main.o(.data)
    MCU_Status3_Receive                      0x20000085   Data           8  main.o(.data)
    MCU_Status4_Receive                      0x2000008d   Data           8  main.o(.data)
    DBG_Status_Receive                       0x20000095   Data           8  main.o(.data)
    mcu_sta2                                 0x2000009e   Data           8  main.o(.data)
    mcu_sta3                                 0x200000a6   Data           8  main.o(.data)
    mcu_sta4                                 0x200000b0   Data           8  main.o(.data)
    pxCurrentTCB                             0x200000c4   Data           4  tasks.o(.data)
    __stdout                                 0x20000130   Data           4  stdout.o(.data)
    TxMessage                                0x20000ee4   Data          20  main.o(.bss)
    RxMessage                                0x20000ef8   Data          20  main.o(.bss)
    vcu_cmd                                  0x20000f0c   Data          12  main.o(.bss)
    mcu_sta1                                 0x20000f18   Data          12  main.o(.bss)
    xQueueRegistry                           0x20000f24   Data          80  queue.o(.bss)
    __initial_sp                             0x20004b78   Data           0  startup_stm32f10x_hd.o(STACK)



==============================================================================

Memory Map of the image

  Image Entry point : 0x08000131

  Load Region LR_IROM1 (Base: 0x08000000, Size: 0x00004e48, Max: 0x00080000, ABSOLUTE, COMPRESSED[0x00004d2c])

    Execution Region ER_IROM1 (Exec base: 0x08000000, Load base: 0x08000000, Size: 0x00004d14, Max: 0x00080000, ABSOLUTE)

    Exec Addr    Load Addr    Size         Type   Attr      Idx    E Section Name        Object

    0x08000000   0x08000000   0x00000130   Data   RO            3    RESET               startup_stm32f10x_hd.o
    0x08000130   0x08000130   0x00000000   Code   RO         4498  * .ARM.Collect$$$$00000000  mc_w.l(entry.o)
    0x08000130   0x08000130   0x00000004   Code   RO         4800    .ARM.Collect$$$$00000001  mc_w.l(entry2.o)
    0x08000134   0x08000134   0x00000004   Code   RO         4803    .ARM.Collect$$$$00000004  mc_w.l(entry5.o)
    0x08000138   0x08000138   0x00000000   Code   RO         4805    .ARM.Collect$$$$00000008  mc_w.l(entry7b.o)
    0x08000138   0x08000138   0x00000000   Code   RO         4807    .ARM.Collect$$$$0000000A  mc_w.l(entry8b.o)
    0x08000138   0x08000138   0x00000008   Code   RO         4808    .ARM.Collect$$$$0000000B  mc_w.l(entry9a.o)
    0x08000140   0x08000140   0x00000004   Code   RO         4815    .ARM.Collect$$$$0000000E  mc_w.l(entry12b.o)
    0x08000144   0x08000144   0x00000000   Code   RO         4810    .ARM.Collect$$$$0000000F  mc_w.l(entry10a.o)
    0x08000144   0x08000144   0x00000000   Code   RO         4812    .ARM.Collect$$$$00000011  mc_w.l(entry11a.o)
    0x08000144   0x08000144   0x00000004   Code   RO         4801    .ARM.Collect$$$$00002712  mc_w.l(entry2.o)
    0x08000148   0x08000148   0x00000096   Code   RO         4378    .emb_text           port.o
    0x080001de   0x080001de   0x00000002   PAD
    0x080001e0   0x080001e0   0x00000024   Code   RO            4    .text               startup_stm32f10x_hd.o
    0x08000204   0x08000204   0x00000024   Code   RO         4501    .text               mc_w.l(memcpya.o)
    0x08000228   0x08000228   0x00000024   Code   RO         4503    .text               mc_w.l(memseta.o)
    0x0800024c   0x0800024c   0x0000014e   Code   RO         4772    .text               mf_w.l(dadd.o)
    0x0800039a   0x0800039a   0x000000e4   Code   RO         4774    .text               mf_w.l(dmul.o)
    0x0800047e   0x0800047e   0x000000de   Code   RO         4776    .text               mf_w.l(ddiv.o)
    0x0800055c   0x0800055c   0x00000012   Code   RO         4778    .text               mf_w.l(fflti.o)
    0x0800056e   0x0800056e   0x0000000a   Code   RO         4780    .text               mf_w.l(ffltui.o)
    0x08000578   0x08000578   0x00000022   Code   RO         4782    .text               mf_w.l(dflti.o)
    0x0800059a   0x0800059a   0x0000001a   Code   RO         4784    .text               mf_w.l(dfltui.o)
    0x080005b4   0x080005b4   0x0000003e   Code   RO         4786    .text               mf_w.l(dfixi.o)
    0x080005f2   0x080005f2   0x00000032   Code   RO         4788    .text               mf_w.l(dfixui.o)
    0x08000624   0x08000624   0x00000026   Code   RO         4790    .text               mf_w.l(f2d.o)
    0x0800064a   0x0800064a   0x00000002   PAD
    0x0800064c   0x0800064c   0x00000030   Code   RO         4792    .text               mf_w.l(cdcmple.o)
    0x0800067c   0x0800067c   0x00000030   Code   RO         4794    .text               mf_w.l(cdrcmple.o)
    0x080006ac   0x080006ac   0x00000038   Code   RO         4796    .text               mf_w.l(d2f.o)
    0x080006e4   0x080006e4   0x00000014   Code   RO         4798    .text               mf_w.l(cfrcmple.o)
    0x080006f8   0x080006f8   0x0000002c   Code   RO         4817    .text               mc_w.l(uidiv.o)
    0x08000724   0x08000724   0x0000001e   Code   RO         4821    .text               mc_w.l(llshl.o)
    0x08000742   0x08000742   0x00000020   Code   RO         4823    .text               mc_w.l(llushr.o)
    0x08000762   0x08000762   0x00000024   Code   RO         4825    .text               mc_w.l(llsshr.o)
    0x08000786   0x08000786   0x00000000   Code   RO         4827    .text               mc_w.l(iusefp.o)
    0x08000786   0x08000786   0x0000006e   Code   RO         4828    .text               mf_w.l(fepilogue.o)
    0x080007f4   0x080007f4   0x000000ba   Code   RO         4830    .text               mf_w.l(depilogue.o)
    0x080008ae   0x080008ae   0x00000002   PAD
    0x080008b0   0x080008b0   0x00000024   Code   RO         4834    .text               mc_w.l(init.o)
    0x080008d4   0x080008d4   0x00000056   Code   RO         4844    .text               mc_w.l(__dczerorl2.o)
    0x0800092a   0x0800092a   0x00000016   Code   RO          183    i.ADC_Cmd           stm32f10x_adc.o
    0x08000940   0x08000940   0x0000005c   Code   RO          185    i.ADC_DeInit        stm32f10x_adc.o
    0x0800099c   0x0800099c   0x00000014   Code   RO          191    i.ADC_GetCalibrationStatus  stm32f10x_adc.o
    0x080009b0   0x080009b0   0x00000008   Code   RO          192    i.ADC_GetConversionValue  stm32f10x_adc.o
    0x080009b8   0x080009b8   0x00000012   Code   RO          194    i.ADC_GetFlagStatus  stm32f10x_adc.o
    0x080009ca   0x080009ca   0x00000014   Code   RO          197    i.ADC_GetResetCalibrationStatus  stm32f10x_adc.o
    0x080009de   0x080009de   0x00000002   PAD
    0x080009e0   0x080009e0   0x000000d4   Code   RO         3108    i.ADC_Get_Throttle_Signal  main.o
    0x08000ab4   0x08000ab4   0x00000050   Code   RO          201    i.ADC_Init          stm32f10x_adc.o
    0x08000b04   0x08000b04   0x000000b8   Code   RO          205    i.ADC_RegularChannelConfig  stm32f10x_adc.o
    0x08000bbc   0x08000bbc   0x0000000a   Code   RO          206    i.ADC_ResetCalibration  stm32f10x_adc.o
    0x08000bc6   0x08000bc6   0x0000007a   Code   RO         3363    i.ADC_SingleMode_GetAverageValue  adc.o
    0x08000c40   0x08000c40   0x00000016   Code   RO          208    i.ADC_SoftwareStartConvCmd  stm32f10x_adc.o
    0x08000c56   0x08000c56   0x0000000a   Code   RO          210    i.ADC_StartCalibration  stm32f10x_adc.o
    0x08000c60   0x08000c60   0x0000008c   Code   RO         3364    i.Adc1_Init         adc.o
    0x08000cec   0x08000cec   0x0000008c   Code   RO         3365    i.Adc2_Init         adc.o
    0x08000d78   0x08000d78   0x0000049c   Code   RO         3109    i.AppTaskCreate     main.o
    0x08001214   0x08001214   0x00000026   Code   RO         3110    i.BSP_Init          main.o
    0x0800123a   0x0800123a   0x00000004   Code   RO         3252    i.BusFault_Handler  stm32f10x_it.o
    0x0800123e   0x0800123e   0x00000002   PAD
    0x08001240   0x08001240   0x000000a8   Code   RO          479    i.CAN_ClearITPendingBit  stm32f10x_can.o
    0x080012e8   0x080012e8   0x00000014   Code   RO         3387    i.CAN_Config        can.o
    0x080012fc   0x080012fc   0x00000038   Code   RO          481    i.CAN_DeInit        stm32f10x_can.o
    0x08001334   0x08001334   0x00000108   Code   RO          483    i.CAN_FilterInit    stm32f10x_can.o
    0x0800143c   0x0800143c   0x00000044   Code   RO         3388    i.CAN_Filter_Config  can.o
    0x08001480   0x08001480   0x00000044   Code   RO         3389    i.CAN_GPIO_Config   can.o
    0x080014c4   0x080014c4   0x00000120   Code   RO          485    i.CAN_GetITStatus   stm32f10x_can.o
    0x080015e4   0x080015e4   0x00000012   Code   RO          489    i.CAN_ITConfig      stm32f10x_can.o
    0x080015f6   0x080015f6   0x00000114   Code   RO          490    i.CAN_Init          stm32f10x_can.o
    0x0800170a   0x0800170a   0x00000002   PAD
    0x0800170c   0x0800170c   0x00000058   Code   RO         3390    i.CAN_Mode_Config   can.o
    0x08001764   0x08001764   0x00000020   Code   RO         3391    i.CAN_NVIC_Config   can.o
    0x08001784   0x08001784   0x000001a8   Code   RO         3111    i.CAN_RX_HANDLE     main.o
    0x0800192c   0x0800192c   0x000000f0   Code   RO          493    i.CAN_Receive       stm32f10x_can.o
    0x08001a1c   0x08001a1c   0x00000020   Code   RO          496    i.CAN_StructInit    stm32f10x_can.o
    0x08001a3c   0x08001a3c   0x00000126   Code   RO          498    i.CAN_Transmit      stm32f10x_can.o
    0x08001b62   0x08001b62   0x00000002   PAD
    0x08001b64   0x08001b64   0x000000a0   Code   RO          499    i.CAN_TransmitStatus  stm32f10x_can.o
    0x08001c04   0x08001c04   0x00000074   Code   RO         3392    i.Can_Send_Msg      can.o
    0x08001c78   0x08001c78   0x00000012   Code   RO          501    i.CheckITStatus     stm32f10x_can.o
    0x08001c8a   0x08001c8a   0x00000002   Code   RO         3253    i.DebugMon_Handler  stm32f10x_it.o
    0x08001c8c   0x08001c8c   0x00000044   Code   RO         3331    i.Delay_Init        bsp_delay.o
    0x08001cd0   0x08001cd0   0x00000116   Code   RO         1292    i.GPIO_Init         stm32f10x_gpio.o
    0x08001de6   0x08001de6   0x00000002   PAD
    0x08001de8   0x08001de8   0x00000020   Code   RO         3254    i.HardFault_Handler  stm32f10x_it.o
    0x08001e08   0x08001e08   0x0000023c   Code   RO         3112    i.LINEAR_SPEED_DEAL  main.o
    0x08002044   0x08002044   0x000000a8   Code   RO         3432    i.MCU_STATUS1_ParseData  hgw_protocol.o
    0x080020ec   0x080020ec   0x00000078   Code   RO         3113    i.MCU_STATUS1_Show  main.o
    0x08002164   0x08002164   0x00000046   Code   RO         3433    i.MCU_STATUS2_ParseData  hgw_protocol.o
    0x080021aa   0x080021aa   0x00000002   PAD
    0x080021ac   0x080021ac   0x0000007c   Code   RO         3114    i.MCU_STATUS2_Show  main.o
    0x08002228   0x08002228   0x00000098   Code   RO         3434    i.MCU_STATUS3_ParseData  hgw_protocol.o
    0x080022c0   0x080022c0   0x0000007c   Code   RO         3115    i.MCU_STATUS3_Show  main.o
    0x0800233c   0x0800233c   0x000001b2   Code   RO         3435    i.MCU_STATUS4_ParseData  hgw_protocol.o
    0x080024ee   0x080024ee   0x00000002   PAD
    0x080024f0   0x080024f0   0x00000078   Code   RO         3116    i.MCU_STATUS4_Show  main.o
    0x08002568   0x08002568   0x00000004   Code   RO         3255    i.MemManage_Handler  stm32f10x_it.o
    0x0800256c   0x0800256c   0x00000002   Code   RO         3256    i.NMI_Handler       stm32f10x_it.o
    0x0800256e   0x0800256e   0x00000002   PAD
    0x08002570   0x08002570   0x00000070   Code   RO          137    i.NVIC_Init         misc.o
    0x080025e0   0x080025e0   0x00000014   Code   RO          138    i.NVIC_PriorityGroupConfig  misc.o
    0x080025f4   0x080025f4   0x00000018   Code   RO         1706    i.RCC_ADCCLKConfig  stm32f10x_rcc.o
    0x0800260c   0x0800260c   0x00000020   Code   RO         1708    i.RCC_APB1PeriphClockCmd  stm32f10x_rcc.o
    0x0800262c   0x0800262c   0x00000020   Code   RO         1709    i.RCC_APB1PeriphResetCmd  stm32f10x_rcc.o
    0x0800264c   0x0800264c   0x00000020   Code   RO         1710    i.RCC_APB2PeriphClockCmd  stm32f10x_rcc.o
    0x0800266c   0x0800266c   0x00000020   Code   RO         1711    i.RCC_APB2PeriphResetCmd  stm32f10x_rcc.o
    0x0800268c   0x0800268c   0x000000d4   Code   RO         1718    i.RCC_GetClocksFreq  stm32f10x_rcc.o
    0x08002760   0x08002760   0x00000008   Code   RO           24    i.SetSysClock       system_stm32f10x.o
    0x08002768   0x08002768   0x000000e0   Code   RO           25    i.SetSysClockTo72   system_stm32f10x.o
    0x08002848   0x08002848   0x00000028   Code   RO          141    i.SysTick_CLKSourceConfig  misc.o
    0x08002870   0x08002870   0x00000010   Code   RO         3257    i.SysTick_Handler   stm32f10x_it.o
    0x08002880   0x08002880   0x00000060   Code   RO           27    i.SystemInit        system_stm32f10x.o
    0x080028e0   0x080028e0   0x00000018   Code   RO         2878    i.USART_Cmd         stm32f10x_usart.o
    0x080028f8   0x080028f8   0x000000d8   Code   RO         2885    i.USART_Init        stm32f10x_usart.o
    0x080029d0   0x080029d0   0x0000007c   Code   RO         3393    i.USB_LP_CAN1_RX0_IRQHandler  can.o
    0x08002a4c   0x08002a4c   0x00000004   Code   RO         3258    i.UsageFault_Handler  stm32f10x_it.o
    0x08002a50   0x08002a50   0x000001e0   Code   RO         3117    i.VCU_Brake_Task    main.o
    0x08002c30   0x08002c30   0x00000072   Code   RO         3437    i.VCU_COMMAD_ParaCheck  hgw_protocol.o
    0x08002ca2   0x08002ca2   0x00000002   PAD
    0x08002ca4   0x08002ca4   0x0000006c   Code   RO         3118    i.VCU_COMMAND_Send  main.o
    0x08002d10   0x08002d10   0x000000bc   Code   RO         3439    i.VCU_COMMAND_SendData_Process  hgw_protocol.o
    0x08002dcc   0x08002dcc   0x00000020   Code   RO         4600    i.__0printf$3       mc_w.l(printf3.o)
    0x08002dec   0x08002dec   0x0000000e   Code   RO         4838    i.__scatterload_copy  mc_w.l(handlers.o)
    0x08002dfa   0x08002dfa   0x00000002   Code   RO         4839    i.__scatterload_null  mc_w.l(handlers.o)
    0x08002dfc   0x08002dfc   0x0000000e   Code   RO         4840    i.__scatterload_zeroinit  mc_w.l(handlers.o)
    0x08002e0a   0x08002e0a   0x00000002   PAD
    0x08002e0c   0x08002e0c   0x000001b8   Code   RO         4607    i._printf_core      mc_w.l(printf3.o)
    0x08002fc4   0x08002fc4   0x0000001c   Code   RO         3303    i.fputc             usart.o
    0x08002fe0   0x08002fe0   0x0000008c   Code   RO         3119    i.main              main.o
    0x0800306c   0x0800306c   0x00000098   Code   RO         3872    i.prvAddCurrentTaskToDelayedList  tasks.o
    0x08003104   0x08003104   0x000000b8   Code   RO         3873    i.prvAddNewTaskToReadyList  tasks.o
    0x080031bc   0x080031bc   0x00000074   Code   RO         4242    i.prvCheckForValidListAndQueue  timers.o
    0x08003230   0x08003230   0x00000064   Code   RO         3874    i.prvCheckTasksWaitingTermination  tasks.o
    0x08003294   0x08003294   0x0000002a   Code   RO         3645    i.prvCopyDataFromQueue  queue.o
    0x080032be   0x080032be   0x0000007c   Code   RO         3646    i.prvCopyDataToQueue  queue.o
    0x0800333a   0x0800333a   0x00000028   Code   RO         3875    i.prvDeleteTCB      tasks.o
    0x08003362   0x08003362   0x00000002   PAD
    0x08003364   0x08003364   0x00000028   Code   RO         4243    i.prvGetNextExpireTime  timers.o
    0x0800338c   0x0800338c   0x0000007c   Code   RO         4449    i.prvHeapInit       heap_4.o
    0x08003408   0x08003408   0x00000028   Code   RO         3876    i.prvIdleTask       tasks.o
    0x08003430   0x08003430   0x0000002e   Code   RO         3648    i.prvInitialiseNewQueue  queue.o
    0x0800345e   0x0800345e   0x00000090   Code   RO         3877    i.prvInitialiseNewTask  tasks.o
    0x080034ee   0x080034ee   0x00000002   PAD
    0x080034f0   0x080034f0   0x00000068   Code   RO         3878    i.prvInitialiseTaskLists  tasks.o
    0x08003558   0x08003558   0x00000068   Code   RO         4450    i.prvInsertBlockIntoFreeList  heap_4.o
    0x080035c0   0x080035c0   0x00000058   Code   RO         4245    i.prvInsertTimerInActiveList  timers.o
    0x08003618   0x08003618   0x0000001a   Code   RO         3649    i.prvIsQueueEmpty   queue.o
    0x08003632   0x08003632   0x0000001e   Code   RO         3650    i.prvIsQueueFull    queue.o
    0x08003650   0x08003650   0x00000052   Code   RO         3651    i.prvNotifyQueueSetContainer  queue.o
    0x080036a2   0x080036a2   0x00000002   PAD
    0x080036a4   0x080036a4   0x0000004c   Code   RO         4246    i.prvProcessExpiredTimer  timers.o
    0x080036f0   0x080036f0   0x000000d4   Code   RO         4247    i.prvProcessReceivedCommands  timers.o
    0x080037c4   0x080037c4   0x00000074   Code   RO         4248    i.prvProcessTimerOrBlockTask  timers.o
    0x08003838   0x08003838   0x00000034   Code   RO         3880    i.prvResetNextTaskUnblockTime  tasks.o
    0x0800386c   0x0800386c   0x0000002c   Code   RO         4249    i.prvSampleTimeNow  timers.o
    0x08003898   0x08003898   0x00000084   Code   RO         4250    i.prvSwitchTimerLists  timers.o
    0x0800391c   0x0800391c   0x00000016   Code   RO         4379    i.prvTaskExitError  port.o
    0x08003932   0x08003932   0x0000001e   Code   RO         3495    i.prvTestWaitCondition  event_groups.o
    0x08003950   0x08003950   0x0000001a   Code   RO         4251    i.prvTimerTask      timers.o
    0x0800396a   0x0800396a   0x00000092   Code   RO         3652    i.prvUnlockQueue    queue.o
    0x080039fc   0x080039fc   0x000000d0   Code   RO         4451    i.pvPortMalloc      heap_4.o
    0x08003acc   0x08003acc   0x00000020   Code   RO         3884    i.pvTaskIncrementMutexHeldCount  tasks.o
    0x08003aec   0x08003aec   0x00000024   Code   RO         4380    i.pxPortInitialiseStack  port.o
    0x08003b10   0x08003b10   0x00000094   Code   RO         3304    i.uart_init         usart.o
    0x08003ba4   0x08003ba4   0x00000028   Code   RO         3608    i.uxListRemove      list.o
    0x08003bcc   0x08003bcc   0x0000001c   Code   RO         3891    i.uxTaskResetEventItemValue  tasks.o
    0x08003be8   0x08003be8   0x00000018   Code   RO         3120    i.vApplicationGetIdleTaskMemory  main.o
    0x08003c00   0x08003c00   0x00000018   Code   RO         3121    i.vApplicationGetTimerTaskMemory  main.o
    0x08003c18   0x08003c18   0x0000001a   Code   RO         3609    i.vListInitialise   list.o
    0x08003c32   0x08003c32   0x00000006   Code   RO         3610    i.vListInitialiseItem  list.o
    0x08003c38   0x08003c38   0x00000034   Code   RO         3611    i.vListInsert       list.o
    0x08003c6c   0x08003c6c   0x00000018   Code   RO         3612    i.vListInsertEnd    list.o
    0x08003c84   0x08003c84   0x00000024   Code   RO         4382    i.vPortEnterCritical  port.o
    0x08003ca8   0x08003ca8   0x00000020   Code   RO         4383    i.vPortExitCritical  port.o
    0x08003cc8   0x08003cc8   0x00000048   Code   RO         4452    i.vPortFree         heap_4.o
    0x08003d10   0x08003d10   0x00000014   Code   RO         4384    i.vPortSetupTimerInterrupt  port.o
    0x08003d24   0x08003d24   0x0000002c   Code   RO         3658    i.vQueueAddToRegistry  queue.o
    0x08003d50   0x08003d50   0x0000004a   Code   RO         3662    i.vQueueWaitForMessageRestricted  queue.o
    0x08003d9a   0x08003d9a   0x00000002   PAD
    0x08003d9c   0x08003d9c   0x00000034   Code   RO         3892    i.vTaskDelay        tasks.o
    0x08003dd0   0x08003dd0   0x000000cc   Code   RO         3894    i.vTaskDelete       tasks.o
    0x08003e9c   0x08003e9c   0x0000000c   Code   RO         3898    i.vTaskMissedYield  tasks.o
    0x08003ea8   0x08003ea8   0x00000020   Code   RO         3900    i.vTaskPlaceOnEventList  tasks.o
    0x08003ec8   0x08003ec8   0x00000028   Code   RO         3901    i.vTaskPlaceOnEventListRestricted  tasks.o
    0x08003ef0   0x08003ef0   0x0000002c   Code   RO         3902    i.vTaskPlaceOnUnorderedEventList  tasks.o
    0x08003f1c   0x08003f1c   0x000000b0   Code   RO         3903    i.vTaskPriorityInherit  tasks.o
    0x08003fcc   0x08003fcc   0x00000018   Code   RO         3907    i.vTaskSetTimeOutState  tasks.o
    0x08003fe4   0x08003fe4   0x00000094   Code   RO         3908    i.vTaskStartScheduler  tasks.o
    0x08004078   0x08004078   0x00000010   Code   RO         3910    i.vTaskSuspendAll   tasks.o
    0x08004088   0x08004088   0x00000060   Code   RO         3911    i.vTaskSwitchContext  tasks.o
    0x080040e8   0x080040e8   0x0000001e   Code   RO         3502    i.xEventGroupCreate  event_groups.o
    0x08004106   0x08004106   0x00000092   Code   RO         3505    i.xEventGroupSetBits  event_groups.o
    0x08004198   0x08004198   0x000000c8   Code   RO         3508    i.xEventGroupWaitBits  event_groups.o
    0x08004260   0x08004260   0x00000034   Code   RO         4385    i.xPortStartScheduler  port.o
    0x08004294   0x08004294   0x00000034   Code   RO         4386    i.xPortSysTickHandler  port.o
    0x080042c8   0x080042c8   0x0000003e   Code   RO         3667    i.xQueueGenericCreate  queue.o
    0x08004306   0x08004306   0x0000002e   Code   RO         3668    i.xQueueGenericCreateStatic  queue.o
    0x08004334   0x08004334   0x0000015c   Code   RO         3669    i.xQueueGenericReceive  queue.o
    0x08004490   0x08004490   0x00000080   Code   RO         3670    i.xQueueGenericReset  queue.o
    0x08004510   0x08004510   0x00000138   Code   RO         3671    i.xQueueGenericSend  queue.o
    0x08004648   0x08004648   0x0000009c   Code   RO         3672    i.xQueueGenericSendFromISR  queue.o
    0x080046e4   0x080046e4   0x0000008e   Code   RO         3673    i.xQueueGiveFromISR  queue.o
    0x08004772   0x08004772   0x00000002   PAD
    0x08004774   0x08004774   0x0000005c   Code   RO         3912    i.xTaskCheckForTimeOut  tasks.o
    0x080047d0   0x080047d0   0x00000064   Code   RO         3913    i.xTaskCreate       tasks.o
    0x08004834   0x08004834   0x0000004e   Code   RO         3914    i.xTaskCreateStatic  tasks.o
    0x08004882   0x08004882   0x00000002   PAD
    0x08004884   0x08004884   0x00000020   Code   RO         3918    i.xTaskGetSchedulerState  tasks.o
    0x080048a4   0x080048a4   0x0000000c   Code   RO         3919    i.xTaskGetTickCount  tasks.o
    0x080048b0   0x080048b0   0x0000011c   Code   RO         3921    i.xTaskIncrementTick  tasks.o
    0x080049cc   0x080049cc   0x00000084   Code   RO         3924    i.xTaskPriorityDisinherit  tasks.o
    0x08004a50   0x08004a50   0x00000080   Code   RO         3925    i.xTaskRemoveFromEventList  tasks.o
    0x08004ad0   0x08004ad0   0x00000070   Code   RO         3926    i.xTaskRemoveFromUnorderedEventList  tasks.o
    0x08004b40   0x08004b40   0x000000e8   Code   RO         3927    i.xTaskResumeAll    tasks.o
    0x08004c28   0x08004c28   0x00000060   Code   RO         4256    i.xTimerCreateTimerTask  timers.o
    0x08004c88   0x08004c88   0x0000006c   Code   RO         4257    i.xTimerGenericCommand  timers.o
    0x08004cf4   0x08004cf4   0x00000020   Data   RO         4836    Region$$Table       anon$$obj.o


    Execution Region RW_IRAM1 (Exec base: 0x20000000, Load base: 0x08004d14, Size: 0x00004b78, Max: 0x00010000, ABSOLUTE, COMPRESSED[0x00000018])

    Exec Addr    Load Addr    Size         Type   Attr      Idx    E Section Name        Object

    0x20000000   COMPRESSED   0x00000014   Data   RW         1738    .data               stm32f10x_rcc.o
    0x20000014   COMPRESSED   0x000000aa   Data   RW         3123    .data               main.o
    0x200000be   COMPRESSED   0x00000004   Data   RW         3335    .data               bsp_delay.o
    0x200000c2   COMPRESSED   0x00000002   PAD
    0x200000c4   COMPRESSED   0x0000003c   Data   RW         3930    .data               tasks.o
    0x20000100   COMPRESSED   0x00000014   Data   RW         4265    .data               timers.o
    0x20000114   COMPRESSED   0x00000004   Data   RW         4387    .data               port.o
    0x20000118   COMPRESSED   0x00000018   Data   RW         4457    .data               heap_4.o
    0x20000130   COMPRESSED   0x00000004   Data   RW         4816    .data               mc_w.l(stdout.o)
    0x20000134        -       0x00000df0   Zero   RW         3122    .bss                main.o
    0x20000f24        -       0x00000050   Zero   RW         3681    .bss                queue.o
    0x20000f74        -       0x000002e4   Zero   RW         3929    .bss                tasks.o
    0x20001258        -       0x0000011c   Zero   RW         4264    .bss                timers.o
    0x20001374        -       0x00002800   Zero   RW         4456    .bss                heap_4.o
    0x20003b74   COMPRESSED   0x00000004   PAD
    0x20003b78        -       0x00001000   Zero   RW            1    STACK               startup_stm32f10x_hd.o


==============================================================================

Image component sizes


      Code (inc. data)   RO Data    RW Data    ZI Data      Debug   Object Name

       402         16          0          0          0       2369   adc.o
        68         10          0          4          0        833   bsp_delay.o
       516         36          0          0          0       4363   can.o
         0          0          0          0          0       4540   core_cm3.o
       406          6          0          0          0      21287   event_groups.o
       508         62          0         24      10240       3931   heap_4.o
      1126         24          0          0          0       4678   hgw_protocol.o
       148          0          0          0          0       3258   list.o
      3690       1260          0        170       3568      40089   main.o
       172         22          0          0          0       2305   misc.o
       400         50          0          4          0       9096   port.o
      1808         22          0          0         80      15337   queue.o
        36          8        304          0       4096        872   startup_stm32f10x_hd.o
       486         24          0          0          0       9306   stm32f10x_adc.o
      1814         44          0          0          0       8861   stm32f10x_can.o
       278          0          0          0          0       2092   stm32f10x_gpio.o
        64         22          0          0          0       3195   stm32f10x_it.o
       364         50          0         20          0       6587   stm32f10x_rcc.o
       240          6          0          0          0       3033   stm32f10x_usart.o
       328         28          0          0          0     247737   system_stm32f10x.o
      2922        422          0         60        740      39488   tasks.o
      1054        122          0         20        284       9159   timers.o
       176         12          0          0          0       2496   usart.o

    ----------------------------------------------------------------------
     17038       2246        336        304      19012     444912   Object Totals
         0          0         32          0          0          0   (incl. Generated)
        32          0          0          2          4          0   (incl. Padding)

    ----------------------------------------------------------------------

      Code (inc. data)   RO Data    RW Data    ZI Data      Debug   Library Member Name

        86          0          0          0          0          0   __dczerorl2.o
         0          0          0          0          0          0   entry.o
         0          0          0          0          0          0   entry10a.o
         0          0          0          0          0          0   entry11a.o
         4          0          0          0          0          0   entry12b.o
         8          4          0          0          0          0   entry2.o
         4          0          0          0          0          0   entry5.o
         0          0          0          0          0          0   entry7b.o
         0          0          0          0          0          0   entry8b.o
         8          4          0          0          0          0   entry9a.o
        30          0          0          0          0          0   handlers.o
        36          8          0          0          0         68   init.o
         0          0          0          0          0          0   iusefp.o
        30          0          0          0          0         68   llshl.o
        36          0          0          0          0         68   llsshr.o
        32          0          0          0          0         68   llushr.o
        36          0          0          0          0         68   memcpya.o
        36          0          0          0          0        108   memseta.o
       472         14          0          0          0        184   printf3.o
         0          0          0          4          0          0   stdout.o
        44          0          0          0          0         80   uidiv.o
        48          0          0          0          0         68   cdcmple.o
        48          0          0          0          0         68   cdrcmple.o
        20          0          0          0          0         68   cfrcmple.o
        56          0          0          0          0         88   d2f.o
       334          0          0          0          0        148   dadd.o
       222          0          0          0          0        100   ddiv.o
       186          0          0          0          0        176   depilogue.o
        62          0          0          0          0         80   dfixi.o
        50          0          0          0          0         76   dfixui.o
        34          0          0          0          0         76   dflti.o
        26          0          0          0          0         76   dfltui.o
       228          0          0          0          0         96   dmul.o
        38          0          0          0          0         68   f2d.o
       110          0          0          0          0        168   fepilogue.o
        18          0          0          0          0         68   fflti.o
        10          0          0          0          0         68   ffltui.o

    ----------------------------------------------------------------------
      2358         30          0          4          0       2204   Library Totals
         6          0          0          0          0          0   (incl. Padding)

    ----------------------------------------------------------------------

      Code (inc. data)   RO Data    RW Data    ZI Data      Debug   Library Name

       862         30          0          4          0        712   mc_w.l
      1490          0          0          0          0       1492   mf_w.l

    ----------------------------------------------------------------------
      2358         30          0          4          0       2204   Library Totals

    ----------------------------------------------------------------------

==============================================================================


      Code (inc. data)   RO Data    RW Data    ZI Data      Debug   

     19396       2276        336        308      19012     438248   Grand Totals
     19396       2276        336         24      19012     438248   ELF Image Totals (compressed)
     19396       2276        336         24          0          0   ROM Totals

==============================================================================

    Total RO  Size (Code + RO Data)                19732 (  19.27kB)
    Total RW  Size (RW Data + ZI Data)             19320 (  18.87kB)
    Total ROM Size (Code + RO Data + RW Data)      19756 (  19.29kB)

==============================================================================

