Component: ARM Compiler 5.06 update 7 (build 960) Tool: armlink [4d3601]

==============================================================================

Section Cross References

    startup_stm32f10x_hd.o(RESET) refers to startup_stm32f10x_hd.o(STACK) for __initial_sp
    startup_stm32f10x_hd.o(RESET) refers to startup_stm32f10x_hd.o(.text) for Reset_Handler
    startup_stm32f10x_hd.o(RESET) refers to stm32f10x_it.o(i.NMI_Handler) for NMI_Handler
    startup_stm32f10x_hd.o(RESET) refers to stm32f10x_it.o(i.HardFault_Handler) for HardFault_Handler
    startup_stm32f10x_hd.o(RESET) refers to stm32f10x_it.o(i.MemManage_Handler) for MemManage_Handler
    startup_stm32f10x_hd.o(RESET) refers to stm32f10x_it.o(i.BusFault_Handler) for BusFault_Handler
    startup_stm32f10x_hd.o(RESET) refers to stm32f10x_it.o(i.UsageFault_Handler) for UsageFault_Handler
    startup_stm32f10x_hd.o(RESET) refers to port.o(.emb_text) for SVC_Handler
    startup_stm32f10x_hd.o(RESET) refers to stm32f10x_it.o(i.DebugMon_Handler) for DebugMon_Handler
    startup_stm32f10x_hd.o(RESET) refers to stm32f10x_it.o(i.SysTick_Handler) for SysTick_Handler
    startup_stm32f10x_hd.o(RESET) refers to can.o(i.USB_LP_CAN1_RX0_IRQHandler) for USB_LP_CAN1_RX0_IRQHandler
    startup_stm32f10x_hd.o(.text) refers to system_stm32f10x.o(i.SystemInit) for SystemInit
    startup_stm32f10x_hd.o(.text) refers to entry.o(.ARM.Collect$$$$00000000) for __main
    system_stm32f10x.o(i.SetSysClock) refers to system_stm32f10x.o(i.SetSysClockTo72) for SetSysClockTo72
    system_stm32f10x.o(i.SystemCoreClockUpdate) refers to system_stm32f10x.o(.data) for SystemCoreClock
    system_stm32f10x.o(i.SystemInit) refers to system_stm32f10x.o(i.SetSysClock) for SetSysClock
    stm32f10x_adc.o(i.ADC_DeInit) refers to stm32f10x_rcc.o(i.RCC_APB2PeriphResetCmd) for RCC_APB2PeriphResetCmd
    stm32f10x_bkp.o(i.BKP_DeInit) refers to stm32f10x_rcc.o(i.RCC_BackupResetCmd) for RCC_BackupResetCmd
    stm32f10x_can.o(i.CAN_DeInit) refers to stm32f10x_rcc.o(i.RCC_APB1PeriphResetCmd) for RCC_APB1PeriphResetCmd
    stm32f10x_can.o(i.CAN_GetITStatus) refers to stm32f10x_can.o(i.CheckITStatus) for CheckITStatus
    stm32f10x_cec.o(i.CEC_DeInit) refers to stm32f10x_rcc.o(i.RCC_APB1PeriphResetCmd) for RCC_APB1PeriphResetCmd
    stm32f10x_dac.o(i.DAC_DeInit) refers to stm32f10x_rcc.o(i.RCC_APB1PeriphResetCmd) for RCC_APB1PeriphResetCmd
    stm32f10x_flash.o(i.FLASH_EnableWriteProtection) refers to stm32f10x_flash.o(i.FLASH_WaitForLastOperation) for FLASH_WaitForLastOperation
    stm32f10x_flash.o(i.FLASH_EraseAllBank1Pages) refers to stm32f10x_flash.o(i.FLASH_WaitForLastBank1Operation) for FLASH_WaitForLastBank1Operation
    stm32f10x_flash.o(i.FLASH_EraseAllPages) refers to stm32f10x_flash.o(i.FLASH_WaitForLastOperation) for FLASH_WaitForLastOperation
    stm32f10x_flash.o(i.FLASH_EraseOptionBytes) refers to stm32f10x_flash.o(i.FLASH_GetReadOutProtectionStatus) for FLASH_GetReadOutProtectionStatus
    stm32f10x_flash.o(i.FLASH_EraseOptionBytes) refers to stm32f10x_flash.o(i.FLASH_WaitForLastOperation) for FLASH_WaitForLastOperation
    stm32f10x_flash.o(i.FLASH_ErasePage) refers to stm32f10x_flash.o(i.FLASH_WaitForLastOperation) for FLASH_WaitForLastOperation
    stm32f10x_flash.o(i.FLASH_ProgramHalfWord) refers to stm32f10x_flash.o(i.FLASH_WaitForLastOperation) for FLASH_WaitForLastOperation
    stm32f10x_flash.o(i.FLASH_ProgramOptionByteData) refers to stm32f10x_flash.o(i.FLASH_WaitForLastOperation) for FLASH_WaitForLastOperation
    stm32f10x_flash.o(i.FLASH_ProgramWord) refers to stm32f10x_flash.o(i.FLASH_WaitForLastOperation) for FLASH_WaitForLastOperation
    stm32f10x_flash.o(i.FLASH_ReadOutProtection) refers to stm32f10x_flash.o(i.FLASH_WaitForLastOperation) for FLASH_WaitForLastOperation
    stm32f10x_flash.o(i.FLASH_UserOptionByteConfig) refers to stm32f10x_flash.o(i.FLASH_WaitForLastOperation) for FLASH_WaitForLastOperation
    stm32f10x_flash.o(i.FLASH_WaitForLastBank1Operation) refers to stm32f10x_flash.o(i.FLASH_GetBank1Status) for FLASH_GetBank1Status
    stm32f10x_flash.o(i.FLASH_WaitForLastOperation) refers to stm32f10x_flash.o(i.FLASH_GetBank1Status) for FLASH_GetBank1Status
    stm32f10x_gpio.o(i.GPIO_AFIODeInit) refers to stm32f10x_rcc.o(i.RCC_APB2PeriphResetCmd) for RCC_APB2PeriphResetCmd
    stm32f10x_gpio.o(i.GPIO_DeInit) refers to stm32f10x_rcc.o(i.RCC_APB2PeriphResetCmd) for RCC_APB2PeriphResetCmd
    stm32f10x_i2c.o(i.I2C_DeInit) refers to stm32f10x_rcc.o(i.RCC_APB1PeriphResetCmd) for RCC_APB1PeriphResetCmd
    stm32f10x_i2c.o(i.I2C_Init) refers to stm32f10x_rcc.o(i.RCC_GetClocksFreq) for RCC_GetClocksFreq
    stm32f10x_pwr.o(i.PWR_DeInit) refers to stm32f10x_rcc.o(i.RCC_APB1PeriphResetCmd) for RCC_APB1PeriphResetCmd
    stm32f10x_rcc.o(i.RCC_GetClocksFreq) refers to stm32f10x_rcc.o(.data) for APBAHBPrescTable
    stm32f10x_rcc.o(i.RCC_WaitForHSEStartUp) refers to stm32f10x_rcc.o(i.RCC_GetFlagStatus) for RCC_GetFlagStatus
[...]
    i.USART_Init                             0x08003100   Section        0  stm32f10x_usart.o(i.USART_Init)
    i.USB_LP_CAN1_RX0_IRQHandler             0x080031d8   Section        0  can.o(i.USB_LP_CAN1_RX0_IRQHandler)
    i.UsageFault_Handler                     0x08003254   Section        0  stm32f10x_it.o(i.UsageFault_Handler)
    i.VCU_Brake_Task                         0x08003258   Section        0  main.o(i.VCU_Brake_Task)
    VCU_Brake_Task                           0x08003259   Thumb Code   416  main.o(i.VCU_Brake_Task)
    i.VCU_COMMAD2_ParaCheck                  0x08003438   Section        0  hgw_protocol.o(i.VCU_COMMAD2_ParaCheck)
    i.VCU_COMMAD_ParaCheck                   0x08003484   Section        0  hgw_protocol.o(i.VCU_COMMAD_ParaCheck)
    i.VCU_COMMAND2_SendData_Process          0x080034f6   Section        0  hgw_protocol.o(i.VCU_COMMAND2_SendData_Process)
    i.VCU_COMMAND_Send                       0x08003548   Section        0  main.o(i.VCU_COMMAND_Send)
    VCU_COMMAND_Send                         0x08003549   Thumb Code    94  main.o(i.VCU_COMMAND_Send)
    i.VCU_COMMAND_SendData_Process           0x080035b4   Section        0  hgw_protocol.o(i.VCU_COMMAND_SendData_Process)
    i.WitCanDataIn                           0x08003670   Section        0  wit_c_sdk.o(i.WitCanDataIn)
    i.WitCanWriteRegister                    0x080036d0   Section        0  wit_c_sdk.o(i.WitCanWriteRegister)
    i.WitDelayMsRegister                     0x080036e8   Section        0  wit_c_sdk.o(i.WitDelayMsRegister)
    i.WitInit                                0x08003700   Section        0  wit_c_sdk.o(i.WitInit)
    i.WitRegisterCallBack                    0x0800372c   Section        0  wit_c_sdk.o(i.WitRegisterCallBack)
    i.WitStartAccCali                        0x08003744   Section        0  wit_c_sdk.o(i.WitStartAccCali)
    i.WitStartMagCali                        0x08003794   Section        0  wit_c_sdk.o(i.WitStartMagCali)
    i.WitStopMagCali                         0x080037e4   Section        0  wit_c_sdk.o(i.WitStopMagCali)
    i.WitWriteReg                            0x08003834   Section        0  wit_c_sdk.o(i.WitWriteReg)
    i.Wit_Can_Send_Msg                       0x08003970   Section        0  can.o(i.Wit_Can_Send_Msg)
    i.Wit_Dat_HANDLE                         0x080039d8   Section        0  main.o(i.Wit_Dat_HANDLE)
    Wit_Dat_HANDLE                           0x080039d9   Thumb Code   432  main.o(i.Wit_Dat_HANDLE)
    i.Wit_Delayms                            0x08003bf4   Section        0  wit_c_sdk.o(i.Wit_Delayms)
    i.__0printf                              0x08003c00   Section        0  printfa.o(i.__0printf)
    i.__CRC16                                0x08003c20   Section        0  wit_c_sdk.o(i.__CRC16)
    __CRC16                                  0x08003c21   Thumb Code    48  wit_c_sdk.o(i.__CRC16)
    i.__scatterload_copy                     0x08003c58   Section       14  handlers.o(i.__scatterload_copy)
    i.__scatterload_null                     0x08003c66   Section        2  handlers.o(i.__scatterload_null)
    i.__scatterload_zeroinit                 0x08003c68   Section       14  handlers.o(i.__scatterload_zeroinit)
    i._fp_digits                             0x08003c78   Section        0  printfa.o(i._fp_digits)
    _fp_digits                               0x08003c79   Thumb Code   366  printfa.o(i._fp_digits)
    i._printf_core                           0x08003dfc   Section        0  printfa.o(i._printf_core)
    _printf_core                             0x08003dfd   Thumb Code  1704  printfa.o(i._printf_core)
    i._printf_post_padding                   0x080044b0   Section        0  printfa.o(i._printf_post_padding)
    _printf_post_padding                     0x080044b1   Thumb Code    36  printfa.o(i._printf_post_padding)
    i._printf_pre_padding                    0x080044d4   Section        0  printfa.o(i._printf_pre_padding)
    _printf_pre_padding                      0x080044d5   Thumb Code    46  printfa.o(i._printf_pre_padding)
    i.dangwei_gpio_init                      0x08004504   Section        0  dangwei.o(i.dangwei_gpio_init)
    i.fputc                                  0x0800455c   Section        0  usart.o(i.fputc)
    i.main                                   0x08004578   Section        0  main.o(i.main)
    i.prvAddCurrentTaskToDelayedList         0x08004604   Section        0  tasks.o(i.prvAddCurrentTaskToDelayedList)
    prvAddCurrentTaskToDelayedList           0x08004605   Thumb Code   124  tasks.o(i.prvAddCurrentTaskToDelayedList)
    i.prvAddNewTaskToReadyList               0x0800469c   Section        0  tasks.o(i.prvAddNewTaskToReadyList)
    prvAddNewTaskToReadyList                 0x0800469d   Thumb Code   156  tasks.o(i.prvAddNewTaskToReadyList)
    i.prvCheckForValidListAndQueue           0x08004754   Section        0  timers.o(i.prvCheckForValidListAndQueue)
    prvCheckForValidListAndQueue             0x08004755   Thumb Code    78  timers.o(i.prvCheckForValidListAndQueue)
    i.prvCheckTasksWaitingTermination        0x080047c8   Section        0  tasks.o(i.prvCheckTasksWaitingTermination)
    prvCheckTasksWaitingTermination          0x080047c9   Thumb Code    86  tasks.o(i.prvCheckTasksWaitingTermination)
    i.prvCopyDataFromQueue                   0x0800482c   Section        0  queue.o(i.prvCopyDataFromQueue)
    prvCopyDataFromQueue                     0x0800482d   Thumb Code    42  queue.o(i.prvCopyDataFromQueue)
    i.prvCopyDataToQueue                     0x08004856   Section        0  queue.o(i.prvCopyDataToQueue)
    prvCopyDataToQueue                       0x08004857   Thumb Code   124  queue.o(i.prvCopyDataToQueue)
    i.prvDeleteTCB                           0x080048d2   Section        0  tasks.o(i.prvDeleteTCB)
    prvDeleteTCB                             0x080048d3   Thumb Code    40  tasks.o(i.prvDeleteTCB)
    i.prvGetNextExpireTime                   0x080048fc   Section        0  timers.o(i.prvGetNextExpireTime)
    prvGetNextExpireTime                     0x080048fd   Thumb Code    36  timers.o(i.prvGetNextExpireTime)
    i.prvHeapInit                            0x08004924   Section        0  heap_4.o(i.prvHeapInit)
    prvHeapInit                              0x08004925   Thumb Code    98  heap_4.o(i.prvHeapInit)
    i.prvIdleTask                            0x080049a0   Section        0  tasks.o(i.prvIdleTask)
    prvIdleTask                              0x080049a1   Thumb Code    32  tasks.o(i.prvIdleTask)
    i.prvInitialiseNewQueue                  0x080049c8   Section        0  queue.o(i.prvInitialiseNewQueue)
    prvInitialiseNewQueue                    0x080049c9   Thumb Code    46  queue.o(i.prvInitialiseNewQueue)
    i.prvInitialiseNewTask                   0x080049f6   Section        0  tasks.o(i.prvInitialiseNewTask)
    prvInitialiseNewTask                     0x080049f7   Thumb Code   144  tasks.o(i.prvInitialiseNewTask)
    i.prvInitialiseTaskLists                 0x08004a88   Section        0  tasks.o(i.prvInitialiseTaskLists)
    prvInitialiseTaskLists                   0x08004a89   Thumb Code    70  tasks.o(i.prvInitialiseTaskLists)
    i.prvInsertBlockIntoFreeList             0x08004af0   Section        0  heap_4.o(i.prvInsertBlockIntoFreeList)
    prvInsertBlockIntoFreeList               0x08004af1   Thumb Code    96  heap_4.o(i.prvInsertBlockIntoFreeList)
    i.prvInsertTimerInActiveList             0x08004b58   Section        0  timers.o(i.prvInsertTimerInActiveList)
    prvInsertTimerInActiveList               0x08004b59   Thumb Code    80  timers.o(i.prvInsertTimerInActiveList)
    i.prvIsQueueEmpty                        0x08004bb0   Section        0  queue.o(i.prvIsQueueEmpty)
    prvIsQueueEmpty                          0x08004bb1   Thumb Code    26  queue.o(i.prvIsQueueEmpty)
    i.prvIsQueueFull                         0x08004bca   Section        0  queue.o(i.prvIsQueueFull)
    prvIsQueueFull                           0x08004bcb   Thumb Code    30  queue.o(i.prvIsQueueFull)
    i.prvNotifyQueueSetContainer             0x08004be8   Section        0  queue.o(i.prvNotifyQueueSetContainer)
    prvNotifyQueueSetContainer               0x08004be9   Thumb Code    82  queue.o(i.prvNotifyQueueSetContainer)
    i.prvProcessExpiredTimer                 0x08004c3c   Section        0  timers.o(i.prvProcessExpiredTimer)
    prvProcessExpiredTimer                   0x08004c3d   Thumb Code    70  timers.o(i.prvProcessExpiredTimer)
    i.prvProcessReceivedCommands             0x08004c88   Section        0  timers.o(i.prvProcessReceivedCommands)
    prvProcessReceivedCommands               0x08004c89   Thumb Code   208  timers.o(i.prvProcessReceivedCommands)
    i.prvProcessTimerOrBlockTask             0x08004d5c   Section        0  timers.o(i.prvProcessTimerOrBlockTask)
    prvProcessTimerOrBlockTask               0x08004d5d   Thumb Code   102  timers.o(i.prvProcessTimerOrBlockTask)
    i.prvResetNextTaskUnblockTime            0x08004dd0   Section        0  tasks.o(i.prvResetNextTaskUnblockTime)
    prvResetNextTaskUnblockTime              0x08004dd1   Thumb Code    42  tasks.o(i.prvResetNextTaskUnblockTime)
    i.prvSampleTimeNow                       0x08004e04   Section        0  timers.o(i.prvSampleTimeNow)
    prvSampleTimeNow                         0x08004e05   Thumb Code    40  timers.o(i.prvSampleTimeNow)
    i.prvSwitchTimerLists                    0x08004e30   Section        0  timers.o(i.prvSwitchTimerLists)
    prvSwitchTimerLists                      0x08004e31   Thumb Code   122  timers.o(i.prvSwitchTimerLists)
    i.prvTaskExitError                       0x08004eb4   Section        0  port.o(i.prvTaskExitError)
    prvTaskExitError                         0x08004eb5   Thumb Code    22  port.o(i.prvTaskExitError)
    i.prvTestWaitCondition                   0x08004eca   Section        0  event_groups.o(i.prvTestWaitCondition)
    prvTestWaitCondition                     0x08004ecb   Thumb Code    30  event_groups.o(i.prvTestWaitCondition)
    i.prvTimerTask                           0x08004ee8   Section        0  timers.o(i.prvTimerTask)
    prvTimerTask                             0x08004ee9   Thumb Code    26  timers.o(i.prvTimerTask)
    i.prvUnlockQueue                         0x08004f02   Section        0  queue.o(i.prvUnlockQueue)
    prvUnlockQueue                           0x08004f03   Thumb Code   146  queue.o(i.prvUnlockQueue)
    i.pvPortMalloc                           0x08004f94   Section        0  heap_4.o(i.pvPortMalloc)
    i.pvTaskIncrementMutexHeldCount          0x08005064   Section        0  tasks.o(i.pvTaskIncrementMutexHeldCount)
    i.pxPortInitialiseStack                  0x08005084   Section        0  port.o(i.pxPortInitialiseStack)
    i.uart_init                              0x080050a8   Section        0  usart.o(i.uart_init)
    i.uxListRemove                           0x0800513c   Section        0  list.o(i.uxListRemove)
    i.uxTaskResetEventItemValue              0x08005164   Section        0  tasks.o(i.uxTaskResetEventItemValue)
    i.vApplicationGetIdleTaskMemory          0x08005180   Section        0  main.o(i.vApplicationGetIdleTaskMemory)
    i.vApplicationGetTimerTaskMemory         0x08005198   Section        0  main.o(i.vApplicationGetTimerTaskMemory)
    i.vListInitialise                        0x080051b0   Section        0  list.o(i.vListInitialise)
    i.vListInitialiseItem                    0x080051ca   Section        0  list.o(i.vListInitialiseItem)
    i.vListInsert                            0x080051d0   Section        0  list.o(i.vListInsert)
    i.vListInsertEnd                         0x08005204   Section        0  list.o(i.vListInsertEnd)
    i.vPortEnterCritical                     0x0800521c   Section        0  port.o(i.vPortEnterCritical)
    i.vPortExitCritical                      0x08005240   Section        0  port.o(i.vPortExitCritical)
    i.vPortFree                              0x08005260   Section        0  heap_4.o(i.vPortFree)
    i.vPortSetupTimerInterrupt               0x080052a8   Section        0  port.o(i.vPortSetupTimerInterrupt)
    i.vQueueAddToRegistry                    0x080052bc   Section        0  queue.o(i.vQueueAddToRegistry)
    i.vQueueWaitForMessageRestricted         0x080052e8   Section        0  queue.o(i.vQueueWaitForMessageRestricted)
    i.vTaskDelay                             0x08005334   Section        0  tasks.o(i.vTaskDelay)
    i.vTaskDelete                            0x08005368   Section        0  tasks.o(i.vTaskDelete)
    i.vTaskMissedYield                       0x08005434   Section        0  tasks.o(i.vTaskMissedYield)
    i.vTaskPlaceOnEventList                  0x08005440   Section        0  tasks.o(i.vTaskPlaceOnEventList)
    i.vTaskPlaceOnEventListRestricted        0x08005460   Section        0  tasks.o(i.vTaskPlaceOnEventListRestricted)
    i.vTaskPlaceOnUnorderedEventList         0x08005488   Section        0  tasks.o(i.vTaskPlaceOnUnorderedEventList)
    i.vTaskPriorityInherit                   0x080054b4   Section        0  tasks.o(i.vTaskPriorityInherit)
    i.vTaskSetTimeOutState                   0x08005564   Section        0  tasks.o(i.vTaskSetTimeOutState)
    i.vTaskStartScheduler                    0x0800557c   Section        0  tasks.o(i.vTaskStartScheduler)
    i.vTaskSuspendAll                        0x08005610   Section        0  tasks.o(i.vTaskSuspendAll)
    i.vTaskSwitchContext                     0x08005620   Section        0  tasks.o(i.vTaskSwitchContext)
    i.xEventGroupCreate                      0x08005680   Section        0  event_groups.o(i.xEventGroupCreate)
    i.xEventGroupSetBits                     0x0800569e   Section        0  event_groups.o(i.xEventGroupSetBits)
    i.xEventGroupWaitBits                    0x08005730   Section        0  event_groups.o(i.xEventGroupWaitBits)
    i.xPortStartScheduler                    0x080057f8   Section        0  port.o(i.xPortStartScheduler)
    i.xPortSysTickHandler                    0x0800582c   Section        0  port.o(i.xPortSysTickHandler)
    i.xQueueGenericCreate                    0x08005860   Section        0  queue.o(i.xQueueGenericCreate)
    i.xQueueGenericCreateStatic              0x0800589e   Section        0  queue.o(i.xQueueGenericCreateStatic)
    i.xQueueGenericReceive                   0x080058cc   Section        0  queue.o(i.xQueueGenericReceive)
    i.xQueueGenericReset                     0x08005a28   Section        0  queue.o(i.xQueueGenericReset)
    i.xQueueGenericSend                      0x08005aa8   Section        0  queue.o(i.xQueueGenericSend)
    i.xQueueGenericSendFromISR               0x08005be0   Section        0  queue.o(i.xQueueGenericSendFromISR)
    i.xQueueGiveFromISR                      0x08005c7c   Section        0  queue.o(i.xQueueGiveFromISR)
    i.xTaskCheckForTimeOut                   0x08005d0c   Section        0  tasks.o(i.xTaskCheckForTimeOut)
    i.xTaskCreate                            0x08005d68   Section        0  tasks.o(i.xTaskCreate)
    i.xTaskCreateStatic                      0x08005dcc   Section        0  tasks.o(i.xTaskCreateStatic)
    i.xTaskGetSchedulerState                 0x08005e1c   Section        0  tasks.o(i.xTaskGetSchedulerState)
    i.xTaskGetTickCount                      0x08005e3c   Section        0  tasks.o(i.xTaskGetTickCount)
    i.xTaskIncrementTick                     0x08005e48   Section        0  tasks.o(i.xTaskIncrementTick)
    i.xTaskPriorityDisinherit                0x08005f64   Section        0  tasks.o(i.xTaskPriorityDisinherit)
    i.xTaskRemoveFromEventList               0x08005fe8   Section        0  tasks.o(i.xTaskRemoveFromEventList)
    i.xTaskRemoveFromUnorderedEventList      0x08006068   Section        0  tasks.o(i.xTaskRemoveFromUnorderedEventList)
    i.xTaskResumeAll                         0x080060d8   Section        0  tasks.o(i.xTaskResumeAll)
    i.xTimerCreateTimerTask                  0x080061c0   Section        0  timers.o(i.xTimerCreateTimerTask)
    i.xTimerGenericCommand                   0x08006220   Section        0  timers.o(i.xTimerGenericCommand)
    .constdata                               0x0800628c   Section      512  wit_c_sdk.o(.constdata)
    __auchCRCHi                              0x0800628c   Data         256  wit_c_sdk.o(.constdata)
    __auchCRCLo                              0x0800638c   Data         256  wit_c_sdk.o(.constdata)
    .data                                    0x20000000   Section       20  stm32f10x_rcc.o(.data)
    APBAHBPrescTable                         0x20000000   Data          16  stm32f10x_rcc.o(.data)
    ADCPrescTable                            0x20000010   Data           4  stm32f10x_rcc.o(.data)
    .data                                    0x20000014   Section      195  main.o(.data)
    AppTaskCreate_Handle                     0x20000024   Data           4  main.o(.data)
    VCU_Brake_Task_Handle                    0x20000028   Data           4  main.o(.data)
    VCU_COMMAND_Task_Handle                  0x2000002c   Data           4  main.o(.data)
    MCU_STATUS1_Task_Handle                  0x20000030   Data           4  main.o(.data)
    MCU_STATUS2_Task_Handle                  0x20000034   Data           4  main.o(.data)
    MCU_STATUS3_Task_Handle                  0x20000038   Data           4  main.o(.data)
    MCU_STATUS4_Task_Handle                  0x2000003c   Data           4  main.o(.data)
    CAN_RX_HANDLE_Task_Handle                0x20000040   Data           4  main.o(.data)
    Wit_Dat_HANDLE_Task_Handle               0x20000044   Data           4  main.o(.data)
    Dangwei_HANDLE_Task_Handle               0x20000048   Data           4  main.o(.data)
    Dangwei_Scan_Task_Handle                 0x2000004c   Data           4  main.o(.data)
    b                                        0x200000d0   Data           1  main.o(.data)
    i                                        0x200000d2   Data           2  main.o(.data)
    a                                        0x200000d4   Data           2  main.o(.data)
    daishi_flag                              0x200000d6   Data           1  main.o(.data)
    .data                                    0x200000d8   Section        4  bsp_delay.o(.data)
    fac_us                                   0x200000d8   Data           1  bsp_delay.o(.data)
    fac_ms                                   0x200000da   Data           2  bsp_delay.o(.data)
    .data                                    0x200000dc   Section       42  wit_c_sdk.o(.data)
    p_WitSerialWriteFunc                     0x200000dc   Data           4  wit_c_sdk.o(.data)
    p_WitI2cWriteFunc                        0x200000e0   Data           4  wit_c_sdk.o(.data)
    p_WitI2cReadFunc                         0x200000e4   Data           4  wit_c_sdk.o(.data)
    p_WitCanWriteFunc                        0x200000e8   Data           4  wit_c_sdk.o(.data)
    p_WitDelaymsFunc                         0x200000ec   Data           4  wit_c_sdk.o(.data)
    s_ucAddr                                 0x200000f4   Data           1  wit_c_sdk.o(.data)
    s_uiWitDataCnt                           0x200000f8   Data           4  wit_c_sdk.o(.data)
    s_uiProtoclo                             0x200000fc   Data           4  wit_c_sdk.o(.data)
    s_uiReadRegIndex                         0x20000100   Data           4  wit_c_sdk.o(.data)
    .data                                    0x20000106   Section        1  dangwei.o(.data)
    key_flag                                 0x20000106   Data           1  dangwei.o(.data)
    .data                                    0x20000108   Section       60  tasks.o(.data)
    pxDelayedTaskList                        0x2000010c   Data           4  tasks.o(.data)
    pxOverflowDelayedTaskList                0x20000110   Data           4  tasks.o(.data)
    uxDeletedTasksWaitingCleanUp             0x20000114   Data           4  tasks.o(.data)
    uxCurrentNumberOfTasks                   0x20000118   Data           4  tasks.o(.data)
    xTickCount                               0x2000011c   Data           4  tasks.o(.data)
    uxTopReadyPriority                       0x20000120   Data           4  tasks.o(.data)
    xSchedulerRunning                        0x20000124   Data           4  tasks.o(.data)
    uxPendedTicks                            0x20000128   Data           4  tasks.o(.data)
    xYieldPending                            0x2000012c   Data           4  tasks.o(.data)
    xNumOfOverflows                          0x20000130   Data           4  tasks.o(.data)
    uxTaskNumber                             0x20000134   Data           4  tasks.o(.data)
    xNextTaskUnblockTime                     0x20000138   Data           4  tasks.o(.data)
    xIdleTaskHandle                          0x2000013c   Data           4  tasks.o(.data)
    uxSchedulerSuspended                     0x20000140   Data           4  tasks.o(.data)
    .data                                    0x20000144   Section       20  timers.o(.data)
    pxCurrentTimerList                       0x20000144   Data           4  timers.o(.data)
    pxOverflowTimerList                      0x20000148   Data           4  timers.o(.data)
    xTimerQueue                              0x2000014c   Data           4  timers.o(.data)
    xTimerTaskHandle                         0x20000150   Data           4  timers.o(.data)
    xLastTime                                0x20000154   Data           4  timers.o(.data)
    .data                                    0x20000158   Section        4  port.o(.data)
    uxCriticalNesting                        0x20000158   Data           4  port.o(.data)
    .data                                    0x2000015c   Section       24  heap_4.o(.data)
    xStart                                   0x2000015c   Data           8  heap_4.o(.data)
    pxEnd                                    0x20000164   Data           4  heap_4.o(.data)
    xFreeBytesRemaining                      0x20000168   Data           4  heap_4.o(.data)
    xMinimumEverFreeBytesRemaining           0x2000016c   Data           4  heap_4.o(.data)
    xBlockAllocatedBit                       0x20000170   Data           4  heap_4.o(.data)
    .data                                    0x20000174   Section        4  stdout.o(.data)
    .bss                                     0x20000178   Section     3568  main.o(.bss)
    Idle_Task_Stack                          0x20000178   Data         512  main.o(.bss)
    Timer_Task_Stack                         0x20000378   Data        1024  main.o(.bss)
    AppTaskCreate_Stack                      0x20000778   Data        1024  main.o(.bss)
    VCU_COMMAND_Task_Stack                   0x20000b78   Data         512  main.o(.bss)
    Idle_Task_TCB                            0x20000d78   Data         108  main.o(.bss)
    Timer_Task_TCB                           0x20000de4   Data         108  main.o(.bss)
    AppTaskCreate_TCB                        0x20000e50   Data         108  main.o(.bss)
    VCU_COMMAND_Task_TCB                     0x20000ebc   Data         108  main.o(.bss)
    .bss                                     0x20000f68   Section      544  wit_c_sdk.o(.bss)
    s_ucWitDataBuff                          0x20000f68   Data         256  wit_c_sdk.o(.bss)
    .bss                                     0x20001188   Section       80  queue.o(.bss)
    .bss                                     0x200011d8   Section      740  tasks.o(.bss)
    pxReadyTasksLists                        0x200011d8   Data         640  tasks.o(.bss)
    xDelayedTaskList1                        0x20001458   Data          20  tasks.o(.bss)
    xDelayedTaskList2                        0x2000146c   Data          20  tasks.o(.bss)
    xPendingReadyList                        0x20001480   Data          20  tasks.o(.bss)
    xTasksWaitingTermination                 0x20001494   Data          20  tasks.o(.bss)
    xSuspendedTaskList                       0x200014a8   Data          20  tasks.o(.bss)
    .bss                                     0x200014bc   Section      284  timers.o(.bss)
    xActiveTimerList1                        0x200014bc   Data          20  timers.o(.bss)
    xActiveTimerList2                        0x200014d0   Data          20  timers.o(.bss)
    xStaticTimerQueue                        0x200014e4   Data          84  timers.o(.bss)
    ucStaticTimerQueueStorage                0x20001538   Data         160  timers.o(.bss)
    .bss                                     0x200015d8   Section    10240  heap_4.o(.bss)
    ucHeap                                   0x200015d8   Data       10240  heap_4.o(.bss)
    STACK                                    0x20003dd8   Section     4096  startup_stm32f10x_hd.o(STACK)

    Global Symbols

    Symbol Name                              Value     Ov Type        Size  Object(Section)

    BuildAttributes$$THM_ISAv4$P$D$K$B$S$PE$A:L22UL41UL21$X:L11$S22US41US21$IEEE1$IW$USESV6$~STKCKD$USESV7$~SHL$OTIME$ROPI$EBA8$MICROLIB$REQ8$PRES8$EABIv2 0x00000000   Number         0  anon$$obj.o ABSOLUTE
    __ARM_use_no_argv                        0x00000000   Number         0  main.o ABSOLUTE
    _printf_a                                0x00000000   Number         0  stubs.o ABSOLUTE
    _printf_c                                0x00000000   Number         0  stubs.o ABSOLUTE
    _printf_charcount                        0x00000000   Number         0  stubs.o ABSOLUTE
    _printf_d                                0x00000000   Number         0  stubs.o ABSOLUTE
    _printf_e                                0x00000000   Number         0  stubs.o ABSOLUTE
    _printf_f                                0x00000000   Number         0  stubs.o ABSOLUTE
    _printf_flags                            0x00000000   Number         0  stubs.o ABSOLUTE
    _printf_fp_dec                           0x00000000   Number         0  stubs.o ABSOLUTE
    _printf_fp_hex                           0x00000000   Number         0  stubs.o ABSOLUTE
    _printf_g                                0x00000000   Number         0  stubs.o ABSOLUTE
    _printf_i                                0x00000000   Number         0  stubs.o ABSOLUTE
    _printf_int_dec                          0x00000000   Number         0  stubs.o ABSOLUTE
    _printf_l                                0x00000000   Number         0  stubs.o ABSOLUTE
    _printf_lc                               0x00000000   Number         0  stubs.o ABSOLUTE
    _printf_ll                               0x00000000   Number         0  stubs.o ABSOLUTE
    _printf_lld                              0x00000000   Number         0  stubs.o ABSOLUTE
    _printf_lli                              0x00000000   Number         0  stubs.o ABSOLUTE
    _printf_llo                              0x00000000   Number         0  stubs.o ABSOLUTE
    _printf_llu                              0x00000000   Number         0  stubs.o ABSOLUTE
    _printf_llx                              0x00000000   Number         0  stubs.o ABSOLUTE
    _printf_longlong_dec                     0x00000000   Number         0  stubs.o ABSOLUTE
    _printf_longlong_hex                     0x00000000   Number         0  stubs.o ABSOLUTE
    _printf_longlong_oct                     0x00000000   Number         0  stubs.o ABSOLUTE
    _printf_ls                               0x00000000   Number         0  stubs.o ABSOLUTE
    _printf_mbtowc                           0x00000000   Number         0  stubs.o ABSOLUTE
    _printf_n                                0x00000000   Number         0  stubs.o ABSOLUTE
    _printf_o                                0x00000000   Number         0  stubs.o ABSOLUTE
    _printf_p                                0x00000000   Number         0  stubs.o ABSOLUTE
    _printf_percent                          0x00000000   Number         0  stubs.o ABSOLUTE
    _printf_pre_padding                      0x00000000   Number         0  stubs.o ABSOLUTE
    _printf_return_value                     0x00000000   Number         0  stubs.o ABSOLUTE
    _printf_s                                0x00000000   Number         0  stubs.o ABSOLUTE
    _printf_sizespec                         0x00000000   Number         0  stubs.o ABSOLUTE
    _printf_str                              0x00000000   Number         0  stubs.o ABSOLUTE
    _printf_truncate_signed                  0x00000000   Number         0  stubs.o ABSOLUTE
    _printf_truncate_unsigned                0x00000000   Number         0  stubs.o ABSOLUTE
    _printf_u                                0x00000000   Number         0  stubs.o ABSOLUTE
    _printf_wc                               0x00000000   Number         0  stubs.o ABSOLUTE
    _printf_wctomb                           0x00000000   Number         0  stubs.o ABSOLUTE
    _printf_widthprec                        0x00000000   Number         0  stubs.o ABSOLUTE
    _printf_x                                0x00000000   Number         0  stubs.o ABSOLUTE
    __arm_fini_                               - Undefined Weak Reference
    __cpp_initialize__aeabi_                  - Undefined Weak Reference
    __cxa_finalize                            - Undefined Weak Reference
    _clock_init                               - Undefined Weak Reference
    _microlib_exit                            - Undefined Weak Reference
    __Vectors_Size                           0x00000130   Number         0  startup_stm32f10x_hd.o ABSOLUTE
    __Vectors                                0x08000000   Data           4  startup_stm32f10x_hd.o(RESET)
    __Vectors_End                            0x08000130   Data           0  startup_stm32f10x_hd.o(RESET)
    __main                                   0x08000131   Thumb Code     0  entry.o(.ARM.Collect$$$$00000000)
    _main_stk                                0x08000131   Thumb Code     0  entry2.o(.ARM.Collect$$$$00000001)
    _main_scatterload                        0x08000135   Thumb Code     0  entry5.o(.ARM.Collect$$$$00000004)
    __main_after_scatterload                 0x08000139   Thumb Code     0  entry5.o(.ARM.Collect$$$$00000004)
    _main_clock                              0x08000139   Thumb Code     0  entry7b.o(.ARM.Collect$$$$00000008)
    _main_cpp_init                           0x08000139   Thumb Code     0  entry8b.o(.ARM.Collect$$$$0000000A)
    _main_init                               0x08000139   Thumb Code     0  entry9a.o(.ARM.Collect$$$$0000000B)
    __rt_lib_shutdown_fini                   0x08000141   Thumb Code     0  entry12b.o(.ARM.Collect$$$$0000000E)
    __rt_final_cpp                           0x08000145   Thumb Code     0  entry10a.o(.ARM.Collect$$$$0000000F)
    __rt_final_exit                          0x08000145   Thumb Code     0  entry11a.o(.ARM.Collect$$$$00000011)
    SVC_Handler                              0x08000149   Thumb Code    32  port.o(.emb_text)
    __asm___6_port_c_39a90d8d__prvStartFirstTask 0x0800016d   Thumb Code    28  port.o(.emb_text)
    PendSV_Handler                           0x0800018d   Thumb Code    72  port.o(.emb_text)
    vPortGetIPSR                             0x080001d9   Thumb Code     6  port.o(.emb_text)
    Reset_Handler                            0x080001e1   Thumb Code     8  startup_stm32f10x_hd.o(.text)
    ADC1_2_IRQHandler                        0x080001fb   Thumb Code     0  startup_stm32f10x_hd.o(.text)
    ADC3_IRQHandler                          0x080001fb   Thumb Code     0  startup_stm32f10x_hd.o(.text)
    CAN1_RX1_IRQHandler                      0x080001fb   Thumb Code     0  startup_stm32f10x_hd.o(.text)
    CAN1_SCE_IRQHandler                      0x080001fb   Thumb Code     0  startup_stm32f10x_hd.o(.text)
    DMA1_Channel1_IRQHandler                 0x080001fb   Thumb Code     0  startup_stm32f10x_hd.o(.text)
    DMA1_Channel2_IRQHandler                 0x080001fb   Thumb Code     0  startup_stm32f10x_hd.o(.text)
    DMA1_Channel3_IRQHandler                 0x080001fb   Thumb Code     0  startup_stm32f10x_hd.o(.text)
    DMA1_Channel4_IRQHandler                 0x080001fb   Thumb Code     0  startup_stm32f10x_hd.o(.text)
    DMA1_Channel5_IRQHandler                 0x080001fb   Thumb Code     0  startup_stm32f10x_hd.o(.text)
    DMA1_Channel6_IRQHandler                 0x080001fb   Thumb Code     0  startup_stm32f10x_hd.o(.text)
    DMA1_Channel7_IRQHandler                 0x080001fb   Thumb Code     0  startup_stm32f10x_hd.o(.text)
    DMA2_Channel1_IRQHandler                 0x080001fb   Thumb Code     0  startup_stm32f10x_hd.o(.text)
    DMA2_Channel2_IRQHandler                 0x080001fb   Thumb Code     0  startup_stm32f10x_hd.o(.text)
    DMA2_Channel3_IRQHandler                 0x080001fb   Thumb Code     0  startup_stm32f10x_hd.o(.text)
    DMA2_Channel4_5_IRQHandler               0x080001fb   Thumb Code     0  startup_stm32f10x_hd.o(.text)
    EXTI0_IRQHandler                         0x080001fb   Thumb Code     0  startup_stm32f10x_hd.o(.text)
    EXTI15_10_IRQHandler                     0x080001fb   Thumb Code     0  startup_stm32f10x_hd.o(.text)
    EXTI1_IRQHandler                         0x080001fb   Thumb Code     0  startup_stm32f10x_hd.o(.text)
    EXTI2_IRQHandler                         0x080001fb   Thumb Code     0  startup_stm32f10x_hd.o(.text)
    EXTI3_IRQHandler                         0x080001fb   Thumb Code     0  startup_stm32f10x_hd.o(.text)
    EXTI4_IRQHandler                         0x080001fb   Thumb Code     0  startup_stm32f10x_hd.o(.text)
    EXTI9_5_IRQHandler                       0x080001fb   Thumb Code     0  startup_stm32f10x_hd.o(.text)
    FLASH_IRQHandler                         0x080001fb   Thumb Code     0  startup_stm32f10x_hd.o(.text)
    FSMC_IRQHandler                          0x080001fb   Thumb Code     0  startup_stm32f10x_hd.o(.text)
    I2C1_ER_IRQHandler                       0x080001fb   Thumb Code     0  startup_stm32f10x_hd.o(.text)
    I2C1_EV_IRQHandler                       0x080001fb   Thumb Code     0  startup_stm32f10x_hd.o(.text)
    I2C2_ER_IRQHandler                       0x080001fb   Thumb Code     0  startup_stm32f10x_hd.o(.text)
    I2C2_EV_IRQHandler                       0x080001fb   Thumb Code     0  startup_stm32f10x_hd.o(.text)
    PVD_IRQHandler                           0x080001fb   Thumb Code     0  startup_stm32f10x_hd.o(.text)
    RCC_IRQHandler                           0x080001fb   Thumb Code     0  startup_stm32f10x_hd.o(.text)
    RTCAlarm_IRQHandler                      0x080001fb   Thumb Code     0  startup_stm32f10x_hd.o(.text)
    RTC_IRQHandler                           0x080001fb   Thumb Code     0  startup_stm32f10x_hd.o(.text)
    SDIO_IRQHandler                          0x080001fb   Thumb Code     0  startup_stm32f10x_hd.o(.text)
    SPI1_IRQHandler                          0x080001fb   Thumb Code     0  startup_stm32f10x_hd.o(.text)
    SPI2_IRQHandler                          0x080001fb   Thumb Code     0  startup_stm32f10x_hd.o(.text)
    SPI3_IRQHandler                          0x080001fb   Thumb Code     0  startup_stm32f10x_hd.o(.text)
    TAMPER_IRQHandler                        0x080001fb   Thumb Code     0  startup_stm32f10x_hd.o(.text)
    TIM1_BRK_IRQHandler                      0x080001fb   Thumb Code     0  startup_stm32f10x_hd.o(.text)
    TIM1_CC_IRQHandler                       0x080001fb   Thumb Code     0  startup_stm32f10x_hd.o(.text)
    TIM1_TRG_COM_IRQHandler                  0x080001fb   Thumb Code     0  startup_stm32f10x_hd.o(.text)
    TIM1_UP_IRQHandler                       0x080001fb   Thumb Code     0  startup_stm32f10x_hd.o(.text)
    TIM2_IRQHandler                          0x080001fb   Thumb Code     0  startup_stm32f10x_hd.o(.text)
    TIM3_IRQHandler                          0x080001fb   Thumb Code     0  startup_stm32f10x_hd.o(.text)
    TIM4_IRQHandler                          0x080001fb   Thumb Code     0  startup_stm32f10x_hd.o(.text)
    TIM5_IRQHandler                          0x080001fb   Thumb Code     0  startup_stm32f10x_hd.o(.text)
    TIM6_IRQHandler                          0x080001fb   Thumb Code     0  startup_stm32f10x_hd.o(.text)
    TIM7_IRQHandler                          0x080001fb   Thumb Code     0  startup_stm32f10x_hd.o(.text)
    TIM8_BRK_IRQHandler                      0x080001fb   Thumb Code     0  startup_stm32f10x_hd.o(.text)
    TIM8_CC_IRQHandler                       0x080001fb   Thumb Code     0  startup_stm32f10x_hd.o(.text)
    TIM8_TRG_COM_IRQHandler                  0x080001fb   Thumb Code     0  startup_stm32f10x_hd.o(.text)
    TIM8_UP_IRQHandler                       0x080001fb   Thumb Code     0  startup_stm32f10x_hd.o(.text)
    UART4_IRQHandler                         0x080001fb   Thumb Code     0  startup_stm32f10x_hd.o(.text)
    UART5_IRQHandler                         0x080001fb   Thumb Code     0  startup_stm32f10x_hd.o(.text)
    USART1_IRQHandler                        0x080001fb   Thumb Code     0  startup_stm32f10x_hd.o(.text)
    USART2_IRQHandler                        0x080001fb   Thumb Code     0  startup_stm32f10x_hd.o(.text)
    USART3_IRQHandler                        0x080001fb   Thumb Code     0  startup_stm32f10x_hd.o(.text)
    USBWakeUp_IRQHandler                     0x080001fb   Thumb Code     0  startup_stm32f10x_hd.o(.text)
    USB_HP_CAN1_TX_IRQHandler                0x080001fb   Thumb Code     0  startup_stm32f10x_hd.o(.text)
    WWDG_IRQHandler                          0x080001fb   Thumb Code     0  startup_stm32f10x_hd.o(.text)
    __aeabi_memcpy                           0x08000205   Thumb Code    36  memcpya.o(.text)
    __aeabi_memcpy4                          0x08000205   Thumb Code     0  memcpya.o(.text)
    __aeabi_memcpy8                          0x08000205   Thumb Code     0  memcpya.o(.text)
    __aeabi_memset                           0x08000229   Thumb Code    14  memseta.o(.text)
    __aeabi_memset4                          0x08000229   Thumb Code     0  memseta.o(.text)
    __aeabi_memset8                          0x08000229   Thumb Code     0  memseta.o(.text)
    __aeabi_memclr                           0x08000237   Thumb Code     4  memseta.o(.text)
    __aeabi_memclr4                          0x08000237   Thumb Code     0  memseta.o(.text)
    __aeabi_memclr8                          0x08000237   Thumb Code     0  memseta.o(.text)
    _memset$wrapper                          0x0800023b   Thumb Code    18  memseta.o(.text)
    __aeabi_fmul                             0x0800024d   Thumb Code   100  fmul.o(.text)
    __aeabi_fdiv                             0x080002b1   Thumb Code   124  fdiv.o(.text)
    __aeabi_dadd                             0x0800032d   Thumb Code   322  dadd.o(.text)
    __aeabi_dsub                             0x0800046f   Thumb Code     6  dadd.o(.text)
    __aeabi_drsub                            0x08000475   Thumb Code     6  dadd.o(.text)
    __aeabi_dmul                             0x0800047b   Thumb Code   228  dmul.o(.text)
    __aeabi_ddiv                             0x0800055f   Thumb Code   222  ddiv.o(.text)
    __aeabi_i2f                              0x0800063d   Thumb Code    18  fflti.o(.text)
    __aeabi_ui2f                             0x0800064f   Thumb Code    10  ffltui.o(.text)
    __aeabi_i2d                              0x08000659   Thumb Code    34  dflti.o(.text)
    __aeabi_ui2d                             0x0800067b   Thumb Code    26  dfltui.o(.text)
    __aeabi_d2iz                             0x08000695   Thumb Code    62  dfixi.o(.text)
    __aeabi_d2uiz                            0x080006d3   Thumb Code    50  dfixui.o(.text)
    __aeabi_f2d                              0x08000705   Thumb Code    38  f2d.o(.text)
    __aeabi_cdcmpeq                          0x0800072d   Thumb Code     0  cdcmple.o(.text)
    __aeabi_cdcmple                          0x0800072d   Thumb Code    48  cdcmple.o(.text)
    __aeabi_cdrcmple                         0x0800075d   Thumb Code    48  cdrcmple.o(.text)
    __aeabi_d2f                              0x0800078d   Thumb Code    56  d2f.o(.text)
    __aeabi_cfrcmple                         0x080007c5   Thumb Code    20  cfrcmple.o(.text)
    __aeabi_uidiv                            0x080007d9   Thumb Code     0  uidiv.o(.text)
    __aeabi_uidivmod                         0x080007d9   Thumb Code    44  uidiv.o(.text)
    __aeabi_uldivmod                         0x08000805   Thumb Code    98  uldiv.o(.text)
    __aeabi_llsl                             0x08000867   Thumb Code    30  llshl.o(.text)
    _ll_shift_l                              0x08000867   Thumb Code     0  llshl.o(.text)
    __aeabi_llsr                             0x08000885   Thumb Code    32  llushr.o(.text)
    _ll_ushift_r                             0x08000885   Thumb Code     0  llushr.o(.text)
    __aeabi_lasr                             0x080008a5   Thumb Code    36  llsshr.o(.text)
    _ll_sshift_r                             0x080008a5   Thumb Code     0  llsshr.o(.text)
    __I$use$fp                               0x080008c9   Thumb Code     0  iusefp.o(.text)
    _float_round                             0x080008c9   Thumb Code    18  fepilogue.o(.text)
    _float_epilogue                          0x080008db   Thumb Code    92  fepilogue.o(.text)
    _double_round                            0x08000937   Thumb Code    30  depilogue.o(.text)
    _double_epilogue                         0x08000955   Thumb Code   156  depilogue.o(.text)
    __aeabi_d2ulz                            0x080009f1   Thumb Code    48  dfixul.o(.text)
    __scatterload                            0x08000a21   Thumb Code    28  init.o(.text)
    __scatterload_rt2                        0x08000a21   Thumb Code     0  init.o(.text)
    __decompress                             0x08000a45   Thumb Code     0  __dczerorl.o(.text)
    __decompress0                            0x08000a45   Thumb Code    58  __dczerorl.o(.text)
    ADC_Cmd                                  0x08000a7f   Thumb Code    22  stm32f10x_adc.o(i.ADC_Cmd)
    ADC_DeInit                               0x08000a95   Thumb Code    78  stm32f10x_adc.o(i.ADC_DeInit)
    ADC_GetCalibrationStatus                 0x08000af1   Thumb Code    20  stm32f10x_adc.o(i.ADC_GetCalibrationStatus)
    ADC_GetConversionValue                   0x08000b05   Thumb Code     8  stm32f10x_adc.o(i.ADC_GetConversionValue)
    ADC_GetFlagStatus                        0x08000b0d   Thumb Code    18  stm32f10x_adc.o(i.ADC_GetFlagStatus)
    ADC_GetResetCalibrationStatus            0x08000b1f   Thumb Code    20  stm32f10x_adc.o(i.ADC_GetResetCalibrationStatus)
    ADC_Init                                 0x08000c25   Thumb Code    70  stm32f10x_adc.o(i.ADC_Init)
    ADC_RegularChannelConfig                 0x08000c75   Thumb Code   184  stm32f10x_adc.o(i.ADC_RegularChannelConfig)
    ADC_ResetCalibration                     0x08000d2d   Thumb Code    10  stm32f10x_adc.o(i.ADC_ResetCalibration)
    ADC_SingleMode_GetAverageValue           0x08000d37   Thumb Code   122  adc.o(i.ADC_SingleMode_GetAverageValue)
    ADC_SoftwareStartConvCmd                 0x08000db1   Thumb Code    22  stm32f10x_adc.o(i.ADC_SoftwareStartConvCmd)
    ADC_StartCalibration                     0x08000dc7   Thumb Code    10  stm32f10x_adc.o(i.ADC_StartCalibration)
    Adc1_Init                                0x08000dd1   Thumb Code   132  adc.o(i.Adc1_Init)
    Adc2_Init                                0x08000e5d   Thumb Code   132  adc.o(i.Adc2_Init)
    BusFault_Handler                         0x0800159d   Thumb Code     4  stm32f10x_it.o(i.BusFault_Handler)
    CAN_ClearITPendingBit                    0x080015a1   Thumb Code   162  stm32f10x_can.o(i.CAN_ClearITPendingBit)
    CAN_Config                               0x08001649   Thumb Code    20  can.o(i.CAN_Config)
    CAN_DeInit                               0x0800165d   Thumb Code    50  stm32f10x_can.o(i.CAN_DeInit)
    CAN_FilterInit                           0x08001695   Thumb Code   258  stm32f10x_can.o(i.CAN_FilterInit)
    CAN_GetITStatus                          0x08001825   Thumb Code   284  stm32f10x_can.o(i.CAN_GetITStatus)
    CAN_ITConfig                             0x08001945   Thumb Code    18  stm32f10x_can.o(i.CAN_ITConfig)
    CAN_Init                                 0x08001957   Thumb Code   276  stm32f10x_can.o(i.CAN_Init)
    CAN_Receive                              0x08001cb1   Thumb Code   240  stm32f10x_can.o(i.CAN_Receive)
    CAN_StructInit                           0x08001da1   Thumb Code    32  stm32f10x_can.o(i.CAN_StructInit)
    CAN_Transmit                             0x08001dc1   Thumb Code   294  stm32f10x_can.o(i.CAN_Transmit)
    CAN_TransmitStatus                       0x08001ee9   Thumb Code   138  stm32f10x_can.o(i.CAN_TransmitStatus)
    Can_Send_Msg                             0x08001f89   Thumb Code   110  can.o(i.Can_Send_Msg)
    CmdProcess                               0x08002011   Thumb Code    76  wit_c_sdk.o(i.CmdProcess)
    CopeWitData                              0x08002091   Thumb Code   226  wit_c_sdk.o(i.CopeWitData)
    DebugMon_Handler                         0x080022d9   Thumb Code     2  stm32f10x_it.o(i.DebugMon_Handler)
    Delay_Init                               0x080022dd   Thumb Code    58  bsp_delay.o(i.Delay_Init)
    GPIO_Init                                0x08002321   Thumb Code   278  stm32f10x_gpio.o(i.GPIO_Init)
    GPIO_ReadInputDataBit                    0x08002437   Thumb Code    18  stm32f10x_gpio.o(i.GPIO_ReadInputDataBit)
    HardFault_Handler                        0x08002449   Thumb Code    10  stm32f10x_it.o(i.HardFault_Handler)
    Key_scan                                 0x08002469   Thumb Code   144  dangwei.o(i.Key_scan)
    MCU_STATUS1_ParseData                    0x080027dd   Thumb Code   158  hgw_protocol.o(i.MCU_STATUS1_ParseData)
    MCU_STATUS2_ParseData                    0x080028fd   Thumb Code    70  hgw_protocol.o(i.MCU_STATUS2_ParseData)
    MCU_STATUS3_ParseData                    0x080029c1   Thumb Code   138  hgw_protocol.o(i.MCU_STATUS3_ParseData)
    MCU_STATUS4_ParseData                    0x08002ad5   Thumb Code   434  hgw_protocol.o(i.MCU_STATUS4_ParseData)
    MemManage_Handler                        0x08002d01   Thumb Code     4  stm32f10x_it.o(i.MemManage_Handler)
    NMI_Handler                              0x08002d05   Thumb Code     2  stm32f10x_it.o(i.NMI_Handler)
    NVIC_Init                                0x08002d09   Thumb Code   100  misc.o(i.NVIC_Init)
    NVIC_PriorityGroupConfig                 0x08002d79   Thumb Code    10  misc.o(i.NVIC_PriorityGroupConfig)
    RCC_ADCCLKConfig                         0x08002d8d   Thumb Code    18  stm32f10x_rcc.o(i.RCC_ADCCLKConfig)
    RCC_APB1PeriphClockCmd                   0x08002da5   Thumb Code    26  stm32f10x_rcc.o(i.RCC_APB1PeriphClockCmd)
    RCC_APB1PeriphResetCmd                   0x08002dc5   Thumb Code    26  stm32f10x_rcc.o(i.RCC_APB1PeriphResetCmd)
    RCC_APB2PeriphClockCmd                   0x08002de5   Thumb Code    26  stm32f10x_rcc.o(i.RCC_APB2PeriphClockCmd)
    RCC_APB2PeriphResetCmd                   0x08002e05   Thumb Code    26  stm32f10x_rcc.o(i.RCC_APB2PeriphResetCmd)
    RCC_GetClocksFreq                        0x08002e25   Thumb Code   192  stm32f10x_rcc.o(i.RCC_GetClocksFreq)
    SensorDataUpdata                         0x08002ef9   Thumb Code   106  wit_c_sdk.o(i.SensorDataUpdata)
    SysTick_CLKSourceConfig                  0x08003051   Thumb Code    40  misc.o(i.SysTick_CLKSourceConfig)
    SysTick_Handler                          0x08003079   Thumb Code    16  stm32f10x_it.o(i.SysTick_Handler)
    SystemInit                               0x08003089   Thumb Code    78  system_stm32f10x.o(i.SystemInit)
    USART_Cmd                                0x080030e9   Thumb Code    24  stm32f10x_usart.o(i.USART_Cmd)
    USART_Init                               0x08003101   Thumb Code   210  stm32f10x_usart.o(i.USART_Init)
    USB_LP_CAN1_RX0_IRQHandler               0x080031d9   Thumb Code   108  can.o(i.USB_LP_CAN1_RX0_IRQHandler)
    UsageFault_Handler                       0x08003255   Thumb Code     4  stm32f10x_it.o(i.UsageFault_Handler)
    VCU_COMMAD2_ParaCheck                    0x08003439   Thumb Code    76  hgw_protocol.o(i.VCU_COMMAD2_ParaCheck)
    VCU_COMMAD_ParaCheck                     0x08003485   Thumb Code   114  hgw_protocol.o(i.VCU_COMMAD_ParaCheck)
    VCU_COMMAND2_SendData_Process            0x080034f7   Thumb Code    82  hgw_protocol.o(i.VCU_COMMAND2_SendData_Process)
    VCU_COMMAND_SendData_Process             0x080035b5   Thumb Code   188  hgw_protocol.o(i.VCU_COMMAND_SendData_Process)
    WitCanDataIn                             0x08003671   Thumb Code    86  wit_c_sdk.o(i.WitCanDataIn)
    WitCanWriteRegister                      0x080036d1   Thumb Code    18  wit_c_sdk.o(i.WitCanWriteRegister)
    WitDelayMsRegister                       0x080036e9   Thumb Code    18  wit_c_sdk.o(i.WitDelayMsRegister)
    WitInit                                  0x08003701   Thumb Code    30  wit_c_sdk.o(i.WitInit)
    WitRegisterCallBack                      0x0800372d   Thumb Code    18  wit_c_sdk.o(i.WitRegisterCallBack)
    WitStartAccCali                          0x08003745   Thumb Code    72  wit_c_sdk.o(i.WitStartAccCali)
    WitStartMagCali                          0x08003795   Thumb Code    72  wit_c_sdk.o(i.WitStartMagCali)
    WitStopMagCali                           0x080037e5   Thumb Code    72  wit_c_sdk.o(i.WitStopMagCali)
    WitWriteReg                              0x08003835   Thumb Code   296  wit_c_sdk.o(i.WitWriteReg)
    Wit_Can_Send_Msg                         0x08003971   Thumb Code    98  can.o(i.Wit_Can_Send_Msg)
    Wit_Delayms                              0x08003bf5   Thumb Code    12  wit_c_sdk.o(i.Wit_Delayms)
    __0printf                                0x08003c01   Thumb Code    22  printfa.o(i.__0printf)
    __1printf                                0x08003c01   Thumb Code     0  printfa.o(i.__0printf)
    __2printf                                0x08003c01   Thumb Code     0  printfa.o(i.__0printf)
    __c89printf                              0x08003c01   Thumb Code     0  printfa.o(i.__0printf)
    printf                                   0x08003c01   Thumb Code     0  printfa.o(i.__0printf)
    __scatterload_copy                       0x08003c59   Thumb Code    14  handlers.o(i.__scatterload_copy)
    __scatterload_null                       0x08003c67   Thumb Code     2  handlers.o(i.__scatterload_null)
    __scatterload_zeroinit                   0x08003c69   Thumb Code    14  handlers.o(i.__scatterload_zeroinit)
    dangwei_gpio_init                        0x08004505   Thumb Code    80  dangwei.o(i.dangwei_gpio_init)
    fputc                                    0x0800455d   Thumb Code    24  usart.o(i.fputc)
    main                                     0x08004579   Thumb Code    64  main.o(i.main)
    pvPortMalloc                             0x08004f95   Thumb Code   188  heap_4.o(i.pvPortMalloc)
    pvTaskIncrementMutexHeldCount            0x08005065   Thumb Code    26  tasks.o(i.pvTaskIncrementMutexHeldCount)
    pxPortInitialiseStack                    0x08005085   Thumb Code    30  port.o(i.pxPortInitialiseStack)
    uart_init                                0x080050a9   Thumb Code   140  usart.o(i.uart_init)
    uxListRemove                             0x0800513d   Thumb Code    40  list.o(i.uxListRemove)
    uxTaskResetEventItemValue                0x08005165   Thumb Code    24  tasks.o(i.uxTaskResetEventItemValue)
    vApplicationGetIdleTaskMemory            0x08005181   Thumb Code    14  main.o(i.vApplicationGetIdleTaskMemory)
    vApplicationGetTimerTaskMemory           0x08005199   Thumb Code    16  main.o(i.vApplicationGetTimerTaskMemory)
    vListInitialise                          0x080051b1   Thumb Code    26  list.o(i.vListInitialise)
    vListInitialiseItem                      0x080051cb   Thumb Code     6  list.o(i.vListInitialiseItem)
    vListInsert                              0x080051d1   Thumb Code    52  list.o(i.vListInsert)
    vListInsertEnd                           0x08005205   Thumb Code    24  list.o(i.vListInsertEnd)
    vPortEnterCritical                       0x0800521d   Thumb Code    30  port.o(i.vPortEnterCritical)
    vPortExitCritical                        0x08005241   Thumb Code    28  port.o(i.vPortExitCritical)
    vPortFree                                0x08005261   Thumb Code    64  heap_4.o(i.vPortFree)
    vPortSetupTimerInterrupt                 0x080052a9   Thumb Code    14  port.o(i.vPortSetupTimerInterrupt)
    vQueueAddToRegistry                      0x080052bd   Thumb Code    38  queue.o(i.vQueueAddToRegistry)
    vQueueWaitForMessageRestricted           0x080052e9   Thumb Code    74  queue.o(i.vQueueWaitForMessageRestricted)
    vTaskDelay                               0x08005335   Thumb Code    46  tasks.o(i.vTaskDelay)
    vTaskDelete                              0x08005369   Thumb Code   166  tasks.o(i.vTaskDelete)
    vTaskMissedYield                         0x08005435   Thumb Code     8  tasks.o(i.vTaskMissedYield)
    vTaskPlaceOnEventList                    0x08005441   Thumb Code    28  tasks.o(i.vTaskPlaceOnEventList)
    vTaskPlaceOnEventListRestricted          0x08005461   Thumb Code    36  tasks.o(i.vTaskPlaceOnEventListRestricted)
    vTaskPlaceOnUnorderedEventList           0x08005489   Thumb Code    40  tasks.o(i.vTaskPlaceOnUnorderedEventList)
    vTaskPriorityInherit                     0x080054b5   Thumb Code   164  tasks.o(i.vTaskPriorityInherit)
    vTaskSetTimeOutState                     0x08005565   Thumb Code    14  tasks.o(i.vTaskSetTimeOutState)
    vTaskStartScheduler                      0x0800557d   Thumb Code   120  tasks.o(i.vTaskStartScheduler)
    vTaskSuspendAll                          0x08005611   Thumb Code    12  tasks.o(i.vTaskSuspendAll)
    vTaskSwitchContext                       0x08005621   Thumb Code    76  tasks.o(i.vTaskSwitchContext)
    xEventGroupCreate                        0x08005681   Thumb Code    30  event_groups.o(i.xEventGroupCreate)
    xEventGroupSetBits                       0x0800569f   Thumb Code   146  event_groups.o(i.xEventGroupSetBits)
    xEventGroupWaitBits                      0x08005731   Thumb Code   194  event_groups.o(i.xEventGroupWaitBits)
    xPortStartScheduler                      0x080057f9   Thumb Code    42  port.o(i.xPortStartScheduler)
    xPortSysTickHandler                      0x0800582d   Thumb Code    46  port.o(i.xPortSysTickHandler)
    xQueueGenericCreate                      0x08005861   Thumb Code    62  queue.o(i.xQueueGenericCreate)
    xQueueGenericCreateStatic                0x0800589f   Thumb Code    46  queue.o(i.xQueueGenericCreateStatic)
    xQueueGenericReceive                     0x080058cd   Thumb Code   342  queue.o(i.xQueueGenericReceive)
    xQueueGenericReset                       0x08005a29   Thumb Code   122  queue.o(i.xQueueGenericReset)
    xQueueGenericSend                        0x08005aa9   Thumb Code   308  queue.o(i.xQueueGenericSend)
    xQueueGenericSendFromISR                 0x08005be1   Thumb Code   156  queue.o(i.xQueueGenericSendFromISR)
    xQueueGiveFromISR                        0x08005c7d   Thumb Code   142  queue.o(i.xQueueGiveFromISR)
    xTaskCheckForTimeOut                     0x08005d0d   Thumb Code    84  tasks.o(i.xTaskCheckForTimeOut)
    xTaskCreate                              0x08005d69   Thumb Code   100  tasks.o(i.xTaskCreate)
    xTaskCreateStatic                        0x08005dcd   Thumb Code    78  tasks.o(i.xTaskCreateStatic)
    xTaskGetSchedulerState                   0x08005e1d   Thumb Code    24  tasks.o(i.xTaskGetSchedulerState)
    xTaskGetTickCount                        0x08005e3d   Thumb Code     6  tasks.o(i.xTaskGetTickCount)
    xTaskIncrementTick                       0x08005e49   Thumb Code   238  tasks.o(i.xTaskIncrementTick)
    xTaskPriorityDisinherit                  0x08005f65   Thumb Code   122  tasks.o(i.xTaskPriorityDisinherit)
    xTaskRemoveFromEventList                 0x08005fe9   Thumb Code   104  tasks.o(i.xTaskRemoveFromEventList)
    xTaskRemoveFromUnorderedEventList        0x08006069   Thumb Code    94  tasks.o(i.xTaskRemoveFromUnorderedEventList)
    xTaskResumeAll                           0x080060d9   Thumb Code   196  tasks.o(i.xTaskResumeAll)
    xTimerCreateTimerTask                    0x080061c1   Thumb Code    76  timers.o(i.xTimerCreateTimerTask)
    xTimerGenericCommand                     0x08006221   Thumb Code   104  timers.o(i.xTimerGenericCommand)
    Region$$Table$$Base                      0x0800648c   Number         0  anon$$obj.o(Region$$Table)
    Region$$Table$$Limit                     0x080064ac   Number         0  anon$$obj.o(Region$$Table)
    EventGroupHandler                        0x20000014   Data           4  main.o(.data)
    BinarySem1_Handle                        0x20000018   Data           4  main.o(.data)
    BinarySem2_Handle                        0x2000001c   Data           4  main.o(.data)
    BinarySem3_Handle                        0x20000020   Data           4  main.o(.data)
    vcu_cmd2                                 0x20000050   Data           5  main.o(.data)
    Throttle_Signal                          0x20000058   Data           4  main.o(.data)
    Memory_Throttle_Signal                   0x2000005c   Data           4  main.o(.data)
    brake_flag                               0x20000060   Data           1  main.o(.data)
    correct                                  0x20000062   Data           2  main.o(.data)
    Disable_Speed_flag                       0x20000064   Data           1  main.o(.data)
    Gears_flag                               0x20000065   Data           1  main.o(.data)
    Gears_status                             0x20000066   Data           1  main.o(.data)
    VCU_Command_Send                         0x20000067   Data           8  main.o(.data)
    Status1_Buf                              0x2000006f   Data           8  main.o(.data)
    Status2_Buf                              0x20000077   Data           8  main.o(.data)
    Status3_Buf                              0x2000007f   Data           8  main.o(.data)
    Status4_Buf                              0x20000087   Data           8  main.o(.data)
    MCU_Status1_Receive                      0x2000008f   Data           8  main.o(.data)
    MCU_Status2_Receive                      0x20000097   Data           8  main.o(.data)
    MCU_Status3_Receive                      0x2000009f   Data           8  main.o(.data)
    MCU_Status4_Receive                      0x200000a7   Data           8  main.o(.data)
    DBG_Status_Receive                       0x200000af   Data           8  main.o(.data)
    mcu_sta2                                 0x200000b8   Data           8  main.o(.data)
    mcu_sta3                                 0x200000c0   Data           8  main.o(.data)
    mcu_sta4                                 0x200000c8   Data           8  main.o(.data)
    p_WitRegUpdateCbFunc                     0x200000f0   Data           4  wit_c_sdk.o(.data)
    s_cDataUpdate                            0x20000104   Data           1  wit_c_sdk.o(.data)
    s_cCmd                                   0x20000105   Data           1  wit_c_sdk.o(.data)
    pxCurrentTCB                             0x20000108   Data           4  tasks.o(.data)
    __stdout                                 0x20000174   Data           4  stdout.o(.data)
    TxMessage                                0x20000f28   Data          20  main.o(.bss)
    RxMessage                                0x20000f3c   Data          20  main.o(.bss)
    vcu_cmd                                  0x20000f50   Data          12  main.o(.bss)
    mcu_sta1                                 0x20000f5c   Data          12  main.o(.bss)
    sReg                                     0x20001068   Data         288  wit_c_sdk.o(.bss)
    xQueueRegistry                           0x20001188   Data          80  queue.o(.bss)
    __initial_sp                             0x20004dd8   Data           0  startup_stm32f10x_hd.o(STACK)



==============================================================================

Memory Map of the image

  Image Entry point : 0x08000131

  Load Region LR_IROM1 (Base: 0x08000000, Size: 0x00006624, Max: 0x00080000, ABSOLUTE, COMPRESSED[0x000064cc])

    Execution Region ER_IROM1 (Exec base: 0x08000000, Load base: 0x08000000, Size: 0x000064ac, Max: 0x00080000, ABSOLUTE)

    Exec Addr    Load Addr    Size         Type   Attr      Idx    E Section Name        Object

    0x08000000   0x08000000   0x00000130   Data   RO            3    RESET               startup_stm32f10x_hd.o
    0x08000130   0x08000130   0x00000000   Code   RO         4741  * .ARM.Collect$$$$00000000  mc_w.l(entry.o)
    0x08000130   0x08000130   0x00000004   Code   RO         5047    .ARM.Collect$$$$00000001  mc_w.l(entry2.o)
    0x08000134   0x08000134   0x00000004   Code   RO         5050    .ARM.Collect$$$$00000004  mc_w.l(entry5.o)
    0x08000138   0x08000138   0x00000000   Code   RO         5052    .ARM.Collect$$$$00000008  mc_w.l(entry7b.o)
    0x08000138   0x08000138   0x00000000   Code   RO         5054    .ARM.Collect$$$$0000000A  mc_w.l(entry8b.o)
    0x08000138   0x08000138   0x00000008   Code   RO         5055    .ARM.Collect$$$$0000000B  mc_w.l(entry9a.o)
    0x08000140   0x08000140   0x00000004   Code   RO         5062    .ARM.Collect$$$$0000000E  mc_w.l(entry12b.o)
    0x08000144   0x08000144   0x00000000   Code   RO         5057    .ARM.Collect$$$$0000000F  mc_w.l(entry10a.o)
    0x08000144   0x08000144   0x00000000   Code   RO         5059    .ARM.Collect$$$$00000011  mc_w.l(entry11a.o)
    0x08000144   0x08000144   0x00000004   Code   RO         5048    .ARM.Collect$$$$00002712  mc_w.l(entry2.o)
    0x08000148   0x08000148   0x00000096   Code   RO         4621    .emb_text           port.o
    0x080001de   0x080001de   0x00000002   PAD
    0x080001e0   0x080001e0   0x00000024   Code   RO            4    .text               startup_stm32f10x_hd.o
    0x08000204   0x08000204   0x00000024   Code   RO         4744    .text               mc_w.l(memcpya.o)
    0x08000228   0x08000228   0x00000024   Code   RO         4746    .text               mc_w.l(memseta.o)
    0x0800024c   0x0800024c   0x00000064   Code   RO         5015    .text               mf_w.l(fmul.o)
    0x080002b0   0x080002b0   0x0000007c   Code   RO         5017    .text               mf_w.l(fdiv.o)
    0x0800032c   0x0800032c   0x0000014e   Code   RO         5019    .text               mf_w.l(dadd.o)
    0x0800047a   0x0800047a   0x000000e4   Code   RO         5021    .text               mf_w.l(dmul.o)
    0x0800055e   0x0800055e   0x000000de   Code   RO         5023    .text               mf_w.l(ddiv.o)
    0x0800063c   0x0800063c   0x00000012   Code   RO         5025    .text               mf_w.l(fflti.o)
    0x0800064e   0x0800064e   0x0000000a   Code   RO         5027    .text               mf_w.l(ffltui.o)
    0x08000658   0x08000658   0x00000022   Code   RO         5029    .text               mf_w.l(dflti.o)
    0x0800067a   0x0800067a   0x0000001a   Code   RO         5031    .text               mf_w.l(dfltui.o)
    0x08000694   0x08000694   0x0000003e   Code   RO         5033    .text               mf_w.l(dfixi.o)
    0x080006d2   0x080006d2   0x00000032   Code   RO         5035    .text               mf_w.l(dfixui.o)
    0x08000704   0x08000704   0x00000026   Code   RO         5037    .text               mf_w.l(f2d.o)
    0x0800072a   0x0800072a   0x00000002   PAD
    0x0800072c   0x0800072c   0x00000030   Code   RO         5039    .text               mf_w.l(cdcmple.o)
    0x0800075c   0x0800075c   0x00000030   Code   RO         5041    .text               mf_w.l(cdrcmple.o)
    0x0800078c   0x0800078c   0x00000038   Code   RO         5043    .text               mf_w.l(d2f.o)
    0x080007c4   0x080007c4   0x00000014   Code   RO         5045    .text               mf_w.l(cfrcmple.o)
    0x080007d8   0x080007d8   0x0000002c   Code   RO         5064    .text               mc_w.l(uidiv.o)
    0x08000804   0x08000804   0x00000062   Code   RO         5066    .text               mc_w.l(uldiv.o)
    0x08000866   0x08000866   0x0000001e   Code   RO         5068    .text               mc_w.l(llshl.o)
    0x08000884   0x08000884   0x00000020   Code   RO         5070    .text               mc_w.l(llushr.o)
    0x080008a4   0x080008a4   0x00000024   Code   RO         5072    .text               mc_w.l(llsshr.o)
    0x080008c8   0x080008c8   0x00000000   Code   RO         5074    .text               mc_w.l(iusefp.o)
    0x080008c8   0x080008c8   0x0000006e   Code   RO         5075    .text               mf_w.l(fepilogue.o)
    0x08000936   0x08000936   0x000000ba   Code   RO         5077    .text               mf_w.l(depilogue.o)
    0x080009f0   0x080009f0   0x00000030   Code   RO         5079    .text               mf_w.l(dfixul.o)
    0x08000a20   0x08000a20   0x00000024   Code   RO         5081    .text               mc_w.l(init.o)
    0x08000a44   0x08000a44   0x0000003a   Code   RO         5091    .text               mc_w.l(__dczerorl.o)
    0x08000a7e   0x08000a7e   0x00000016   Code   RO          183    i.ADC_Cmd           stm32f10x_adc.o
    0x08000a94   0x08000a94   0x0000005c   Code   RO          185    i.ADC_DeInit        stm32f10x_adc.o
    0x08000af0   0x08000af0   0x00000014   Code   RO          191    i.ADC_GetCalibrationStatus  stm32f10x_adc.o
    0x08000b04   0x08000b04   0x00000008   Code   RO          192    i.ADC_GetConversionValue  stm32f10x_adc.o
    0x08000b0c   0x08000b0c   0x00000012   Code   RO          194    i.ADC_GetFlagStatus  stm32f10x_adc.o
    0x08000b1e   0x08000b1e   0x00000014   Code   RO          197    i.ADC_GetResetCalibrationStatus  stm32f10x_adc.o
    0x08000b32   0x08000b32   0x00000002   PAD
    0x08000b34   0x08000b34   0x000000f0   Code   RO         3108    i.ADC_Get_Throttle_Signal  main.o
    0x08000c24   0x08000c24   0x00000050   Code   RO          201    i.ADC_Init          stm32f10x_adc.o
    0x08000c74   0x08000c74   0x000000b8   Code   RO          205    i.ADC_RegularChannelConfig  stm32f10x_adc.o
    0x08000d2c   0x08000d2c   0x0000000a   Code   RO          206    i.ADC_ResetCalibration  stm32f10x_adc.o
    0x08000d36   0x08000d36   0x0000007a   Code   RO         3392    i.ADC_SingleMode_GetAverageValue  adc.o
    0x08000db0   0x08000db0   0x00000016   Code   RO          208    i.ADC_SoftwareStartConvCmd  stm32f10x_adc.o
    0x08000dc6   0x08000dc6   0x0000000a   Code   RO          210    i.ADC_StartCalibration  stm32f10x_adc.o
    0x08000dd0   0x08000dd0   0x0000008c   Code   RO         3393    i.Adc1_Init         adc.o
    0x08000e5c   0x08000e5c   0x0000008c   Code   RO         3394    i.Adc2_Init         adc.o
    0x08000ee8   0x08000ee8   0x00000664   Code   RO         3109    i.AppTaskCreate     main.o
    0x0800154c   0x0800154c   0x00000050   Code   RO         3110    i.BSP_Init          main.o
    0x0800159c   0x0800159c   0x00000004   Code   RO         3281    i.BusFault_Handler  stm32f10x_it.o
    0x080015a0   0x080015a0   0x000000a8   Code   RO          479    i.CAN_ClearITPendingBit  stm32f10x_can.o
    0x08001648   0x08001648   0x00000014   Code   RO         3416    i.CAN_Config        can.o
    0x0800165c   0x0800165c   0x00000038   Code   RO          481    i.CAN_DeInit        stm32f10x_can.o
    0x08001694   0x08001694   0x00000108   Code   RO          483    i.CAN_FilterInit    stm32f10x_can.o
    0x0800179c   0x0800179c   0x00000044   Code   RO         3417    i.CAN_Filter_Config  can.o
    0x080017e0   0x080017e0   0x00000044   Code   RO         3418    i.CAN_GPIO_Config   can.o
    0x08001824   0x08001824   0x00000120   Code   RO          485    i.CAN_GetITStatus   stm32f10x_can.o
    0x08001944   0x08001944   0x00000012   Code   RO          489    i.CAN_ITConfig      stm32f10x_can.o
    0x08001956   0x08001956   0x00000114   Code   RO          490    i.CAN_Init          stm32f10x_can.o
    0x08001a6a   0x08001a6a   0x00000002   PAD
    0x08001a6c   0x08001a6c   0x00000058   Code   RO         3419    i.CAN_Mode_Config   can.o
    0x08001ac4   0x08001ac4   0x00000020   Code   RO         3420    i.CAN_NVIC_Config   can.o
    0x08001ae4   0x08001ae4   0x000001cc   Code   RO         3111    i.CAN_RX_HANDLE     main.o
    0x08001cb0   0x08001cb0   0x000000f0   Code   RO          493    i.CAN_Receive       stm32f10x_can.o
    0x08001da0   0x08001da0   0x00000020   Code   RO          496    i.CAN_StructInit    stm32f10x_can.o
    0x08001dc0   0x08001dc0   0x00000126   Code   RO          498    i.CAN_Transmit      stm32f10x_can.o
    0x08001ee6   0x08001ee6   0x00000002   PAD
    0x08001ee8   0x08001ee8   0x000000a0   Code   RO          499    i.CAN_TransmitStatus  stm32f10x_can.o
    0x08001f88   0x08001f88   0x00000074   Code   RO         3421    i.Can_Send_Msg      can.o
    0x08001ffc   0x08001ffc   0x00000012   Code   RO          501    i.CheckITStatus     stm32f10x_can.o
    0x0800200e   0x0800200e   0x00000002   PAD
    0x08002010   0x08002010   0x00000080   Code   RO         3523    i.CmdProcess        wit_c_sdk.o
    0x08002090   0x08002090   0x000000f0   Code   RO         3524    i.CopeWitData       wit_c_sdk.o
    0x08002180   0x08002180   0x000000cc   Code   RO         3112    i.Dangwei_HANDLE    main.o
    0x0800224c   0x0800224c   0x0000008c   Code   RO         3113    i.Dangwei_Scan      main.o
    0x080022d8   0x080022d8   0x00000002   Code   RO         3282    i.DebugMon_Handler  stm32f10x_it.o
    0x080022da   0x080022da   0x00000002   PAD
    0x080022dc   0x080022dc   0x00000044   Code   RO         3360    i.Delay_Init        bsp_delay.o
    0x08002320   0x08002320   0x00000116   Code   RO         1292    i.GPIO_Init         stm32f10x_gpio.o
    0x08002436   0x08002436   0x00000012   Code   RO         1296    i.GPIO_ReadInputDataBit  stm32f10x_gpio.o
    0x08002448   0x08002448   0x00000020   Code   RO         3283    i.HardFault_Handler  stm32f10x_it.o
    0x08002468   0x08002468   0x0000009c   Code   RO         3710    i.Key_scan          dangwei.o
    0x08002504   0x08002504   0x000002d8   Code   RO         3114    i.LINEAR_SPEED_DEAL  main.o
    0x080027dc   0x080027dc   0x000000a8   Code   RO         3467    i.MCU_STATUS1_ParseData  hgw_protocol.o
    0x08002884   0x08002884   0x00000078   Code   RO         3115    i.MCU_STATUS1_Show  main.o
    0x080028fc   0x080028fc   0x00000046   Code   RO         3468    i.MCU_STATUS2_ParseData  hgw_protocol.o
    0x08002942   0x08002942   0x00000002   PAD
    0x08002944   0x08002944   0x0000007c   Code   RO         3116    i.MCU_STATUS2_Show  main.o
    0x080029c0   0x080029c0   0x00000098   Code   RO         3469    i.MCU_STATUS3_ParseData  hgw_protocol.o
    0x08002a58   0x08002a58   0x0000007c   Code   RO         3117    i.MCU_STATUS3_Show  main.o
    0x08002ad4   0x08002ad4   0x000001b2   Code   RO         3470    i.MCU_STATUS4_ParseData  hgw_protocol.o
    0x08002c86   0x08002c86   0x00000002   PAD
    0x08002c88   0x08002c88   0x00000078   Code   RO         3118    i.MCU_STATUS4_Show  main.o
    0x08002d00   0x08002d00   0x00000004   Code   RO         3284    i.MemManage_Handler  stm32f10x_it.o
    0x08002d04   0x08002d04   0x00000002   Code   RO         3285    i.NMI_Handler       stm32f10x_it.o
    0x08002d06   0x08002d06   0x00000002   PAD
    0x08002d08   0x08002d08   0x00000070   Code   RO          137    i.NVIC_Init         misc.o
    0x08002d78   0x08002d78   0x00000014   Code   RO          138    i.NVIC_PriorityGroupConfig  misc.o
    0x08002d8c   0x08002d8c   0x00000018   Code   RO         1706    i.RCC_ADCCLKConfig  stm32f10x_rcc.o
    0x08002da4   0x08002da4   0x00000020   Code   RO         1708    i.RCC_APB1PeriphClockCmd  stm32f10x_rcc.o
    0x08002dc4   0x08002dc4   0x00000020   Code   RO         1709    i.RCC_APB1PeriphResetCmd  stm32f10x_rcc.o
    0x08002de4   0x08002de4   0x00000020   Code   RO         1710    i.RCC_APB2PeriphClockCmd  stm32f10x_rcc.o
    0x08002e04   0x08002e04   0x00000020   Code   RO         1711    i.RCC_APB2PeriphResetCmd  stm32f10x_rcc.o
    0x08002e24   0x08002e24   0x000000d4   Code   RO         1718    i.RCC_GetClocksFreq  stm32f10x_rcc.o
    0x08002ef8   0x08002ef8   0x00000070   Code   RO         3525    i.SensorDataUpdata  wit_c_sdk.o
    0x08002f68   0x08002f68   0x00000008   Code   RO           24    i.SetSysClock       system_stm32f10x.o
    0x08002f70   0x08002f70   0x000000e0   Code   RO           25    i.SetSysClockTo72   system_stm32f10x.o
    0x08003050   0x08003050   0x00000028   Code   RO          141    i.SysTick_CLKSourceConfig  misc.o
    0x08003078   0x08003078   0x00000010   Code   RO         3286    i.SysTick_Handler   stm32f10x_it.o
    0x08003088   0x08003088   0x00000060   Code   RO           27    i.SystemInit        system_stm32f10x.o
    0x080030e8   0x080030e8   0x00000018   Code   RO         2878    i.USART_Cmd         stm32f10x_usart.o
    0x08003100   0x08003100   0x000000d8   Code   RO         2885    i.USART_Init        stm32f10x_usart.o
    0x080031d8   0x080031d8   0x0000007c   Code   RO         3422    i.USB_LP_CAN1_RX0_IRQHandler  can.o
    0x08003254   0x08003254   0x00000004   Code   RO         3287    i.UsageFault_Handler  stm32f10x_it.o
    0x08003258   0x08003258   0x000001e0   Code   RO         3119    i.VCU_Brake_Task    main.o
    0x08003438   0x08003438   0x0000004c   Code   RO         3471    i.VCU_COMMAD2_ParaCheck  hgw_protocol.o
    0x08003484   0x08003484   0x00000072   Code   RO         3472    i.VCU_COMMAD_ParaCheck  hgw_protocol.o
    0x080034f6   0x080034f6   0x00000052   Code   RO         3473    i.VCU_COMMAND2_SendData_Process  hgw_protocol.o
    0x08003548   0x08003548   0x0000006c   Code   RO         3120    i.VCU_COMMAND_Send  main.o
    0x080035b4   0x080035b4   0x000000bc   Code   RO         3474    i.VCU_COMMAND_SendData_Process  hgw_protocol.o
    0x08003670   0x08003670   0x00000060   Code   RO         3526    i.WitCanDataIn      wit_c_sdk.o
    0x080036d0   0x080036d0   0x00000018   Code   RO         3527    i.WitCanWriteRegister  wit_c_sdk.o
    0x080036e8   0x080036e8   0x00000018   Code   RO         3529    i.WitDelayMsRegister  wit_c_sdk.o
    0x08003700   0x08003700   0x0000002c   Code   RO         3531    i.WitInit           wit_c_sdk.o
    0x0800372c   0x0800372c   0x00000018   Code   RO         3533    i.WitRegisterCallBack  wit_c_sdk.o
    0x08003744   0x08003744   0x00000050   Code   RO         3541    i.WitStartAccCali   wit_c_sdk.o
    0x08003794   0x08003794   0x00000050   Code   RO         3542    i.WitStartMagCali   wit_c_sdk.o
    0x080037e4   0x080037e4   0x00000050   Code   RO         3544    i.WitStopMagCali    wit_c_sdk.o
    0x08003834   0x08003834   0x0000013c   Code   RO         3545    i.WitWriteReg       wit_c_sdk.o
    0x08003970   0x08003970   0x00000068   Code   RO         3423    i.Wit_Can_Send_Msg  can.o
    0x080039d8   0x080039d8   0x0000021c   Code   RO         3121    i.Wit_Dat_HANDLE    main.o
    0x08003bf4   0x08003bf4   0x0000000c   Code   RO         3546    i.Wit_Delayms       wit_c_sdk.o
    0x08003c00   0x08003c00   0x00000020   Code   RO         4987    i.__0printf         mc_w.l(printfa.o)
    0x08003c20   0x08003c20   0x00000038   Code   RO         3547    i.__CRC16           wit_c_sdk.o
    0x08003c58   0x08003c58   0x0000000e   Code   RO         5085    i.__scatterload_copy  mc_w.l(handlers.o)
    0x08003c66   0x08003c66   0x00000002   Code   RO         5086    i.__scatterload_null  mc_w.l(handlers.o)
    0x08003c68   0x08003c68   0x0000000e   Code   RO         5087    i.__scatterload_zeroinit  mc_w.l(handlers.o)
    0x08003c76   0x08003c76   0x00000002   PAD
    0x08003c78   0x08003c78   0x00000184   Code   RO         4994    i._fp_digits        mc_w.l(printfa.o)
    0x08003dfc   0x08003dfc   0x000006b4   Code   RO         4995    i._printf_core      mc_w.l(printfa.o)
    0x080044b0   0x080044b0   0x00000024   Code   RO         4996    i._printf_post_padding  mc_w.l(printfa.o)
    0x080044d4   0x080044d4   0x0000002e   Code   RO         4997    i._printf_pre_padding  mc_w.l(printfa.o)
    0x08004502   0x08004502   0x00000002   PAD
    0x08004504   0x08004504   0x00000058   Code   RO         3711    i.dangwei_gpio_init  dangwei.o
    0x0800455c   0x0800455c   0x0000001c   Code   RO         3332    i.fputc             usart.o
    0x08004578   0x08004578   0x0000008c   Code   RO         3122    i.main              main.o
    0x08004604   0x08004604   0x00000098   Code   RO         4115    i.prvAddCurrentTaskToDelayedList  tasks.o
    0x0800469c   0x0800469c   0x000000b8   Code   RO         4116    i.prvAddNewTaskToReadyList  tasks.o
    0x08004754   0x08004754   0x00000074   Code   RO         4485    i.prvCheckForValidListAndQueue  timers.o
    0x080047c8   0x080047c8   0x00000064   Code   RO         4117    i.prvCheckTasksWaitingTermination  tasks.o
    0x0800482c   0x0800482c   0x0000002a   Code   RO         3888    i.prvCopyDataFromQueue  queue.o
    0x08004856   0x08004856   0x0000007c   Code   RO         3889    i.prvCopyDataToQueue  queue.o
    0x080048d2   0x080048d2   0x00000028   Code   RO         4118    i.prvDeleteTCB      tasks.o
    0x080048fa   0x080048fa   0x00000002   PAD
    0x080048fc   0x080048fc   0x00000028   Code   RO         4486    i.prvGetNextExpireTime  timers.o
    0x08004924   0x08004924   0x0000007c   Code   RO         4692    i.prvHeapInit       heap_4.o
    0x080049a0   0x080049a0   0x00000028   Code   RO         4119    i.prvIdleTask       tasks.o
    0x080049c8   0x080049c8   0x0000002e   Code   RO         3891    i.prvInitialiseNewQueue  queue.o
    0x080049f6   0x080049f6   0x00000090   Code   RO         4120    i.prvInitialiseNewTask  tasks.o
    0x08004a86   0x08004a86   0x00000002   PAD
    0x08004a88   0x08004a88   0x00000068   Code   RO         4121    i.prvInitialiseTaskLists  tasks.o
    0x08004af0   0x08004af0   0x00000068   Code   RO         4693    i.prvInsertBlockIntoFreeList  heap_4.o
    0x08004b58   0x08004b58   0x00000058   Code   RO         4488    i.prvInsertTimerInActiveList  timers.o
    0x08004bb0   0x08004bb0   0x0000001a   Code   RO         3892    i.prvIsQueueEmpty   queue.o
    0x08004bca   0x08004bca   0x0000001e   Code   RO         3893    i.prvIsQueueFull    queue.o
    0x08004be8   0x08004be8   0x00000052   Code   RO         3894    i.prvNotifyQueueSetContainer  queue.o
    0x08004c3a   0x08004c3a   0x00000002   PAD
    0x08004c3c   0x08004c3c   0x0000004c   Code   RO         4489    i.prvProcessExpiredTimer  timers.o
    0x08004c88   0x08004c88   0x000000d4   Code   RO         4490    i.prvProcessReceivedCommands  timers.o
    0x08004d5c   0x08004d5c   0x00000074   Code   RO         4491    i.prvProcessTimerOrBlockTask  timers.o
    0x08004dd0   0x08004dd0   0x00000034   Code   RO         4123    i.prvResetNextTaskUnblockTime  tasks.o
    0x08004e04   0x08004e04   0x0000002c   Code   RO         4492    i.prvSampleTimeNow  timers.o
    0x08004e30   0x08004e30   0x00000084   Code   RO         4493    i.prvSwitchTimerLists  timers.o
    0x08004eb4   0x08004eb4   0x00000016   Code   RO         4622    i.prvTaskExitError  port.o
    0x08004eca   0x08004eca   0x0000001e   Code   RO         3738    i.prvTestWaitCondition  event_groups.o
    0x08004ee8   0x08004ee8   0x0000001a   Code   RO         4494    i.prvTimerTask      timers.o
    0x08004f02   0x08004f02   0x00000092   Code   RO         3895    i.prvUnlockQueue    queue.o
    0x08004f94   0x08004f94   0x000000d0   Code   RO         4694    i.pvPortMalloc      heap_4.o
    0x08005064   0x08005064   0x00000020   Code   RO         4127    i.pvTaskIncrementMutexHeldCount  tasks.o
    0x08005084   0x08005084   0x00000024   Code   RO         4623    i.pxPortInitialiseStack  port.o
    0x080050a8   0x080050a8   0x00000094   Code   RO         3333    i.uart_init         usart.o
    0x0800513c   0x0800513c   0x00000028   Code   RO         3851    i.uxListRemove      list.o
    0x08005164   0x08005164   0x0000001c   Code   RO         4134    i.uxTaskResetEventItemValue  tasks.o
    0x08005180   0x08005180   0x00000018   Code   RO         3123    i.vApplicationGetIdleTaskMemory  main.o
    0x08005198   0x08005198   0x00000018   Code   RO         3124    i.vApplicationGetTimerTaskMemory  main.o
    0x080051b0   0x080051b0   0x0000001a   Code   RO         3852    i.vListInitialise   list.o
    0x080051ca   0x080051ca   0x00000006   Code   RO         3853    i.vListInitialiseItem  list.o
    0x080051d0   0x080051d0   0x00000034   Code   RO         3854    i.vListInsert       list.o
    0x08005204   0x08005204   0x00000018   Code   RO         3855    i.vListInsertEnd    list.o
    0x0800521c   0x0800521c   0x00000024   Code   RO         4625    i.vPortEnterCritical  port.o
    0x08005240   0x08005240   0x00000020   Code   RO         4626    i.vPortExitCritical  port.o
    0x08005260   0x08005260   0x00000048   Code   RO         4695    i.vPortFree         heap_4.o
    0x080052a8   0x080052a8   0x00000014   Code   RO         4627    i.vPortSetupTimerInterrupt  port.o
    0x080052bc   0x080052bc   0x0000002c   Code   RO         3901    i.vQueueAddToRegistry  queue.o
    0x080052e8   0x080052e8   0x0000004a   Code   RO         3905    i.vQueueWaitForMessageRestricted  queue.o
    0x08005332   0x08005332   0x00000002   PAD
    0x08005334   0x08005334   0x00000034   Code   RO         4135    i.vTaskDelay        tasks.o
    0x08005368   0x08005368   0x000000cc   Code   RO         4137    i.vTaskDelete       tasks.o
    0x08005434   0x08005434   0x0000000c   Code   RO         4141    i.vTaskMissedYield  tasks.o
    0x08005440   0x08005440   0x00000020   Code   RO         4143    i.vTaskPlaceOnEventList  tasks.o
    0x08005460   0x08005460   0x00000028   Code   RO         4144    i.vTaskPlaceOnEventListRestricted  tasks.o
    0x08005488   0x08005488   0x0000002c   Code   RO         4145    i.vTaskPlaceOnUnorderedEventList  tasks.o
    0x080054b4   0x080054b4   0x000000b0   Code   RO         4146    i.vTaskPriorityInherit  tasks.o
    0x08005564   0x08005564   0x00000018   Code   RO         4150    i.vTaskSetTimeOutState  tasks.o
    0x0800557c   0x0800557c   0x00000094   Code   RO         4151    i.vTaskStartScheduler  tasks.o
    0x08005610   0x08005610   0x00000010   Code   RO         4153    i.vTaskSuspendAll   tasks.o
    0x08005620   0x08005620   0x00000060   Code   RO         4154    i.vTaskSwitchContext  tasks.o
    0x08005680   0x08005680   0x0000001e   Code   RO         3745    i.xEventGroupCreate  event_groups.o
    0x0800569e   0x0800569e   0x00000092   Code   RO         3748    i.xEventGroupSetBits  event_groups.o
    0x08005730   0x08005730   0x000000c8   Code   RO         3751    i.xEventGroupWaitBits  event_groups.o
    0x080057f8   0x080057f8   0x00000034   Code   RO         4628    i.xPortStartScheduler  port.o
    0x0800582c   0x0800582c   0x00000034   Code   RO         4629    i.xPortSysTickHandler  port.o
    0x08005860   0x08005860   0x0000003e   Code   RO         3910    i.xQueueGenericCreate  queue.o
    0x0800589e   0x0800589e   0x0000002e   Code   RO         3911    i.xQueueGenericCreateStatic  queue.o
    0x080058cc   0x080058cc   0x0000015c   Code   RO         3912    i.xQueueGenericReceive  queue.o
    0x08005a28   0x08005a28   0x00000080   Code   RO         3913    i.xQueueGenericReset  queue.o
    0x08005aa8   0x08005aa8   0x00000138   Code   RO         3914    i.xQueueGenericSend  queue.o
    0x08005be0   0x08005be0   0x0000009c   Code   RO         3915    i.xQueueGenericSendFromISR  queue.o
    0x08005c7c   0x08005c7c   0x0000008e   Code   RO         3916    i.xQueueGiveFromISR  queue.o
    0x08005d0a   0x08005d0a   0x00000002   PAD
    0x08005d0c   0x08005d0c   0x0000005c   Code   RO         4155    i.xTaskCheckForTimeOut  tasks.o
    0x08005d68   0x08005d68   0x00000064   Code   RO         4156    i.xTaskCreate       tasks.o
    0x08005dcc   0x08005dcc   0x0000004e   Code   RO         4157    i.xTaskCreateStatic  tasks.o
    0x08005e1a   0x08005e1a   0x00000002   PAD
    0x08005e1c   0x08005e1c   0x00000020   Code   RO         4161    i.xTaskGetSchedulerState  tasks.o
    0x08005e3c   0x08005e3c   0x0000000c   Code   RO         4162    i.xTaskGetTickCount  tasks.o
    0x08005e48   0x08005e48   0x0000011c   Code   RO         4164    i.xTaskIncrementTick  tasks.o
    0x08005f64   0x08005f64   0x00000084   Code   RO         4167    i.xTaskPriorityDisinherit  tasks.o
    0x08005fe8   0x08005fe8   0x00000080   Code   RO         4168    i.xTaskRemoveFromEventList  tasks.o
    0x08006068   0x08006068   0x00000070   Code   RO         4169    i.xTaskRemoveFromUnorderedEventList  tasks.o
    0x080060d8   0x080060d8   0x000000e8   Code   RO         4170    i.xTaskResumeAll    tasks.o
    0x080061c0   0x080061c0   0x00000060   Code   RO         4499    i.xTimerCreateTimerTask  timers.o
    0x08006220   0x08006220   0x0000006c   Code   RO         4500    i.xTimerGenericCommand  timers.o
    0x0800628c   0x0800628c   0x00000200   Data   RO         3550    .constdata          wit_c_sdk.o
    0x0800648c   0x0800648c   0x00000020   Data   RO         5083    Region$$Table       anon$$obj.o


    Execution Region RW_IRAM1 (Exec base: 0x20000000, Load base: 0x080064ac, Size: 0x00004dd8, Max: 0x00010000, ABSOLUTE, COMPRESSED[0x00000020])

    Exec Addr    Load Addr    Size         Type   Attr      Idx    E Section Name        Object

    0x20000000   COMPRESSED   0x00000014   Data   RW         1738    .data               stm32f10x_rcc.o
    0x20000014   COMPRESSED   0x000000c3   Data   RW         3126    .data               main.o
    0x200000d7   COMPRESSED   0x00000001   PAD
    0x200000d8   COMPRESSED   0x00000004   Data   RW         3364    .data               bsp_delay.o
    0x200000dc   COMPRESSED   0x0000002a   Data   RW         3551    .data               wit_c_sdk.o
    0x20000106   COMPRESSED   0x00000001   Data   RW         3712    .data               dangwei.o
    0x20000107   COMPRESSED   0x00000001   PAD
    0x20000108   COMPRESSED   0x0000003c   Data   RW         4173    .data               tasks.o
    0x20000144   COMPRESSED   0x00000014   Data   RW         4508    .data               timers.o
    0x20000158   COMPRESSED   0x00000004   Data   RW         4630    .data               port.o
    0x2000015c   COMPRESSED   0x00000018   Data   RW         4700    .data               heap_4.o
    0x20000174   COMPRESSED   0x00000004   Data   RW         5063    .data               mc_w.l(stdout.o)
    0x20000178        -       0x00000df0   Zero   RW         3125    .bss                main.o
    0x20000f68        -       0x00000220   Zero   RW         3549    .bss                wit_c_sdk.o
    0x20001188        -       0x00000050   Zero   RW         3924    .bss                queue.o
    0x200011d8        -       0x000002e4   Zero   RW         4172    .bss                tasks.o
    0x200014bc        -       0x0000011c   Zero   RW         4507    .bss                timers.o
    0x200015d8        -       0x00002800   Zero   RW         4699    .bss                heap_4.o
    0x20003dd8        -       0x00001000   Zero   RW            1    STACK               startup_stm32f10x_hd.o


==============================================================================

Image component sizes


      Code (inc. data)   RO Data    RW Data    ZI Data      Debug   Object Name

       402         16          0          0          0       2357   adc.o
        68         10          0          4          0        829   bsp_delay.o
       620         42          0          0          0       5150   can.o
         0          0          0          0          0       4540   core_cm3.o
       244         20          0          1          0       1171   dangwei.o
       406          6          0          0          0      21263   event_groups.o
       508         62          0         24      10240       3923   heap_4.o
      1284         24          0          0          0       5986   hgw_protocol.o
       148          0          0          0          0       3254   list.o
      5292       1752          0        195       3568      44104   main.o
       172         22          0          0          0       2297   misc.o
       400         50          0          4          0       9060   port.o
      1808         22          0          0         80      15309   queue.o
        36          8        304          0       4096        868   startup_stm32f10x_hd.o
       486         24          0          0          0       9274   stm32f10x_adc.o
      1814         44          0          0          0       8845   stm32f10x_can.o
       296          0          0          0          0       2768   stm32f10x_gpio.o
        64         22          0          0          0       3183   stm32f10x_it.o
       364         50          0         20          0       6559   stm32f10x_rcc.o
       240          6          0          0          0       3029   stm32f10x_usart.o
       328         28          0          0          0     247713   system_stm32f10x.o
      2922        422          0         60        740      39424   tasks.o
      1054        122          0         20        284       9135   timers.o
       176         12          0          0          0       2488   usart.o
      1316        182        512         42        544      11378   wit_c_sdk.o

    ----------------------------------------------------------------------
     20478       2946        848        372      19552     463907   Object Totals
         0          0         32          0          0          0   (incl. Generated)
        30          0          0          2          0          0   (incl. Padding)

    ----------------------------------------------------------------------

      Code (inc. data)   RO Data    RW Data    ZI Data      Debug   Library Member Name

        58          0          0          0          0          0   __dczerorl.o
         0          0          0          0          0          0   entry.o
         0          0          0          0          0          0   entry10a.o
         0          0          0          0          0          0   entry11a.o
         4          0          0          0          0          0   entry12b.o
         8          4          0          0          0          0   entry2.o
         4          0          0          0          0          0   entry5.o
         0          0          0          0          0          0   entry7b.o
         0          0          0          0          0          0   entry8b.o
         8          4          0          0          0          0   entry9a.o
        30          0          0          0          0          0   handlers.o
        36          8          0          0          0         68   init.o
         0          0          0          0          0          0   iusefp.o
        30          0          0          0          0         68   llshl.o
        36          0          0          0          0         68   llsshr.o
        32          0          0          0          0         68   llushr.o
        36          0          0          0          0         68   memcpya.o
        36          0          0          0          0        108   memseta.o
      2218         90          0          0          0        464   printfa.o
         0          0          0          4          0          0   stdout.o
        44          0          0          0          0         80   uidiv.o
        98          0          0          0          0         92   uldiv.o
        48          0          0          0          0         68   cdcmple.o
        48          0          0          0          0         68   cdrcmple.o
        20          0          0          0          0         68   cfrcmple.o
        56          0          0          0          0         88   d2f.o
       334          0          0          0          0        148   dadd.o
       222          0          0          0          0        100   ddiv.o
       186          0          0          0          0        176   depilogue.o
        62          0          0          0          0         80   dfixi.o
        50          0          0          0          0         76   dfixui.o
        48          0          0          0          0         68   dfixul.o
        34          0          0          0          0         76   dflti.o
        26          0          0          0          0         76   dfltui.o
       228          0          0          0          0         96   dmul.o
        38          0          0          0          0         68   f2d.o
       124          0          0          0          0         88   fdiv.o
       110          0          0          0          0        168   fepilogue.o
        18          0          0          0          0         68   fflti.o
        10          0          0          0          0         68   ffltui.o
       100          0          0          0          0         76   fmul.o

    ----------------------------------------------------------------------
      4446        106          0          4          0       2808   Library Totals
         6          0          0          0          0          0   (incl. Padding)

    ----------------------------------------------------------------------

      Code (inc. data)   RO Data    RW Data    ZI Data      Debug   Library Name

      2678        106          0          4          0       1084   mc_w.l
      1762          0          0          0          0       1724   mf_w.l

    ----------------------------------------------------------------------
      4446        106          0          4          0       2808   Library Totals

    ----------------------------------------------------------------------

==============================================================================


      Code (inc. data)   RO Data    RW Data    ZI Data      Debug   

     24924       3052        848        376      19552     456287   Grand Totals
     24924       3052        848         32      19552     456287   ELF Image Totals (compressed)
     24924       3052        848         32          0          0   ROM Totals

==============================================================================

    Total RO  Size (Code + RO Data)                25772 (  25.17kB)
    Total RW  Size (RW Data + ZI Data)             19928 (  19.46kB)
    Total ROM Size (Code + RO Data + RW Data)      25804 (  25.20kB)

==============================================================================

